Archive member included to satisfy reference by file (symbol)

C:/ST/STM32CubeIDE_1.19.0/STM32CubeIDE/plugins/com.st.stm32cube.ide.mcu.externaltools.gnu-tools-for-stm32.13.3.rel1.win32_1.0.0.202411081344/tools/bin/../lib/gcc/arm-none-eabi/13.3.1/../../../../arm-none-eabi/lib/thumb/v7e-m+fp/hard\libc_nano.a(libc_a-exit.o)
                              C:/ST/STM32CubeIDE_1.19.0/STM32CubeIDE/plugins/com.st.stm32cube.ide.mcu.externaltools.gnu-tools-for-stm32.13.3.rel1.win32_1.0.0.202411081344/tools/bin/../lib/gcc/arm-none-eabi/13.3.1/../../../../arm-none-eabi/lib/thumb/v7e-m+fp/hard/crt0.o (exit)
C:/ST/STM32CubeIDE_1.19.0/STM32CubeIDE/plugins/com.st.stm32cube.ide.mcu.externaltools.gnu-tools-for-stm32.13.3.rel1.win32_1.0.0.202411081344/tools/bin/../lib/gcc/arm-none-eabi/13.3.1/../../../../arm-none-eabi/lib/thumb/v7e-m+fp/hard\libc_nano.a(libc_a-findfp.o)
                              C:/ST/STM32CubeIDE_1.19.0/STM32CubeIDE/plugins/com.st.stm32cube.ide.mcu.externaltools.gnu-tools-for-stm32.13.3.rel1.win32_1.0.0.202411081344/tools/bin/../lib/gcc/arm-none-eabi/13.3.1/../../../../arm-none-eabi/lib/thumb/v7e-m+fp/hard\libc_nano.a(libc_a-exit.o) (__stdio_exit_handler)
C:/ST/STM32CubeIDE_1.19.0/STM32CubeIDE/plugins/com.st.stm32cube.ide.mcu.externaltools.gnu-tools-for-stm32.13.3.rel1.win32_1.0.0.202411081344/tools/bin/../lib/gcc/arm-none-eabi/13.3.1/../../../../arm-none-eabi/lib/thumb/v7e-m+fp/hard\libc_nano.a(libc_a-fwalk.o)
                              C:/ST/STM32CubeIDE_1.19.0/STM32CubeIDE/plugins/com.st.stm32cube.ide.mcu.externaltools.gnu-tools-for-stm32.13.3.rel1.win32_1.0.0.202411081344/tools/bin/../lib/gcc/arm-none-eabi/13.3.1/../../../../arm-none-eabi/lib/thumb/v7e-m+fp/hard\libc_nano.a(libc_a-findfp.o) (_fwalk_sglue)
C:/ST/STM32CubeIDE_1.19.0/STM32CubeIDE/plugins/com.st.stm32cube.ide.mcu.externaltools.gnu-tools-for-stm32.13.3.rel1.win32_1.0.0.202411081344/tools/bin/../lib/gcc/arm-none-eabi/13.3.1/../../../../arm-none-eabi/lib/thumb/v7e-m+fp/hard\libc_nano.a(libc_a-stdio.o)
                              C:/ST/STM32CubeIDE_1.19.0/STM32CubeIDE/plugins/com.st.stm32cube.ide.mcu.externaltools.gnu-tools-for-stm32.13.3.rel1.win32_1.0.0.202411081344/tools/bin/../lib/gcc/arm-none-eabi/13.3.1/../../../../arm-none-eabi/lib/thumb/v7e-m+fp/hard\libc_nano.a(libc_a-findfp.o) (__sread)
C:/ST/STM32CubeIDE_1.19.0/STM32CubeIDE/plugins/com.st.stm32cube.ide.mcu.externaltools.gnu-tools-for-stm32.13.3.rel1.win32_1.0.0.202411081344/tools/bin/../lib/gcc/arm-none-eabi/13.3.1/../../../../arm-none-eabi/lib/thumb/v7e-m+fp/hard\libc_nano.a(libc_a-memset.o)
                              C:/ST/STM32CubeIDE_1.19.0/STM32CubeIDE/plugins/com.st.stm32cube.ide.mcu.externaltools.gnu-tools-for-stm32.13.3.rel1.win32_1.0.0.202411081344/tools/bin/../lib/gcc/arm-none-eabi/13.3.1/../../../../arm-none-eabi/lib/thumb/v7e-m+fp/hard/crt0.o (memset)
C:/ST/STM32CubeIDE_1.19.0/STM32CubeIDE/plugins/com.st.stm32cube.ide.mcu.externaltools.gnu-tools-for-stm32.13.3.rel1.win32_1.0.0.202411081344/tools/bin/../lib/gcc/arm-none-eabi/13.3.1/../../../../arm-none-eabi/lib/thumb/v7e-m+fp/hard\libc_nano.a(libc_a-closer.o)
                              C:/ST/STM32CubeIDE_1.19.0/STM32CubeIDE/plugins/com.st.stm32cube.ide.mcu.externaltools.gnu-tools-for-stm32.13.3.rel1.win32_1.0.0.202411081344/tools/bin/../lib/gcc/arm-none-eabi/13.3.1/../../../../arm-none-eabi/lib/thumb/v7e-m+fp/hard\libc_nano.a(libc_a-stdio.o) (_close_r)
C:/ST/STM32CubeIDE_1.19.0/STM32CubeIDE/plugins/com.st.stm32cube.ide.mcu.externaltools.gnu-tools-for-stm32.13.3.rel1.win32_1.0.0.202411081344/tools/bin/../lib/gcc/arm-none-eabi/13.3.1/../../../../arm-none-eabi/lib/thumb/v7e-m+fp/hard\libc_nano.a(libc_a-reent.o)
                              C:/ST/STM32CubeIDE_1.19.0/STM32CubeIDE/plugins/com.st.stm32cube.ide.mcu.externaltools.gnu-tools-for-stm32.13.3.rel1.win32_1.0.0.202411081344/tools/bin/../lib/gcc/arm-none-eabi/13.3.1/../../../../arm-none-eabi/lib/thumb/v7e-m+fp/hard\libc_nano.a(libc_a-closer.o) (errno)
C:/ST/STM32CubeIDE_1.19.0/STM32CubeIDE/plugins/com.st.stm32cube.ide.mcu.externaltools.gnu-tools-for-stm32.13.3.rel1.win32_1.0.0.202411081344/tools/bin/../lib/gcc/arm-none-eabi/13.3.1/../../../../arm-none-eabi/lib/thumb/v7e-m+fp/hard\libc_nano.a(libc_a-impure.o)
                              C:/ST/STM32CubeIDE_1.19.0/STM32CubeIDE/plugins/com.st.stm32cube.ide.mcu.externaltools.gnu-tools-for-stm32.13.3.rel1.win32_1.0.0.202411081344/tools/bin/../lib/gcc/arm-none-eabi/13.3.1/../../../../arm-none-eabi/lib/thumb/v7e-m+fp/hard\libc_nano.a(libc_a-reent.o) (_impure_ptr)
C:/ST/STM32CubeIDE_1.19.0/STM32CubeIDE/plugins/com.st.stm32cube.ide.mcu.externaltools.gnu-tools-for-stm32.13.3.rel1.win32_1.0.0.202411081344/tools/bin/../lib/gcc/arm-none-eabi/13.3.1/../../../../arm-none-eabi/lib/thumb/v7e-m+fp/hard\libc_nano.a(libc_a-lseekr.o)
[...]
Memory Configuration

Name             Origin             Length             Attributes
RAM              0x20004000         0x00014000         xrw
FLASH            0x08010000         0x00051000         xr
*default*        0x00000000         0xffffffff

Linker script and memory map

LOAD C:/ST/STM32CubeIDE_1.19.0/STM32CubeIDE/plugins/com.st.stm32cube.ide.mcu.externaltools.gnu-tools-for-stm32.13.3.rel1.win32_1.0.0.202411081344/tools/bin/../lib/gcc/arm-none-eabi/13.3.1/thumb/v7e-m+fp/hard/crti.o
LOAD C:/ST/STM32CubeIDE_1.19.0/STM32CubeIDE/plugins/com.st.stm32cube.ide.mcu.externaltools.gnu-tools-for-stm32.13.3.rel1.win32_1.0.0.202411081344/tools/bin/../lib/gcc/arm-none-eabi/13.3.1/thumb/v7e-m+fp/hard/crtbegin.o
LOAD C:/ST/STM32CubeIDE_1.19.0/STM32CubeIDE/plugins/com.st.stm32cube.ide.mcu.externaltools.gnu-tools-for-stm32.13.3.rel1.win32_1.0.0.202411081344/tools/bin/../lib/gcc/arm-none-eabi/13.3.1/../../../../arm-none-eabi/lib/thumb/v7e-m+fp/hard/crt0.o
LOAD ./Core/Src/main.o
LOAD ./Core/Src/stm32f4xx_hal_msp.o
LOAD ./Core/Src/stm32f4xx_it.o
LOAD ./Core/Src/syscalls.o
LOAD ./Core/Src/sysmem.o
LOAD ./Core/Src/system_stm32f4xx.o
LOAD ./Core/Startup/startup_stm32f401cdux.o
LOAD ./Drivers/STM32F4xx_HAL_Driver/Src/stm32f4xx_hal.o
LOAD ./Drivers/STM32F4xx_HAL_Driver/Src/stm32f4xx_hal_cortex.o
LOAD ./Drivers/STM32F4xx_HAL_Driver/Src/stm32f4xx_hal_dma.o
LOAD ./Drivers/STM32F4xx_HAL_Driver/Src/stm32f4xx_hal_dma_ex.o
LOAD ./Drivers/STM32F4xx_HAL_Driver/Src/stm32f4xx_hal_exti.o
LOAD ./Drivers/STM32F4xx_HAL_Driver/Src/stm32f4xx_hal_flash.o
LOAD ./Drivers/STM32F4xx_HAL_Driver/Src/stm32f4xx_hal_flash_ex.o
LOAD ./Drivers/STM32F4xx_HAL_Driver/Src/stm32f4xx_hal_flash_ramfunc.o
LOAD ./Drivers/STM32F4xx_HAL_Driver/Src/stm32f4xx_hal_gpio.o
LOAD ./Drivers/STM32F4xx_HAL_Driver/Src/stm32f4xx_hal_pcd.o
LOAD ./Drivers/STM32F4xx_HAL_Driver/Src/stm32f4xx_hal_pcd_ex.o
LOAD ./Drivers/STM32F4xx_HAL_Driver/Src/stm32f4xx_hal_pwr.o
LOAD ./Drivers/STM32F4xx_HAL_Driver/Src/stm32f4xx_hal_pwr_ex.o
LOAD ./Drivers/STM32F4xx_HAL_Driver/Src/stm32f4xx_hal_rcc.o
LOAD ./Drivers/STM32F4xx_HAL_Driver/Src/stm32f4xx_hal_rcc_ex.o
LOAD ./Drivers/STM32F4xx_HAL_Driver/Src/stm32f4xx_ll_usb.o
LOAD ./Middlewares/ST/STM32_USB_Device_Library/Class/CDC/Src/usbd_cdc.o
LOAD ./Middlewares/ST/STM32_USB_Device_Library/Core/Src/usbd_core.o
LOAD ./Middlewares/ST/STM32_USB_Device_Library/Core/Src/usbd_ctlreq.o
LOAD ./Middlewares/ST/STM32_USB_Device_Library/Core/Src/usbd_ioreq.o
LOAD ./USB_DEVICE/App/usb_device.o
LOAD ./USB_DEVICE/App/usbd_cdc_if.o
LOAD ./USB_DEVICE/App/usbd_desc.o
LOAD ./USB_DEVICE/Target/usbd_conf.o
START GROUP
LOAD C:/ST/STM32CubeIDE_1.19.0/STM32CubeIDE/plugins/com.st.stm32cube.ide.mcu.externaltools.gnu-tools-for-stm32.13.3.rel1.win32_1.0.0.202411081344/tools/bin/../lib/gcc/arm-none-eabi/13.3.1/../../../../arm-none-eabi/lib/thumb/v7e-m+fp/hard\libc_nano.a
LOAD C:/ST/STM32CubeIDE_1.19.0/STM32CubeIDE/plugins/com.st.stm32cube.ide.mcu.externaltools.gnu-tools-for-stm32.13.3.rel1.win32_1.0.0.202411081344/tools/bin/../lib/gcc/arm-none-eabi/13.3.1/../../../../arm-none-eabi/lib/thumb/v7e-m+fp/hard\libm.a
END GROUP
START GROUP
LOAD C:/ST/STM32CubeIDE_1.19.0/STM32CubeIDE/plugins/com.st.stm32cube.ide.mcu.externaltools.gnu-tools-for-stm32.13.3.rel1.win32_1.0.0.202411081344/tools/bin/../lib/gcc/arm-none-eabi/13.3.1/thumb/v7e-m+fp/hard\libgcc.a
LOAD C:/ST/STM32CubeIDE_1.19.0/STM32CubeIDE/plugins/com.st.stm32cube.ide.mcu.externaltools.gnu-tools-for-stm32.13.3.rel1.win32_1.0.0.202411081344/tools/bin/../lib/gcc/arm-none-eabi/13.3.1/../../../../arm-none-eabi/lib/thumb/v7e-m+fp/hard\libc_nano.a
END GROUP
START GROUP
LOAD C:/ST/STM32CubeIDE_1.19.0/STM32CubeIDE/plugins/com.st.stm32cube.ide.mcu.externaltools.gnu-tools-for-stm32.13.3.rel1.win32_1.0.0.202411081344/tools/bin/../lib/gcc/arm-none-eabi/13.3.1/thumb/v7e-m+fp/hard\libgcc.a
LOAD C:/ST/STM32CubeIDE_1.19.0/STM32CubeIDE/plugins/com.st.stm32cube.ide.mcu.externaltools.gnu-tools-for-stm32.13.3.rel1.win32_1.0.0.202411081344/tools/bin/../lib/gcc/arm-none-eabi/13.3.1/../../../../arm-none-eabi/lib/thumb/v7e-m+fp/hard\libc_nano.a
LOAD C:/ST/STM32CubeIDE_1.19.0/STM32CubeIDE/plugins/com.st.stm32cube.ide.mcu.externaltools.gnu-tools-for-stm32.13.3.rel1.win32_1.0.0.202411081344/tools/bin/../lib/gcc/arm-none-eabi/13.3.1/../../../../arm-none-eabi/lib/thumb/v7e-m+fp/hard\libnosys.a
END GROUP
START GROUP
LOAD C:/ST/STM32CubeIDE_1.19.0/STM32CubeIDE/plugins/com.st.stm32cube.ide.mcu.externaltools.gnu-tools-for-stm32.13.3.rel1.win32_1.0.0.202411081344/tools/bin/../lib/gcc/arm-none-eabi/13.3.1/thumb/v7e-m+fp/hard\libgcc.a
LOAD C:/ST/STM32CubeIDE_1.19.0/STM32CubeIDE/plugins/com.st.stm32cube.ide.mcu.externaltools.gnu-tools-for-stm32.13.3.rel1.win32_1.0.0.202411081344/tools/bin/../lib/gcc/arm-none-eabi/13.3.1/../../../../arm-none-eabi/lib/thumb/v7e-m+fp/hard\libc_nano.a
LOAD C:/ST/STM32CubeIDE_1.19.0/STM32CubeIDE/plugins/com.st.stm32cube.ide.mcu.externaltools.gnu-tools-for-stm32.13.3.rel1.win32_1.0.0.202411081344/tools/bin/../lib/gcc/arm-none-eabi/13.3.1/../../../../arm-none-eabi/lib/thumb/v7e-m+fp/hard\libnosys.a
END GROUP
LOAD C:/ST/STM32CubeIDE_1.19.0/STM32CubeIDE/plugins/com.st.stm32cube.ide.mcu.externaltools.gnu-tools-for-stm32.13.3.rel1.win32_1.0.0.202411081344/tools/bin/../lib/gcc/arm-none-eabi/13.3.1/thumb/v7e-m+fp/hard/crtend.o
LOAD C:/ST/STM32CubeIDE_1.19.0/STM32CubeIDE/plugins/com.st.stm32cube.ide.mcu.externaltools.gnu-tools-for-stm32.13.3.rel1.win32_1.0.0.202411081344/tools/bin/../lib/gcc/arm-none-eabi/13.3.1/thumb/v7e-m+fp/hard/crtn.o
                0x20018000                        _estack = (ORIGIN (RAM) + LENGTH (RAM))
                0x00000200                        _Min_Heap_Size = 0x200
                0x00000400                        _Min_Stack_Size = 0x400

.isr_vector     0x20004000      0x194 load address 0x08010000
                0x20004000                        . = ALIGN (0x4)
 *(.isr_vector)
 .isr_vector    0x20004000      0x194 ./Core/Startup/startup_stm32f401cdux.o
                0x20004000                g_pfnVectors
                0x20004194                        . = ALIGN (0x4)

.text           0x20004194     0x6b60 load address 0x08010194
                0x20004194                        . = ALIGN (0x4)
 *(.text)
 .text          0x20004194       0x40 C:/ST/STM32CubeIDE_1.19.0/STM32CubeIDE/plugins/com.st.stm32cube.ide.mcu.externaltools.gnu-tools-for-stm32.13.3.rel1.win32_1.0.0.202411081344/tools/bin/../lib/gcc/arm-none-eabi/13.3.1/thumb/v7e-m+fp/hard/crtbegin.o
 .text          0x200041d4       0x30 C:/ST/STM32CubeIDE_1.19.0/STM32CubeIDE/plugins/com.st.stm32cube.ide.mcu.externaltools.gnu-tools-for-stm32.13.3.rel1.win32_1.0.0.202411081344/tools/bin/../lib/gcc/arm-none-eabi/13.3.1/thumb/v7e-m+fp/hard\libgcc.a(_aeabi_uldivmod.o)
                0x200041d4                __aeabi_uldivmod
 .text          0x20004204      0x2f8 C:/ST/STM32CubeIDE_1.19.0/STM32CubeIDE/plugins/com.st.stm32cube.ide.mcu.externaltools.gnu-tools-for-stm32.13.3.rel1.win32_1.0.0.202411081344/tools/bin/../lib/gcc/arm-none-eabi/13.3.1/thumb/v7e-m+fp/hard\libgcc.a(_udivmoddi4.o)
                0x20004204                __udivmoddi4
 .text          0x200044fc        0x4 C:/ST/STM32CubeIDE_1.19.0/STM32CubeIDE/plugins/com.st.stm32cube.ide.mcu.externaltools.gnu-tools-for-stm32.13.3.rel1.win32_1.0.0.202411081344/tools/bin/../lib/gcc/arm-none-eabi/13.3.1/thumb/v7e-m+fp/hard\libgcc.a(_dvmd_tls.o)
                0x200044fc                __aeabi_idiv0
                0x200044fc                __aeabi_ldiv0
 *(.text*)
 .text.main     0x20004500       0x48 ./Core/Src/main.o
                0x20004500                main
 .text.SystemClock_Config
                0x20004548       0xdc ./Core/Src/main.o
                0x20004548                SystemClock_Config
 .text.MX_GPIO_Init
                0x20004624       0xa4 ./Core/Src/main.o
 .text.Error_Handler
                0x200046c8        0xc ./Core/Src/main.o
                0x200046c8                Error_Handler
 .text.HAL_MspInit
                0x200046d4       0x50 ./Core/Src/stm32f4xx_hal_msp.o
                0x200046d4                HAL_MspInit
 .text.NMI_Handler
                0x20004724        0x8 ./Core/Src/stm32f4xx_it.o
                0x20004724                NMI_Handler
 .text.HardFault_Handler
                0x2000472c        0x8 ./Core/Src/stm32f4xx_it.o
                0x2000472c                HardFault_Handler
 .text.MemManage_Handler
                0x20004734        0x8 ./Core/Src/stm32f4xx_it.o
                0x20004734                MemManage_Handler
 .text.BusFault_Handler
                0x2000473c        0x8 ./Core/Src/stm32f4xx_it.o
                0x2000473c                BusFault_Handler
 .text.UsageFault_Handler
                0x20004744        0x8 ./Core/Src/stm32f4xx_it.o
                0x20004744                UsageFault_Handler
 .text.SVC_Handler
                0x2000474c        0xe ./Core/Src/stm32f4xx_it.o
                0x2000474c                SVC_Handler
 .text.DebugMon_Handler
                0x2000475a        0xe ./Core/Src/stm32f4xx_it.o
                0x2000475a                DebugMon_Handler
 .text.PendSV_Handler
                0x20004768        0xe ./Core/Src/stm32f4xx_it.o
                0x20004768                PendSV_Handler
 .text.SysTick_Handler
                0x20004776        0xc ./Core/Src/stm32f4xx_it.o
                0x20004776                SysTick_Handler
 *fill*         0x20004782        0x2 
 .text.OTG_FS_IRQHandler
                0x20004784       0x14 ./Core/Src/stm32f4xx_it.o
                0x20004784                OTG_FS_IRQHandler
 .text.SystemInit
                0x20004798       0x24 ./Core/Src/system_stm32f4xx.o
                0x20004798                SystemInit
 .text.Reset_Handler
                0x200047bc       0x50 ./Core/Startup/startup_stm32f401cdux.o
                0x200047bc                Reset_Handler
 .text.Default_Handler
                0x2000480c        0x2 ./Core/Startup/startup_stm32f401cdux.o
                0x2000480c                RTC_Alarm_IRQHandler
                0x2000480c                EXTI2_IRQHandler
                0x2000480c                SPI4_IRQHandler
                0x2000480c                TIM1_CC_IRQHandler
                0x2000480c                DMA2_Stream5_IRQHandler
                0x2000480c                DMA1_Stream5_IRQHandler
                0x2000480c                PVD_IRQHandler
                0x2000480c                SDIO_IRQHandler
                0x2000480c                TAMP_STAMP_IRQHandler
                0x2000480c                EXTI3_IRQHandler
                0x2000480c                TIM1_UP_TIM10_IRQHandler
                0x2000480c                I2C3_ER_IRQHandler
                0x2000480c                EXTI0_IRQHandler
                0x2000480c                I2C2_EV_IRQHandler
                0x2000480c                DMA1_Stream2_IRQHandler
                0x2000480c                FPU_IRQHandler
                0x2000480c                DMA2_Stream2_IRQHandler
                0x2000480c                SPI1_IRQHandler
                0x2000480c                TIM1_BRK_TIM9_IRQHandler
                0x2000480c                DMA2_Stream3_IRQHandler
                0x2000480c                USART6_IRQHandler
                0x2000480c                DMA2_Stream0_IRQHandler
                0x2000480c                TIM4_IRQHandler
                0x2000480c                I2C1_EV_IRQHandler
                0x2000480c                DMA1_Stream6_IRQHandler
                0x2000480c                DMA1_Stream1_IRQHandler
                0x2000480c                TIM3_IRQHandler
                0x2000480c                RCC_IRQHandler
                0x2000480c                Default_Handler
                0x2000480c                EXTI15_10_IRQHandler
                0x2000480c                ADC_IRQHandler
                0x2000480c                DMA1_Stream7_IRQHandler
                0x2000480c                TIM5_IRQHandler
                0x2000480c                DMA2_Stream7_IRQHandler
                0x2000480c                I2C3_EV_IRQHandler
                0x2000480c                EXTI9_5_IRQHandler
                0x2000480c                RTC_WKUP_IRQHandler
                0x2000480c                SPI2_IRQHandler
                0x2000480c                DMA1_Stream0_IRQHandler
                0x2000480c                EXTI4_IRQHandler
                0x2000480c                WWDG_IRQHandler
                0x2000480c                TIM2_IRQHandler
                0x2000480c                OTG_FS_WKUP_IRQHandler
                0x2000480c                TIM1_TRG_COM_TIM11_IRQHandler
                0x2000480c                EXTI1_IRQHandler
                0x2000480c                USART2_IRQHandler
                0x2000480c                I2C2_ER_IRQHandler
                0x2000480c                DMA2_Stream1_IRQHandler
                0x2000480c                FLASH_IRQHandler
                0x2000480c                DMA2_Stream4_IRQHandler
                0x2000480c                USART1_IRQHandler
                0x2000480c                SPI3_IRQHandler
                0x2000480c                DMA1_Stream4_IRQHandler
                0x2000480c                I2C1_ER_IRQHandler
                0x2000480c                DMA2_Stream6_IRQHandler
                0x2000480c                DMA1_Stream3_IRQHandler
 *fill*         0x2000480e        0x2 
 .text.HAL_Init
                0x20004810       0x44 ./Drivers/STM32F4xx_HAL_Driver/Src/stm32f4xx_hal.o
                0x20004810                HAL_Init
 .text.HAL_InitTick
                0x20004854       0x60 ./Drivers/STM32F4xx_HAL_Driver/Src/stm32f4xx_hal.o
                0x20004854                HAL_InitTick
 .text.HAL_IncTick
                0x200048b4       0x28 ./Drivers/STM32F4xx_HAL_Driver/Src/stm32f4xx_hal.o
                0x200048b4                HAL_IncTick
 .text.HAL_GetTick
                0x200048dc       0x18 ./Drivers/STM32F4xx_HAL_Driver/Src/stm32f4xx_hal.o
                0x200048dc                HAL_GetTick
 .text.HAL_Delay
                0x200048f4       0x48 ./Drivers/STM32F4xx_HAL_Driver/Src/stm32f4xx_hal.o
                0x200048f4                HAL_Delay
 .text.__NVIC_SetPriorityGrouping
                0x2000493c       0x48 ./Drivers/STM32F4xx_HAL_Driver/Src/stm32f4xx_hal_cortex.o
 .text.__NVIC_GetPriorityGrouping
                0x20004984       0x1c ./Drivers/STM32F4xx_HAL_Driver/Src/stm32f4xx_hal_cortex.o
 .text.__NVIC_EnableIRQ
                0x200049a0       0x3c ./Drivers/STM32F4xx_HAL_Driver/Src/stm32f4xx_hal_cortex.o
 .text.__NVIC_SetPriority
                0x200049dc       0x54 ./Drivers/STM32F4xx_HAL_Driver/Src/stm32f4xx_hal_cortex.o
 .text.NVIC_EncodePriority
                0x20004a30       0x66 ./Drivers/STM32F4xx_HAL_Driver/Src/stm32f4xx_hal_cortex.o
 *fill*         0x20004a96        0x2 
 .text.SysTick_Config
                0x20004a98       0x44 ./Drivers/STM32F4xx_HAL_Driver/Src/stm32f4xx_hal_cortex.o
 .text.HAL_NVIC_SetPriorityGrouping
                0x20004adc       0x16 ./Drivers/STM32F4xx_HAL_Driver/Src/stm32f4xx_hal_cortex.o
                0x20004adc                HAL_NVIC_SetPriorityGrouping
 .text.HAL_NVIC_SetPriority
                0x20004af2       0x38 ./Drivers/STM32F4xx_HAL_Driver/Src/stm32f4xx_hal_cortex.o
                0x20004af2                HAL_NVIC_SetPriority
 .text.HAL_NVIC_EnableIRQ
                0x20004b2a       0x1c ./Drivers/STM32F4xx_HAL_Driver/Src/stm32f4xx_hal_cortex.o
                0x20004b2a                HAL_NVIC_EnableIRQ
 .text.HAL_SYSTICK_Config
                0x20004b46       0x18 ./Drivers/STM32F4xx_HAL_Driver/Src/stm32f4xx_hal_cortex.o
                0x20004b46                HAL_SYSTICK_Config
 *fill*         0x20004b5e        0x2 
 .text.HAL_GPIO_Init
                0x20004b60      0x308 ./Drivers/STM32F4xx_HAL_Driver/Src/stm32f4xx_hal_gpio.o
                0x20004b60                HAL_GPIO_Init
 .text.HAL_GPIO_WritePin
                0x20004e68       0x32 ./Drivers/STM32F4xx_HAL_Driver/Src/stm32f4xx_hal_gpio.o
                0x20004e68                HAL_GPIO_WritePin
 .text.HAL_GPIO_TogglePin
                0x20004e9a       0x34 ./Drivers/STM32F4xx_HAL_Driver/Src/stm32f4xx_hal_gpio.o
                0x20004e9a                HAL_GPIO_TogglePin
 .text.HAL_PCD_Init
                0x20004ece      0x21e ./Drivers/STM32F4xx_HAL_Driver/Src/stm32f4xx_hal_pcd.o
                0x20004ece                HAL_PCD_Init
 .text.HAL_PCD_Start
                0x200050ec       0x6a ./Drivers/STM32F4xx_HAL_Driver/Src/stm32f4xx_hal_pcd.o
                0x200050ec                HAL_PCD_Start
 .text.HAL_PCD_IRQHandler
                0x20005156      0x942 ./Drivers/STM32F4xx_HAL_Driver/Src/stm32f4xx_hal_pcd.o
                0x20005156                HAL_PCD_IRQHandler
 .text.HAL_PCD_SetAddress
                0x20005a98       0x48 ./Drivers/STM32F4xx_HAL_Driver/Src/stm32f4xx_hal_pcd.o
                0x20005a98                HAL_PCD_SetAddress
 .text.HAL_PCD_EP_Open
                0x20005ae0       0xd4 ./Drivers/STM32F4xx_HAL_Driver/Src/stm32f4xx_hal_pcd.o
                0x20005ae0                HAL_PCD_EP_Open
 .text.HAL_PCD_EP_Close
                0x20005bb4       0x94 ./Drivers/STM32F4xx_HAL_Driver/Src/stm32f4xx_hal_pcd.o
                0x20005bb4                HAL_PCD_EP_Close
 .text.HAL_PCD_EP_Receive
                0x20005c48       0x76 ./Drivers/STM32F4xx_HAL_Driver/Src/stm32f4xx_hal_pcd.o
                0x20005c48                HAL_PCD_EP_Receive
 .text.HAL_PCD_EP_GetRxCount
                0x20005cbe       0x30 ./Drivers/STM32F4xx_HAL_Driver/Src/stm32f4xx_hal_pcd.o
                0x20005cbe                HAL_PCD_EP_GetRxCount
 .text.HAL_PCD_EP_Transmit
                0x20005cee       0x74 ./Drivers/STM32F4xx_HAL_Driver/Src/stm32f4xx_hal_pcd.o
                0x20005cee                HAL_PCD_EP_Transmit
 .text.HAL_PCD_EP_SetStall
                0x20005d62       0xc6 ./Drivers/STM32F4xx_HAL_Driver/Src/stm32f4xx_hal_pcd.o
                0x20005d62                HAL_PCD_EP_SetStall
 .text.HAL_PCD_EP_ClrStall
                0x20005e28       0xac ./Drivers/STM32F4xx_HAL_Driver/Src/stm32f4xx_hal_pcd.o
                0x20005e28                HAL_PCD_EP_ClrStall
 .text.HAL_PCD_EP_Abort
                0x20005ed4       0x62 ./Drivers/STM32F4xx_HAL_Driver/Src/stm32f4xx_hal_pcd.o
                0x20005ed4                HAL_PCD_EP_Abort
 .text.PCD_WriteEmptyTxFifo
                0x20005f36      0x118 ./Drivers/STM32F4xx_HAL_Driver/Src/stm32f4xx_hal_pcd.o
 *fill*         0x2000604e        0x2 
 .text.PCD_EP_OutXfrComplete_int
                0x20006050      0x1d0 ./Drivers/STM32F4xx_HAL_Driver/Src/stm32f4xx_hal_pcd.o
 .text.PCD_EP_OutSetupPacket_int
                0x20006220       0x8c ./Drivers/STM32F4xx_HAL_Driver/Src/stm32f4xx_hal_pcd.o
 .text.HAL_PCDEx_SetTxFiFo
                0x200062ac       0x8e ./Drivers/STM32F4xx_HAL_Driver/Src/stm32f4xx_hal_pcd_ex.o
                0x200062ac                HAL_PCDEx_SetTxFiFo
 .text.HAL_PCDEx_SetRxFiFo
                0x2000633a       0x22 ./Drivers/STM32F4xx_HAL_Driver/Src/stm32f4xx_hal_pcd_ex.o
                0x2000633a                HAL_PCDEx_SetRxFiFo
 .text.HAL_PCDEx_LPM_Callback
                0x2000635c       0x18 ./Drivers/STM32F4xx_HAL_Driver/Src/stm32f4xx_hal_pcd_ex.o
                0x2000635c                HAL_PCDEx_LPM_Callback
 .text.HAL_RCC_OscConfig
                0x20006374      0x4f0 ./Drivers/STM32F4xx_HAL_Driver/Src/stm32f4xx_hal_rcc.o
                0x20006374                HAL_RCC_OscConfig
 .text.HAL_RCC_ClockConfig
                0x20006864      0x1cc ./Drivers/STM32F4xx_HAL_Driver/Src/stm32f4xx_hal_rcc.o
                0x20006864                HAL_RCC_ClockConfig
 .text.HAL_RCC_GetSysClockFreq
                0x20006a30      0x18c ./Drivers/STM32F4xx_HAL_Driver/Src/stm32f4xx_hal_rcc.o
                0x20006a30                HAL_RCC_GetSysClockFreq
 .text.HAL_RCC_GetHCLKFreq
                0x20006bbc       0x18 ./Drivers/STM32F4xx_HAL_Driver/Src/stm32f4xx_hal_rcc.o
                0x20006bbc                HAL_RCC_GetHCLKFreq
 .text.USB_CoreInit
                0x20006bd4       0xc8 ./Drivers/STM32F4xx_HAL_Driver/Src/stm32f4xx_ll_usb.o
                0x20006bd4                USB_CoreInit
 .text.USB_SetTurnaroundTime
                0x20006c9c      0x144 ./Drivers/STM32F4xx_HAL_Driver/Src/stm32f4xx_ll_usb.o
                0x20006c9c                USB_SetTurnaroundTime
 .text.USB_EnableGlobalInt
                0x20006de0       0x22 ./Drivers/STM32F4xx_HAL_Driver/Src/stm32f4xx_ll_usb.o
                0x20006de0                USB_EnableGlobalInt
 .text.USB_DisableGlobalInt
                0x20006e02       0x22 ./Drivers/STM32F4xx_HAL_Driver/Src/stm32f4xx_ll_usb.o
                0x20006e02                USB_DisableGlobalInt
 .text.USB_SetCurrentMode
                0x20006e24       0x98 ./Drivers/STM32F4xx_HAL_Driver/Src/stm32f4xx_ll_usb.o
                0x20006e24                USB_SetCurrentMode
 .text.USB_DevInit
                0x20006ebc      0x2c8 ./Drivers/STM32F4xx_HAL_Driver/Src/stm32f4xx_ll_usb.o
                0x20006ebc                USB_DevInit
 .text.USB_FlushTxFifo
                0x20007184       0x64 ./Drivers/STM32F4xx_HAL_Driver/Src/stm32f4xx_ll_usb.o
                0x20007184                USB_FlushTxFifo
 .text.USB_FlushRxFifo
                0x200071e8       0x5c ./Drivers/STM32F4xx_HAL_Driver/Src/stm32f4xx_ll_usb.o
                0x200071e8                USB_FlushRxFifo
 .text.USB_SetDevSpeed
                0x20007244       0x32 ./Drivers/STM32F4xx_HAL_Driver/Src/stm32f4xx_ll_usb.o
                0x20007244                USB_SetDevSpeed
 .text.USB_GetDevSpeed
                0x20007276       0x4a ./Drivers/STM32F4xx_HAL_Driver/Src/stm32f4xx_ll_usb.o
                0x20007276                USB_GetDevSpeed
 .text.USB_ActivateEndpoint
                0x200072c0      0x10e ./Drivers/STM32F4xx_HAL_Driver/Src/stm32f4xx_ll_usb.o
                0x200072c0                USB_ActivateEndpoint
 *fill*         0x200073ce        0x2 
 .text.USB_DeactivateEndpoint
                0x200073d0      0x1b8 ./Drivers/STM32F4xx_HAL_Driver/Src/stm32f4xx_ll_usb.o
                0x200073d0                USB_DeactivateEndpoint
 .text.USB_EPStartXfer
                0x20007588      0x53c ./Drivers/STM32F4xx_HAL_Driver/Src/stm32f4xx_ll_usb.o
                0x20007588                USB_EPStartXfer
 .text.USB_EPStopXfer
                0x20007ac4      0x154 ./Drivers/STM32F4xx_HAL_Driver/Src/stm32f4xx_ll_usb.o
                0x20007ac4                USB_EPStopXfer
 .text.USB_WritePacket
                0x20007c18       0x7c ./Drivers/STM32F4xx_HAL_Driver/Src/stm32f4xx_ll_usb.o
                0x20007c18                USB_WritePacket
 .text.USB_ReadPacket
                0x20007c94       0xb0 ./Drivers/STM32F4xx_HAL_Driver/Src/stm32f4xx_ll_usb.o
                0x20007c94                USB_ReadPacket
 .text.USB_EPSetStall
                0x20007d44       0xdc ./Drivers/STM32F4xx_HAL_Driver/Src/stm32f4xx_ll_usb.o
                0x20007d44                USB_EPSetStall
 .text.USB_EPClearStall
                0x20007e20       0xcc ./Drivers/STM32F4xx_HAL_Driver/Src/stm32f4xx_ll_usb.o
                0x20007e20                USB_EPClearStall
 .text.USB_SetDevAddress
                0x20007eec       0x4c ./Drivers/STM32F4xx_HAL_Driver/Src/stm32f4xx_ll_usb.o
                0x20007eec                USB_SetDevAddress
 .text.USB_DevConnect
                0x20007f38       0x42 ./Drivers/STM32F4xx_HAL_Driver/Src/stm32f4xx_ll_usb.o
                0x20007f38                USB_DevConnect
 .text.USB_DevDisconnect
                0x20007f7a       0x42 ./Drivers/STM32F4xx_HAL_Driver/Src/stm32f4xx_ll_usb.o
                0x20007f7a                USB_DevDisconnect
 .text.USB_ReadInterrupts
                0x20007fbc       0x26 ./Drivers/STM32F4xx_HAL_Driver/Src/stm32f4xx_ll_usb.o
                0x20007fbc                USB_ReadInterrupts
 .text.USB_ReadDevAllOutEpInterrupt
                0x20007fe2       0x34 ./Drivers/STM32F4xx_HAL_Driver/Src/stm32f4xx_ll_usb.o
                0x20007fe2                USB_ReadDevAllOutEpInterrupt
 .text.USB_ReadDevAllInEpInterrupt
                0x20008016       0x34 ./Drivers/STM32F4xx_HAL_Driver/Src/stm32f4xx_ll_usb.o
                0x20008016                USB_ReadDevAllInEpInterrupt
 .text.USB_ReadDevOutEPInterrupt
                0x2000804a       0x3c ./Drivers/STM32F4xx_HAL_Driver/Src/stm32f4xx_ll_usb.o
                0x2000804a                USB_ReadDevOutEPInterrupt
 .text.USB_ReadDevInEPInterrupt
                0x20008086       0x5c ./Drivers/STM32F4xx_HAL_Driver/Src/stm32f4xx_ll_usb.o
                0x20008086                USB_ReadDevInEPInterrupt
 .text.USB_GetMode
                0x200080e2       0x1c ./Drivers/STM32F4xx_HAL_Driver/Src/stm32f4xx_ll_usb.o
                0x200080e2                USB_GetMode
 .text.USB_ActivateSetup
                0x200080fe       0x46 ./Drivers/STM32F4xx_HAL_Driver/Src/stm32f4xx_ll_usb.o
                0x200080fe                USB_ActivateSetup
 .text.USB_EP0_OutStart
                0x20008144       0xbc ./Drivers/STM32F4xx_HAL_Driver/Src/stm32f4xx_ll_usb.o
                0x20008144                USB_EP0_OutStart
 .text.USB_CoreReset
                0x20008200       0x70 ./Drivers/STM32F4xx_HAL_Driver/Src/stm32f4xx_ll_usb.o
 .text.USBD_CDC_Init
                0x20008270      0x1f0 ./Middlewares/ST/STM32_USB_Device_Library/Class/CDC/Src/usbd_cdc.o
 .text.USBD_CDC_DeInit
                0x20008460      0x104 ./Middlewares/ST/STM32_USB_Device_Library/Class/CDC/Src/usbd_cdc.o
 .text.USBD_CDC_Setup
                0x20008564      0x1b8 ./Middlewares/ST/STM32_USB_Device_Library/Class/CDC/Src/usbd_cdc.o
 .text.USBD_CDC_DataIn
                0x2000871c       0xfe ./Middlewares/ST/STM32_USB_Device_Library/Class/CDC/Src/usbd_cdc.o
 .text.USBD_CDC_DataOut
                0x2000881a       0x70 ./Middlewares/ST/STM32_USB_Device_Library/Class/CDC/Src/usbd_cdc.o
 .text.USBD_CDC_EP0_RxReady
                0x2000888a       0x74 ./Middlewares/ST/STM32_USB_Device_Library/Class/CDC/Src/usbd_cdc.o
 *fill*         0x200088fe        0x2 
 .text.USBD_CDC_GetFSCfgDesc
                0x20008900       0x70 ./Middlewares/ST/STM32_USB_Device_Library/Class/CDC/Src/usbd_cdc.o
 .text.USBD_CDC_GetHSCfgDesc
                0x20008970       0x70 ./Middlewares/ST/STM32_USB_Device_Library/Class/CDC/Src/usbd_cdc.o
 .text.USBD_CDC_GetOtherSpeedCfgDesc
                0x200089e0       0x70 ./Middlewares/ST/STM32_USB_Device_Library/Class/CDC/Src/usbd_cdc.o
 .text.USBD_CDC_GetDeviceQualifierDescriptor
                0x20008a50       0x20 ./Middlewares/ST/STM32_USB_Device_Library/Class/CDC/Src/usbd_cdc.o
                0x20008a50                USBD_CDC_GetDeviceQualifierDescriptor
 .text.USBD_CDC_RegisterInterface
                0x20008a70       0x34 ./Middlewares/ST/STM32_USB_Device_Library/Class/CDC/Src/usbd_cdc.o
                0x20008a70                USBD_CDC_RegisterInterface
 .text.USBD_CDC_SetTxBuffer
                0x20008aa4       0x44 ./Middlewares/ST/STM32_USB_Device_Library/Class/CDC/Src/usbd_cdc.o
                0x20008aa4                USBD_CDC_SetTxBuffer
 .text.USBD_CDC_SetRxBuffer
                0x20008ae8       0x3a ./Middlewares/ST/STM32_USB_Device_Library/Class/CDC/Src/usbd_cdc.o
                0x20008ae8                USBD_CDC_SetRxBuffer
 *fill*         0x20008b22        0x2 
 .text.USBD_CDC_TransmitPacket
                0x20008b24       0x80 ./Middlewares/ST/STM32_USB_Device_Library/Class/CDC/Src/usbd_cdc.o
                0x20008b24                USBD_CDC_TransmitPacket
 .text.USBD_CDC_ReceivePacket
                0x20008ba4       0x6c ./Middlewares/ST/STM32_USB_Device_Library/Class/CDC/Src/usbd_cdc.o
                0x20008ba4                USBD_CDC_ReceivePacket
 .text.USBD_Init
                0x20008c10       0x60 ./Middlewares/ST/STM32_USB_Device_Library/Core/Src/usbd_core.o
                0x20008c10                USBD_Init
 .text.USBD_RegisterClass
                0x20008c70       0x6c ./Middlewares/ST/STM32_USB_Device_Library/Core/Src/usbd_core.o
                0x20008c70                USBD_RegisterClass
 .text.USBD_Start
                0x20008cdc       0x18 ./Middlewares/ST/STM32_USB_Device_Library/Core/Src/usbd_core.o
                0x20008cdc                USBD_Start
 .text.USBD_RunTestMode
                0x20008cf4       0x16 ./Middlewares/ST/STM32_USB_Device_Library/Core/Src/usbd_core.o
                0x20008cf4                USBD_RunTestMode
 .text.USBD_SetClassConfig
                0x20008d0a       0x38 ./Middlewares/ST/STM32_USB_Device_Library/Core/Src/usbd_core.o
                0x20008d0a                USBD_SetClassConfig
 .text.USBD_ClrClassConfig
                0x20008d42       0x34 ./Middlewares/ST/STM32_USB_Device_Library/Core/Src/usbd_core.o
                0x20008d42                USBD_ClrClassConfig
 .text.USBD_LL_SetupStage
                0x20008d76       0xaa ./Middlewares/ST/STM32_USB_Device_Library/Core/Src/usbd_core.o
                0x20008d76                USBD_LL_SetupStage
 .text.USBD_LL_DataOutStage
                0x20008e20      0x178 ./Middlewares/ST/STM32_USB_Device_Library/Core/Src/usbd_core.o
                0x20008e20                USBD_LL_DataOutStage
 .text.USBD_LL_DataInStage
                0x20008f98      0x176 ./Middlewares/ST/STM32_USB_Device_Library/Core/Src/usbd_core.o
                0x20008f98                USBD_LL_DataInStage
 .text.USBD_LL_Reset
                0x2000910e       0xa6 ./Middlewares/ST/STM32_USB_Device_Library/Core/Src/usbd_core.o
                0x2000910e                USBD_LL_Reset
 .text.USBD_LL_SetSpeed
                0x200091b4       0x20 ./Middlewares/ST/STM32_USB_Device_Library/Core/Src/usbd_core.o
                0x200091b4                USBD_LL_SetSpeed
 .text.USBD_LL_Suspend
                0x200091d4       0x38 ./Middlewares/ST/STM32_USB_Device_Library/Core/Src/usbd_core.o
                0x200091d4                USBD_LL_Suspend
 .text.USBD_LL_Resume
                0x2000920c       0x30 ./Middlewares/ST/STM32_USB_Device_Library/Core/Src/usbd_core.o
                0x2000920c                USBD_LL_Resume
 .text.USBD_LL_SOF
                0x2000923c       0x40 ./Middlewares/ST/STM32_USB_Device_Library/Core/Src/usbd_core.o
                0x2000923c                USBD_LL_SOF
 .text.USBD_LL_IsoINIncomplete
                0x2000927c       0x64 ./Middlewares/ST/STM32_USB_Device_Library/Core/Src/usbd_core.o
                0x2000927c                USBD_LL_IsoINIncomplete
 .text.USBD_LL_IsoOUTIncomplete
                0x200092e0       0x64 ./Middlewares/ST/STM32_USB_Device_Library/Core/Src/usbd_core.o
                0x200092e0                USBD_LL_IsoOUTIncomplete
 .text.USBD_LL_DevConnected
                0x20009344       0x16 ./Middlewares/ST/STM32_USB_Device_Library/Core/Src/usbd_core.o
                0x20009344                USBD_LL_DevConnected
 .text.USBD_LL_DevDisconnected
                0x2000935a       0x46 ./Middlewares/ST/STM32_USB_Device_Library/Core/Src/usbd_core.o
                0x2000935a                USBD_LL_DevDisconnected
 .text.USBD_CoreFindIF
                0x200093a0       0x1a ./Middlewares/ST/STM32_USB_Device_Library/Core/Src/usbd_core.o
                0x200093a0                USBD_CoreFindIF
 .text.USBD_CoreFindEP
                0x200093ba       0x1a ./Middlewares/ST/STM32_USB_Device_Library/Core/Src/usbd_core.o
                0x200093ba                USBD_CoreFindEP
 .text.USBD_GetEpDesc
                0x200093d4       0x70 ./Middlewares/ST/STM32_USB_Device_Library/Core/Src/usbd_core.o
                0x200093d4                USBD_GetEpDesc
 .text.USBD_GetNextDesc
                0x20009444       0x38 ./Middlewares/ST/STM32_USB_Device_Library/Core/Src/usbd_core.o
                0x20009444                USBD_GetNextDesc
 .text.SWAPBYTE
                0x2000947c       0x3e ./Middlewares/ST/STM32_USB_Device_Library/Core/Src/usbd_ctlreq.o
 *fill*         0x200094ba        0x2 
 .text.USBD_StdDevReq
                0x200094bc       0xe4 ./Middlewares/ST/STM32_USB_Device_Library/Core/Src/usbd_ctlreq.o
                0x200094bc                USBD_StdDevReq
 .text.USBD_StdItfReq
                0x200095a0       0xd8 ./Middlewares/ST/STM32_USB_Device_Library/Core/Src/usbd_ctlreq.o
                0x200095a0                USBD_StdItfReq
 .text.USBD_StdEPReq
                0x20009678      0x33e ./Middlewares/ST/STM32_USB_Device_Library/Core/Src/usbd_ctlreq.o
                0x20009678                USBD_StdEPReq
 *fill*         0x200099b6        0x2 
 .text.USBD_GetDescriptor
                0x200099b8      0x2d4 ./Middlewares/ST/STM32_USB_Device_Library/Core/Src/usbd_ctlreq.o
 .text.USBD_SetAddress
                0x20009c8c       0x88 ./Middlewares/ST/STM32_USB_Device_Library/Core/Src/usbd_ctlreq.o
 .text.USBD_SetConfig
                0x20009d14      0x154 ./Middlewares/ST/STM32_USB_Device_Library/Core/Src/usbd_ctlreq.o
 .text.USBD_GetConfig
                0x20009e68       0x6c ./Middlewares/ST/STM32_USB_Device_Library/Core/Src/usbd_ctlreq.o
 .text.USBD_GetStatus
                0x20009ed4       0x68 ./Middlewares/ST/STM32_USB_Device_Library/Core/Src/usbd_ctlreq.o
 .text.USBD_SetFeature
                0x20009f3c       0x52 ./Middlewares/ST/STM32_USB_Device_Library/Core/Src/usbd_ctlreq.o
 .text.USBD_ClrFeature
                0x20009f8e       0x44 ./Middlewares/ST/STM32_USB_Device_Library/Core/Src/usbd_ctlreq.o
 .text.USBD_ParseSetupRequest
                0x20009fd2       0x74 ./Middlewares/ST/STM32_USB_Device_Library/Core/Src/usbd_ctlreq.o
                0x20009fd2                USBD_ParseSetupRequest
 .text.USBD_CtlError
                0x2000a046       0x22 ./Middlewares/ST/STM32_USB_Device_Library/Core/Src/usbd_ctlreq.o
                0x2000a046                USBD_CtlError
 .text.USBD_GetString
                0x2000a068       0xa4 ./Middlewares/ST/STM32_USB_Device_Library/Core/Src/usbd_ctlreq.o
                0x2000a068                USBD_GetString
 .text.USBD_GetLen
                0x2000a10c       0x34 ./Middlewares/ST/STM32_USB_Device_Library/Core/Src/usbd_ctlreq.o
 .text.USBD_CtlSendData
                0x2000a140       0x3c ./Middlewares/ST/STM32_USB_Device_Library/Core/Src/usbd_ioreq.o
                0x2000a140                USBD_CtlSendData
 .text.USBD_CtlContinueSendData
                0x2000a17c       0x22 ./Middlewares/ST/STM32_USB_Device_Library/Core/Src/usbd_ioreq.o
                0x2000a17c                USBD_CtlContinueSendData
 .text.USBD_CtlPrepareRx
                0x2000a19e       0x42 ./Middlewares/ST/STM32_USB_Device_Library/Core/Src/usbd_ioreq.o
                0x2000a19e                USBD_CtlPrepareRx
 .text.USBD_CtlContinueRx
                0x2000a1e0       0x22 ./Middlewares/ST/STM32_USB_Device_Library/Core/Src/usbd_ioreq.o
                0x2000a1e0                USBD_CtlContinueRx
 .text.USBD_CtlSendStatus
                0x2000a202       0x26 ./Middlewares/ST/STM32_USB_Device_Library/Core/Src/usbd_ioreq.o
                0x2000a202                USBD_CtlSendStatus
 .text.USBD_CtlReceiveStatus
                0x2000a228       0x26 ./Middlewares/ST/STM32_USB_Device_Library/Core/Src/usbd_ioreq.o
                0x2000a228                USBD_CtlReceiveStatus
 *fill*         0x2000a24e        0x2 
 .text.MX_USB_DEVICE_Init
                0x2000a250       0x60 ./USB_DEVICE/App/usb_device.o
                0x2000a250                MX_USB_DEVICE_Init
 .text.CDC_Init_FS
                0x2000a2b0       0x28 ./USB_DEVICE/App/usbd_cdc_if.o
 .text.CDC_DeInit_FS
                0x2000a2d8       0x10 ./USB_DEVICE/App/usbd_cdc_if.o
 .text.CDC_Control_FS
                0x2000a2e8       0xbc ./USB_DEVICE/App/usbd_cdc_if.o
 .text.CDC_Receive_FS
                0x2000a3a4       0x28 ./USB_DEVICE/App/usbd_cdc_if.o
 .text.CDC_Transmit_FS
                0x2000a3cc       0x4c ./USB_DEVICE/App/usbd_cdc_if.o
                0x2000a3cc                CDC_Transmit_FS
 .text.CDC_TransmitCplt_FS
                0x2000a418       0x22 ./USB_DEVICE/App/usbd_cdc_if.o
 *fill*         0x2000a43a        0x2 
 .text.USBD_FS_DeviceDescriptor
                0x2000a43c       0x24 ./USB_DEVICE/App/usbd_desc.o
                0x2000a43c                USBD_FS_DeviceDescriptor
 .text.USBD_FS_LangIDStrDescriptor
                0x2000a460       0x24 ./USB_DEVICE/App/usbd_desc.o
                0x2000a460                USBD_FS_LangIDStrDescriptor
 .text.USBD_FS_ProductStrDescriptor
                0x2000a484       0x3c ./USB_DEVICE/App/usbd_desc.o
                0x2000a484                USBD_FS_ProductStrDescriptor
 .text.USBD_FS_ManufacturerStrDescriptor
                0x2000a4c0       0x28 ./USB_DEVICE/App/usbd_desc.o
                0x2000a4c0                USBD_FS_ManufacturerStrDescriptor
 .text.USBD_FS_SerialStrDescriptor
                0x2000a4e8       0x24 ./USB_DEVICE/App/usbd_desc.o
                0x2000a4e8                USBD_FS_SerialStrDescriptor
 .text.USBD_FS_ConfigStrDescriptor
                0x2000a50c       0x3c ./USB_DEVICE/App/usbd_desc.o
                0x2000a50c                USBD_FS_ConfigStrDescriptor
 .text.USBD_FS_InterfaceStrDescriptor
                0x2000a548       0x3c ./USB_DEVICE/App/usbd_desc.o
                0x2000a548                USBD_FS_InterfaceStrDescriptor
 .text.Get_SerialNum
                0x2000a584       0x58 ./USB_DEVICE/App/usbd_desc.o
 .text.IntToUnicode
                0x2000a5dc       0x7e ./USB_DEVICE/App/usbd_desc.o
 *fill*         0x2000a65a        0x2 
 .text.HAL_PCD_MspInit
                0x2000a65c       0xa8 ./USB_DEVICE/Target/usbd_conf.o
                0x2000a65c                HAL_PCD_MspInit
 .text.HAL_PCD_SetupStageCallback
                0x2000a704       0x24 ./USB_DEVICE/Target/usbd_conf.o
                0x2000a704                HAL_PCD_SetupStageCallback
 .text.HAL_PCD_DataOutStageCallback
                0x2000a728       0x36 ./USB_DEVICE/Target/usbd_conf.o
                0x2000a728                HAL_PCD_DataOutStageCallback
 .text.HAL_PCD_DataInStageCallback
                0x2000a75e       0x34 ./USB_DEVICE/Target/usbd_conf.o
                0x2000a75e                HAL_PCD_DataInStageCallback
 .text.HAL_PCD_SOFCallback
                0x2000a792       0x1c ./USB_DEVICE/Target/usbd_conf.o
                0x2000a792                HAL_PCD_SOFCallback
 .text.HAL_PCD_ResetCallback
                0x2000a7ae       0x50 ./USB_DEVICE/Target/usbd_conf.o
                0x2000a7ae                HAL_PCD_ResetCallback
 *fill*         0x2000a7fe        0x2 
 .text.HAL_PCD_SuspendCallback
                0x2000a800       0x4c ./USB_DEVICE/Target/usbd_conf.o
                0x2000a800                HAL_PCD_SuspendCallback
 .text.HAL_PCD_ResumeCallback
                0x2000a84c       0x1c ./USB_DEVICE/Target/usbd_conf.o
                0x2000a84c                HAL_PCD_ResumeCallback
 .text.HAL_PCD_ISOOUTIncompleteCallback
                0x2000a868       0x24 ./USB_DEVICE/Target/usbd_conf.o
                0x2000a868                HAL_PCD_ISOOUTIncompleteCallback
 .text.HAL_PCD_ISOINIncompleteCallback
                0x2000a88c       0x24 ./USB_DEVICE/Target/usbd_conf.o
                0x2000a88c                HAL_PCD_ISOINIncompleteCallback
 .text.HAL_PCD_ConnectCallback
                0x2000a8b0       0x1c ./USB_DEVICE/Target/usbd_conf.o
                0x2000a8b0                HAL_PCD_ConnectCallback
 .text.HAL_PCD_DisconnectCallback
                0x2000a8cc       0x1c ./USB_DEVICE/Target/usbd_conf.o
                0x2000a8cc                HAL_PCD_DisconnectCallback
 .text.USBD_LL_Init
                0x2000a8e8       0x98 ./USB_DEVICE/Target/usbd_conf.o
                0x2000a8e8                USBD_LL_Init
 .text.USBD_LL_Start
                0x2000a980       0x36 ./USB_DEVICE/Target/usbd_conf.o
                0x2000a980                USBD_LL_Start
 .text.USBD_LL_OpenEP
                0x2000a9b6       0x4c ./USB_DEVICE/Target/usbd_conf.o
                0x2000a9b6                USBD_LL_OpenEP
 .text.USBD_LL_CloseEP
                0x2000aa02       0x3e ./USB_DEVICE/Target/usbd_conf.o
                0x2000aa02                USBD_LL_CloseEP
 .text.USBD_LL_StallEP
                0x2000aa40       0x3e ./USB_DEVICE/Target/usbd_conf.o
                0x2000aa40                USBD_LL_StallEP
 .text.USBD_LL_ClearStallEP
                0x2000aa7e       0x3e ./USB_DEVICE/Target/usbd_conf.o
                0x2000aa7e                USBD_LL_ClearStallEP
 .text.USBD_LL_IsStallEP
                0x2000aabc       0x58 ./USB_DEVICE/Target/usbd_conf.o
                0x2000aabc                USBD_LL_IsStallEP
 .text.USBD_LL_SetUSBAddress
                0x2000ab14       0x3e ./USB_DEVICE/Target/usbd_conf.o
                0x2000ab14                USBD_LL_SetUSBAddress
 .text.USBD_LL_Transmit
                0x2000ab52       0x42 ./USB_DEVICE/Target/usbd_conf.o
                0x2000ab52                USBD_LL_Transmit
 .text.USBD_LL_PrepareReceive
                0x2000ab94       0x42 ./USB_DEVICE/Target/usbd_conf.o
                0x2000ab94                USBD_LL_PrepareReceive
 .text.USBD_LL_GetRxDataSize
                0x2000abd6       0x26 ./USB_DEVICE/Target/usbd_conf.o
                0x2000abd6                USBD_LL_GetRxDataSize
 .text.USBD_static_malloc
                0x2000abfc       0x1c ./USB_DEVICE/Target/usbd_conf.o
                0x2000abfc                USBD_static_malloc
 .text.USBD_static_free
                0x2000ac18       0x14 ./USB_DEVICE/Target/usbd_conf.o
                0x2000ac18                USBD_static_free
 .text.USBD_Get_USB_Status
                0x2000ac2c       0x58 ./USB_DEVICE/Target/usbd_conf.o
                0x2000ac2c                USBD_Get_USB_Status
 .text.memset   0x2000ac84       0x10 C:/ST/STM32CubeIDE_1.19.0/STM32CubeIDE/plugins/com.st.stm32cube.ide.mcu.externaltools.gnu-tools-for-stm32.13.3.rel1.win32_1.0.0.202411081344/tools/bin/../lib/gcc/arm-none-eabi/13.3.1/../../../../arm-none-eabi/lib/thumb/v7e-m+fp/hard\libc_nano.a(libc_a-memset.o)
                0x2000ac84                memset
 .text.__libc_init_array
                0x2000ac94       0x48 C:/ST/STM32CubeIDE_1.19.0/STM32CubeIDE/plugins/com.st.stm32cube.ide.mcu.externaltools.gnu-tools-for-stm32.13.3.rel1.win32_1.0.0.202411081344/tools/bin/../lib/gcc/arm-none-eabi/13.3.1/../../../../arm-none-eabi/lib/thumb/v7e-m+fp/hard\libc_nano.a(libc_a-init.o)
                0x2000ac94                __libc_init_array
 *(.glue_7)
 .glue_7        0x2000acdc        0x0 linker stubs
 *(.glue_7t)
 .glue_7t       0x2000acdc        0x0 linker stubs
 *(.eh_frame)
 .eh_frame      0x2000acdc        0x0 C:/ST/STM32CubeIDE_1.19.0/STM32CubeIDE/plugins/com.st.stm32cube.ide.mcu.externaltools.gnu-tools-for-stm32.13.3.rel1.win32_1.0.0.202411081344/tools/bin/../lib/gcc/arm-none-eabi/13.3.1/thumb/v7e-m+fp/hard/crtbegin.o
 *(.init)
 .init          0x2000acdc        0x4 C:/ST/STM32CubeIDE_1.19.0/STM32CubeIDE/plugins/com.st.stm32cube.ide.mcu.externaltools.gnu-tools-for-stm32.13.3.rel1.win32_1.0.0.202411081344/tools/bin/../lib/gcc/arm-none-eabi/13.3.1/thumb/v7e-m+fp/hard/crti.o
                0x2000acdc                _init
 .init          0x2000ace0        0x8 C:/ST/STM32CubeIDE_1.19.0/STM32CubeIDE/plugins/com.st.stm32cube.ide.mcu.externaltools.gnu-tools-for-stm32.13.3.rel1.win32_1.0.0.202411081344/tools/bin/../lib/gcc/arm-none-eabi/13.3.1/thumb/v7e-m+fp/hard/crtn.o
 *(.fini)
 .fini          0x2000ace8        0x4 C:/ST/STM32CubeIDE_1.19.0/STM32CubeIDE/plugins/com.st.stm32cube.ide.mcu.externaltools.gnu-tools-for-stm32.13.3.rel1.win32_1.0.0.202411081344/tools/bin/../lib/gcc/arm-none-eabi/13.3.1/thumb/v7e-m+fp/hard/crti.o
                0x2000ace8                _fini
 .fini          0x2000acec        0x8 C:/ST/STM32CubeIDE_1.19.0/STM32CubeIDE/plugins/com.st.stm32cube.ide.mcu.externaltools.gnu-tools-for-stm32.13.3.rel1.win32_1.0.0.202411081344/tools/bin/../lib/gcc/arm-none-eabi/13.3.1/thumb/v7e-m+fp/hard/crtn.o
                0x2000acf4                        . = ALIGN (0x4)
                0x2000acf4                        _etext = .

.vfp11_veneer   0x2000acf4        0x0 load address 0x08016cf4
 .vfp11_veneer  0x2000acf4        0x0 linker stubs

.v4_bx          0x2000acf4        0x0 load address 0x08016cf4
 .v4_bx         0x2000acf4        0x0 linker stubs

.iplt           0x2000acf4        0x0 load address 0x08016cf4
 .iplt          0x2000acf4        0x0 C:/ST/STM32CubeIDE_1.19.0/STM32CubeIDE/plugins/com.st.stm32cube.ide.mcu.externaltools.gnu-tools-for-stm32.13.3.rel1.win32_1.0.0.202411081344/tools/bin/../lib/gcc/arm-none-eabi/13.3.1/thumb/v7e-m+fp/hard/crtbegin.o

.rodata         0x2000acf4       0x64 load address 0x08016cf4
                0x2000acf4                        . = ALIGN (0x4)
 *(.rodata)
 .rodata        0x2000acf4        0xc ./Core/Src/main.o
 .rodata        0x2000ad00       0x46 ./USB_DEVICE/App/usbd_desc.o
 *(.rodata*)
 *fill*         0x2000ad46        0x2 
 .rodata.AHBPrescTable
                0x2000ad48       0x10 ./Core/Src/system_stm32f4xx.o
                0x2000ad48                AHBPrescTable
                0x2000ad58                        . = ALIGN (0x4)

.ARM.extab      0x2000ad58        0x0 load address 0x08016d58
                0x2000ad58                        . = ALIGN (0x4)
 *(.ARM.extab* .gnu.linkonce.armextab.*)
                0x2000ad58                        . = ALIGN (0x4)

.ARM            0x2000ad58        0x8 load address 0x08016d58
                0x2000ad58                        . = ALIGN (0x4)
                0x2000ad58                        __exidx_start = .
 *(.ARM.exidx*)
 .ARM.exidx     0x2000ad58        0x8 C:/ST/STM32CubeIDE_1.19.0/STM32CubeIDE/plugins/com.st.stm32cube.ide.mcu.externaltools.gnu-tools-for-stm32.13.3.rel1.win32_1.0.0.202411081344/tools/bin/../lib/gcc/arm-none-eabi/13.3.1/thumb/v7e-m+fp/hard\libgcc.a(_udivmoddi4.o)
                0x2000ad60                        __exidx_end = .
                0x2000ad60                        . = ALIGN (0x4)

.preinit_array  0x2000ad60        0x0 load address 0x08016d60
                0x2000ad60                        . = ALIGN (0x4)
                0x2000ad60                        PROVIDE (__preinit_array_start = .)
 *(.preinit_array*)
                0x2000ad60                        PROVIDE (__preinit_array_end = .)
                0x2000ad60                        . = ALIGN (0x4)

.init_array     0x2000ad60        0x4 load address 0x08016d60
                0x2000ad60                        . = ALIGN (0x4)
                0x2000ad60                        PROVIDE (__init_array_start = .)
 *(SORT_BY_NAME(.init_array.*))
 *(.init_array*)
 .init_array    0x2000ad60        0x4 C:/ST/STM32CubeIDE_1.19.0/STM32CubeIDE/plugins/com.st.stm32cube.ide.mcu.externaltools.gnu-tools-for-stm32.13.3.rel1.win32_1.0.0.202411081344/tools/bin/../lib/gcc/arm-none-eabi/13.3.1/thumb/v7e-m+fp/hard/crtbegin.o
                0x2000ad64                        PROVIDE (__init_array_end = .)
                0x2000ad64                        . = ALIGN (0x4)

.fini_array     0x2000ad64        0x4 load address 0x08016d64
                0x2000ad64                        . = ALIGN (0x4)
                [!provide]                        PROVIDE (__fini_array_start = .)
 *(SORT_BY_NAME(.fini_array.*))
 *(.fini_array*)
 .fini_array    0x2000ad64        0x4 C:/ST/STM32CubeIDE_1.19.0/STM32CubeIDE/plugins/com.st.stm32cube.ide.mcu.externaltools.gnu-tools-for-stm32.13.3.rel1.win32_1.0.0.202411081344/tools/bin/../lib/gcc/arm-none-eabi/13.3.1/thumb/v7e-m+fp/hard/crtbegin.o
                [!provide]                        PROVIDE (__fini_array_end = .)
                0x2000ad68                        . = ALIGN (0x4)
                0x08016d68                        _sidata = LOADADDR (.data)

.rel.dyn        0x2000ad68        0x0 load address 0x08016d68
 .rel.iplt      0x2000ad68        0x0 C:/ST/STM32CubeIDE_1.19.0/STM32CubeIDE/plugins/com.st.stm32cube.ide.mcu.externaltools.gnu-tools-for-stm32.13.3.rel1.win32_1.0.0.202411081344/tools/bin/../lib/gcc/arm-none-eabi/13.3.1/thumb/v7e-m+fp/hard/crtbegin.o

.data           0x2000ad68       0xfc load address 0x08016d68
                0x2000ad68                        . = ALIGN (0x4)
                0x2000ad68                        _sdata = .
 *(.data)
 *(.data*)
 .data.SystemCoreClock
                0x2000ad68        0x4 ./Core/Src/system_stm32f4xx.o
                0x2000ad68                SystemCoreClock
 .data.uwTickPrio
                0x2000ad6c        0x4 ./Drivers/STM32F4xx_HAL_Driver/Src/stm32f4xx_hal.o
                0x2000ad6c                uwTickPrio
 .data.uwTickFreq
                0x2000ad70        0x1 ./Drivers/STM32F4xx_HAL_Driver/Src/stm32f4xx_hal.o
                0x2000ad70                uwTickFreq
 *fill*         0x2000ad71        0x3 
 .data.USBD_CDC_DeviceQualifierDesc
                0x2000ad74        0xa ./Middlewares/ST/STM32_USB_Device_Library/Class/CDC/Src/usbd_cdc.o
 *fill*         0x2000ad7e        0x2 
 .data.USBD_CDC
                0x2000ad80       0x38 ./Middlewares/ST/STM32_USB_Device_Library/Class/CDC/Src/usbd_cdc.o
                0x2000ad80                USBD_CDC
 .data.USBD_CDC_CfgDesc
                0x2000adb8       0x43 ./Middlewares/ST/STM32_USB_Device_Library/Class/CDC/Src/usbd_cdc.o
 .data.CDCInEpAdd
                0x2000adfb        0x1 ./Middlewares/ST/STM32_USB_Device_Library/Class/CDC/Src/usbd_cdc.o
 .data.CDCOutEpAdd
                0x2000adfc        0x1 ./Middlewares/ST/STM32_USB_Device_Library/Class/CDC/Src/usbd_cdc.o
 .data.CDCCmdEpAdd
                0x2000adfd        0x1 ./Middlewares/ST/STM32_USB_Device_Library/Class/CDC/Src/usbd_cdc.o
 *fill*         0x2000adfe        0x2 
 .data.USBD_Interface_fops_FS
                0x2000ae00       0x14 ./USB_DEVICE/App/usbd_cdc_if.o
                0x2000ae00                USBD_Interface_fops_FS
 .data.FS_Desc  0x2000ae14       0x1c ./USB_DEVICE/App/usbd_desc.o
                0x2000ae14                FS_Desc
 .data.USBD_FS_DeviceDesc
                0x2000ae30       0x12 ./USB_DEVICE/App/usbd_desc.o
                0x2000ae30                USBD_FS_DeviceDesc
 *fill*         0x2000ae42        0x2 
 .data.USBD_LangIDDesc
                0x2000ae44        0x4 ./USB_DEVICE/App/usbd_desc.o
                0x2000ae44                USBD_LangIDDesc
 .data.USBD_StringSerial
                0x2000ae48       0x1a ./USB_DEVICE/App/usbd_desc.o
                0x2000ae48                USBD_StringSerial
 *(.RamFunc)
 *(.RamFunc*)
                0x2000ae64                        . = ALIGN (0x4)
 *fill*         0x2000ae62        0x2 
                0x2000ae64                        _edata = .

.igot.plt       0x2000ae64        0x0 load address 0x08016e64
 .igot.plt      0x2000ae64        0x0 C:/ST/STM32CubeIDE_1.19.0/STM32CubeIDE/plugins/com.st.stm32cube.ide.mcu.externaltools.gnu-tools-for-stm32.13.3.rel1.win32_1.0.0.202411081344/tools/bin/../lib/gcc/arm-none-eabi/13.3.1/thumb/v7e-m+fp/hard/crtbegin.o
                0x2000ae64                        . = ALIGN (0x4)

.bss            0x2000ae64     0x1c04 load address 0x08016e64
                0x2000ae64                        _sbss = .
                0x2000ae64                        __bss_start__ = _sbss
 *(.bss)
 .bss           0x2000ae64       0x1c C:/ST/STM32CubeIDE_1.19.0/STM32CubeIDE/plugins/com.st.stm32cube.ide.mcu.externaltools.gnu-tools-for-stm32.13.3.rel1.win32_1.0.0.202411081344/tools/bin/../lib/gcc/arm-none-eabi/13.3.1/thumb/v7e-m+fp/hard/crtbegin.o
 *(.bss*)
 .bss.uwTick    0x2000ae80        0x4 ./Drivers/STM32F4xx_HAL_Driver/Src/stm32f4xx_hal.o
                0x2000ae80                uwTick
 .bss.cfgidx.0  0x2000ae84        0x1 ./Middlewares/ST/STM32_USB_Device_Library/Core/Src/usbd_ctlreq.o
 *fill*         0x2000ae85        0x3 
 .bss.hUsbDeviceFS
                0x2000ae88      0x2dc ./USB_DEVICE/App/usb_device.o
                0x2000ae88                hUsbDeviceFS
 .bss.UserRxBufferFS
                0x2000b164      0x800 ./USB_DEVICE/App/usbd_cdc_if.o
                0x2000b164                UserRxBufferFS
 .bss.UserTxBufferFS
                0x2000b964      0x800 ./USB_DEVICE/App/usbd_cdc_if.o
                0x2000b964                UserTxBufferFS
 .bss.USBD_StrDesc
                0x2000c164      0x200 ./USB_DEVICE/App/usbd_desc.o
                0x2000c164                USBD_StrDesc
 .bss.hpcd_USB_OTG_FS
                0x2000c364      0x4e4 ./USB_DEVICE/Target/usbd_conf.o
                0x2000c364                hpcd_USB_OTG_FS
 .bss.mem.0     0x2000c848      0x220 ./USB_DEVICE/Target/usbd_conf.o
 *(COMMON)
                0x2000ca68                        . = ALIGN (0x4)
                0x2000ca68                        _ebss = .
                0x2000ca68                        __bss_end__ = _ebss

._user_heap_stack
                0x2000ca68      0x600 load address 0x08016e64
                0x2000ca68                        . = ALIGN (0x8)
                [!provide]                        PROVIDE (end = .)
                0x2000ca68                        PROVIDE (_end = .)
                0x2000cc68                        . = (. + _Min_Heap_Size)
 *fill*         0x2000ca68      0x200 
                0x2000d068                        . = (. + _Min_Stack_Size)
 *fill*         0x2000cc68      0x400 
                0x2000d068                        . = ALIGN (0x8)

/DISCARD/
 libc.a(*)
 libm.a(*)
 libgcc.a(*)

.ARM.attributes
                0x00000000       0x30
 *(.ARM.attributes)
 .ARM.attributes
                0x00000000       0x22 C:/ST/STM32CubeIDE_1.19.0/STM32CubeIDE/plugins/com.st.stm32cube.ide.mcu.externaltools.gnu-tools-for-stm32.13.3.rel1.win32_1.0.0.202411081344/tools/bin/../lib/gcc/arm-none-eabi/13.3.1/thumb/v7e-m+fp/hard/crti.o
 .ARM.attributes
                0x00000022       0x34 C:/ST/STM32CubeIDE_1.19.0/STM32CubeIDE/plugins/com.st.stm32cube.ide.mcu.externaltools.gnu-tools-for-stm32.13.3.rel1.win32_1.0.0.202411081344/tools/bin/../lib/gcc/arm-none-eabi/13.3.1/thumb/v7e-m+fp/hard/crtbegin.o
 .ARM.attributes
                0x00000056       0x34 ./Core/Src/main.o
 .ARM.attributes
                0x0000008a       0x34 ./Core/Src/stm32f4xx_hal_msp.o
 .ARM.attributes
                0x000000be       0x34 ./Core/Src/stm32f4xx_it.o
 .ARM.attributes
                0x000000f2       0x34 ./Core/Src/system_stm32f4xx.o
 .ARM.attributes
                0x00000126       0x21 ./Core/Startup/startup_stm32f401cdux.o
 .ARM.attributes
                0x00000147       0x34 ./Drivers/STM32F4xx_HAL_Driver/Src/stm32f4xx_hal.o
 .ARM.attributes
                0x0000017b       0x34 ./Drivers/STM32F4xx_HAL_Driver/Src/stm32f4xx_hal_cortex.o
 .ARM.attributes
                0x000001af       0x34 ./Drivers/STM32F4xx_HAL_Driver/Src/stm32f4xx_hal_gpio.o
 .ARM.attributes
                0x000001e3       0x34 ./Drivers/STM32F4xx_HAL_Driver/Src/stm32f4xx_hal_pcd.o
 .ARM.attributes
                0x00000217       0x34 ./Drivers/STM32F4xx_HAL_Driver/Src/stm32f4xx_hal_pcd_ex.o
 .ARM.attributes
                0x0000024b       0x34 ./Drivers/STM32F4xx_HAL_Driver/Src/stm32f4xx_hal_rcc.o
 .ARM.attributes
                0x0000027f       0x34 ./Drivers/STM32F4xx_HAL_Driver/Src/stm32f4xx_ll_usb.o
 .ARM.attributes
                0x000002b3       0x34 ./Middlewares/ST/STM32_USB_Device_Library/Class/CDC/Src/usbd_cdc.o
 .ARM.attributes
                0x000002e7       0x34 ./Middlewares/ST/STM32_USB_Device_Library/Core/Src/usbd_core.o
 .ARM.attributes
                0x0000031b       0x34 ./Middlewares/ST/STM32_USB_Device_Library/Core/Src/usbd_ctlreq.o
 .ARM.attributes
                0x0000034f       0x34 ./Middlewares/ST/STM32_USB_Device_Library/Core/Src/usbd_ioreq.o
 .ARM.attributes
                0x00000383       0x34 ./USB_DEVICE/App/usb_device.o
 .ARM.attributes
                0x000003b7       0x34 ./USB_DEVICE/App/usbd_cdc_if.o
 .ARM.attributes
                0x000003eb       0x34 ./USB_DEVICE/App/usbd_desc.o
 .ARM.attributes
                0x0000041f       0x34 ./USB_DEVICE/Target/usbd_conf.o
 .ARM.attributes
                0x00000453       0x34 C:/ST/STM32CubeIDE_1.19.0/STM32CubeIDE/plugins/com.st.stm32cube.ide.mcu.externaltools.gnu-tools-for-stm32.13.3.rel1.win32_1.0.0.202411081344/tools/bin/../lib/gcc/arm-none-eabi/13.3.1/../../../../arm-none-eabi/lib/thumb/v7e-m+fp/hard\libc_nano.a(libc_a-memset.o)
 .ARM.attributes
                0x00000487       0x34 C:/ST/STM32CubeIDE_1.19.0/STM32CubeIDE/plugins/com.st.stm32cube.ide.mcu.externaltools.gnu-tools-for-stm32.13.3.rel1.win32_1.0.0.202411081344/tools/bin/../lib/gcc/arm-none-eabi/13.3.1/../../../../arm-none-eabi/lib/thumb/v7e-m+fp/hard\libc_nano.a(libc_a-init.o)
 .ARM.attributes
                0x000004bb       0x22 C:/ST/STM32CubeIDE_1.19.0/STM32CubeIDE/plugins/com.st.stm32cube.ide.mcu.externaltools.gnu-tools-for-stm32.13.3.rel1.win32_1.0.0.202411081344/tools/bin/../lib/gcc/arm-none-eabi/13.3.1/thumb/v7e-m+fp/hard\libgcc.a(_aeabi_uldivmod.o)
 .ARM.attributes
                0x000004dd       0x34 C:/ST/STM32CubeIDE_1.19.0/STM32CubeIDE/plugins/com.st.stm32cube.ide.mcu.externaltools.gnu-tools-for-stm32.13.3.rel1.win32_1.0.0.202411081344/tools/bin/../lib/gcc/arm-none-eabi/13.3.1/thumb/v7e-m+fp/hard\libgcc.a(_udivmoddi4.o)
 .ARM.attributes
                0x00000511       0x22 C:/ST/STM32CubeIDE_1.19.0/STM32CubeIDE/plugins/com.st.stm32cube.ide.mcu.externaltools.gnu-tools-for-stm32.13.3.rel1.win32_1.0.0.202411081344/tools/bin/../lib/gcc/arm-none-eabi/13.3.1/thumb/v7e-m+fp/hard\libgcc.a(_dvmd_tls.o)
 .ARM.attributes
                0x00000533       0x22 C:/ST/STM32CubeIDE_1.19.0/STM32CubeIDE/plugins/com.st.stm32cube.ide.mcu.externaltools.gnu-tools-for-stm32.13.3.rel1.win32_1.0.0.202411081344/tools/bin/../lib/gcc/arm-none-eabi/13.3.1/thumb/v7e-m+fp/hard/crtn.o
OUTPUT(SecureBoot-1-App.elf elf32-littlearm)
LOAD linker stubs
LOAD C:/ST/STM32CubeIDE_1.19.0/STM32CubeIDE/plugins/com.st.stm32cube.ide.mcu.externaltools.gnu-tools-for-stm32.13.3.rel1.win32_1.0.0.202411081344/tools/bin/../lib/gcc/arm-none-eabi/13.3.1/../../../../arm-none-eabi/lib/thumb/v7e-m+fp/hard\libc.a
LOAD C:/ST/STM32CubeIDE_1.19.0/STM32CubeIDE/plugins/com.st.stm32cube.ide.mcu.externaltools.gnu-tools-for-stm32.13.3.rel1.win32_1.0.0.202411081344/tools/bin/../lib/gcc/arm-none-eabi/13.3.1/../../../../arm-none-eabi/lib/thumb/v7e-m+fp/hard\libm.a
LOAD C:/ST/STM32CubeIDE_1.19.0/STM32CubeIDE/plugins/com.st.stm32cube.ide.mcu.externaltools.gnu-tools-for-stm32.13.3.rel1.win32_1.0.0.202411081344/tools/bin/../lib/gcc/arm-none-eabi/13.3.1/thumb/v7e-m+fp/hard\libgcc.a

.debug_info     0x00000000     0xd476
 .debug_info    0x00000000      0x723 ./Core/Src/main.o
 .debug_info    0x00000723      0x291 ./Core/Src/stm32f4xx_hal_msp.o
 .debug_info    0x000009b4      0x627 ./Core/Src/stm32f4xx_it.o
 .debug_info    0x00000fdb      0x53e ./Core/Src/system_stm32f4xx.o
 .debug_info    0x00001519       0x30 ./Core/Startup/startup_stm32f401cdux.o
 .debug_info    0x00001549      0x8bb ./Drivers/STM32F4xx_HAL_Driver/Src/stm32f4xx_hal.o
 .debug_info    0x00001e04      0xcf6 ./Drivers/STM32F4xx_HAL_Driver/Src/stm32f4xx_hal_cortex.o
 .debug_info    0x00002afa      0x6f9 ./Drivers/STM32F4xx_HAL_Driver/Src/stm32f4xx_hal_gpio.o
 .debug_info    0x000031f3     0x1577 ./Drivers/STM32F4xx_HAL_Driver/Src/stm32f4xx_hal_pcd.o
 .debug_info    0x0000476a      0x6ea ./Drivers/STM32F4xx_HAL_Driver/Src/stm32f4xx_hal_pcd_ex.o
 .debug_info    0x00004e54      0x905 ./Drivers/STM32F4xx_HAL_Driver/Src/stm32f4xx_hal_rcc.o
 .debug_info    0x00005759     0x1993 ./Drivers/STM32F4xx_HAL_Driver/Src/stm32f4xx_ll_usb.o
 .debug_info    0x000070ec     0x12b1 ./Middlewares/ST/STM32_USB_Device_Library/Class/CDC/Src/usbd_cdc.o
 .debug_info    0x0000839d      0xe12 ./Middlewares/ST/STM32_USB_Device_Library/Core/Src/usbd_core.o
 .debug_info    0x000091af      0xaeb ./Middlewares/ST/STM32_USB_Device_Library/Core/Src/usbd_ctlreq.o
 .debug_info    0x00009c9a      0x762 ./Middlewares/ST/STM32_USB_Device_Library/Core/Src/usbd_ioreq.o
 .debug_info    0x0000a3fc      0x70e ./USB_DEVICE/App/usb_device.o
 .debug_info    0x0000ab0a      0x907 ./USB_DEVICE/App/usbd_cdc_if.o
 .debug_info    0x0000b411      0x458 ./USB_DEVICE/App/usbd_desc.o
 .debug_info    0x0000b869     0x1c0d ./USB_DEVICE/Target/usbd_conf.o

.debug_abbrev   0x00000000     0x29be
 .debug_abbrev  0x00000000      0x227 ./Core/Src/main.o
 .debug_abbrev  0x00000227       0xd8 ./Core/Src/stm32f4xx_hal_msp.o
 .debug_abbrev  0x000002ff      0x1a4 ./Core/Src/stm32f4xx_it.o
 .debug_abbrev  0x000004a3      0x11a ./Core/Src/system_stm32f4xx.o
 .debug_abbrev  0x000005bd       0x24 ./Core/Startup/startup_stm32f401cdux.o
 .debug_abbrev  0x000005e1      0x24b ./Drivers/STM32F4xx_HAL_Driver/Src/stm32f4xx_hal.o
 .debug_abbrev  0x0000082c      0x31d ./Drivers/STM32F4xx_HAL_Driver/Src/stm32f4xx_hal_cortex.o
 .debug_abbrev  0x00000b49      0x1d3 ./Drivers/STM32F4xx_HAL_Driver/Src/stm32f4xx_hal_gpio.o
 .debug_abbrev  0x00000d1c      0x2b6 ./Drivers/STM32F4xx_HAL_Driver/Src/stm32f4xx_hal_pcd.o
 .debug_abbrev  0x00000fd2      0x1da ./Drivers/STM32F4xx_HAL_Driver/Src/stm32f4xx_hal_pcd_ex.o
 .debug_abbrev  0x000011ac      0x2b6 ./Drivers/STM32F4xx_HAL_Driver/Src/stm32f4xx_hal_rcc.o
 .debug_abbrev  0x00001462      0x2b3 ./Drivers/STM32F4xx_HAL_Driver/Src/stm32f4xx_ll_usb.o
 .debug_abbrev  0x00001715      0x2d2 ./Middlewares/ST/STM32_USB_Device_Library/Class/CDC/Src/usbd_cdc.o
 .debug_abbrev  0x000019e7      0x27c ./Middlewares/ST/STM32_USB_Device_Library/Core/Src/usbd_core.o
 .debug_abbrev  0x00001c63      0x26f ./Middlewares/ST/STM32_USB_Device_Library/Core/Src/usbd_ctlreq.o
 .debug_abbrev  0x00001ed2      0x19a ./Middlewares/ST/STM32_USB_Device_Library/Core/Src/usbd_ioreq.o
 .debug_abbrev  0x0000206c      0x195 ./USB_DEVICE/App/usb_device.o
 .debug_abbrev  0x00002201      0x29d ./USB_DEVICE/App/usbd_cdc_if.o
 .debug_abbrev  0x0000249e      0x1e1 ./USB_DEVICE/App/usbd_desc.o
 .debug_abbrev  0x0000267f      0x33f ./USB_DEVICE/Target/usbd_conf.o

.debug_aranges  0x00000000      0xb50
 .debug_aranges
                0x00000000       0x38 ./Core/Src/main.o
 .debug_aranges
                0x00000038       0x20 ./Core/Src/stm32f4xx_hal_msp.o
 .debug_aranges
                0x00000058       0x68 ./Core/Src/stm32f4xx_it.o
 .debug_aranges
                0x000000c0       0x28 ./Core/Src/system_stm32f4xx.o
 .debug_aranges
                0x000000e8       0x28 ./Core/Startup/startup_stm32f401cdux.o
 .debug_aranges
                0x00000110       0xf0 ./Drivers/STM32F4xx_HAL_Driver/Src/stm32f4xx_hal.o
 .debug_aranges
                0x00000200      0x130 ./Drivers/STM32F4xx_HAL_Driver/Src/stm32f4xx_hal_cortex.o
 .debug_aranges
                0x00000330       0x58 ./Drivers/STM32F4xx_HAL_Driver/Src/stm32f4xx_hal_gpio.o
 .debug_aranges
                0x00000388      0x148 ./Drivers/STM32F4xx_HAL_Driver/Src/stm32f4xx_hal_pcd.o
 .debug_aranges
                0x000004d0       0x38 ./Drivers/STM32F4xx_HAL_Driver/Src/stm32f4xx_hal_pcd_ex.o
 .debug_aranges
                0x00000508       0x88 ./Drivers/STM32F4xx_HAL_Driver/Src/stm32f4xx_hal_rcc.o
 .debug_aranges
                0x00000590      0x1a0 ./Drivers/STM32F4xx_HAL_Driver/Src/stm32f4xx_ll_usb.o
 .debug_aranges
                0x00000730       0x90 ./Middlewares/ST/STM32_USB_Device_Library/Class/CDC/Src/usbd_cdc.o
 .debug_aranges
                0x000007c0       0xd8 ./Middlewares/ST/STM32_USB_Device_Library/Core/Src/usbd_core.o
 .debug_aranges
                0x00000898       0x90 ./Middlewares/ST/STM32_USB_Device_Library/Core/Src/usbd_ctlreq.o
 .debug_aranges
                0x00000928       0x50 ./Middlewares/ST/STM32_USB_Device_Library/Core/Src/usbd_ioreq.o
 .debug_aranges
                0x00000978       0x20 ./USB_DEVICE/App/usb_device.o
 .debug_aranges
                0x00000998       0x48 ./USB_DEVICE/App/usbd_cdc_if.o
 .debug_aranges
                0x000009e0       0x60 ./USB_DEVICE/App/usbd_desc.o
 .debug_aranges
                0x00000a40      0x110 ./USB_DEVICE/Target/usbd_conf.o

.debug_rnglists
                0x00000000      0x854
 .debug_rnglists
                0x00000000       0x27 ./Core/Src/main.o
 .debug_rnglists
                0x00000027       0x13 ./Core/Src/stm32f4xx_hal_msp.o
 .debug_rnglists
                0x0000003a       0x49 ./Core/Src/stm32f4xx_it.o
 .debug_rnglists
                0x00000083       0x1a ./Core/Src/system_stm32f4xx.o
 .debug_rnglists
                0x0000009d       0x19 ./Core/Startup/startup_stm32f401cdux.o
 .debug_rnglists
                0x000000b6       0xaf ./Drivers/STM32F4xx_HAL_Driver/Src/stm32f4xx_hal.o
 .debug_rnglists
                0x00000165       0xe0 ./Drivers/STM32F4xx_HAL_Driver/Src/stm32f4xx_hal_cortex.o
 .debug_rnglists
                0x00000245       0x3f ./Drivers/STM32F4xx_HAL_Driver/Src/stm32f4xx_hal_gpio.o
 .debug_rnglists
                0x00000284       0xfa ./Drivers/STM32F4xx_HAL_Driver/Src/stm32f4xx_hal_pcd.o
 .debug_rnglists
                0x0000037e       0x26 ./Drivers/STM32F4xx_HAL_Driver/Src/stm32f4xx_hal_pcd_ex.o
 .debug_rnglists
                0x000003a4       0x66 ./Drivers/STM32F4xx_HAL_Driver/Src/stm32f4xx_hal_rcc.o
 .debug_rnglists
                0x0000040a      0x147 ./Drivers/STM32F4xx_HAL_Driver/Src/stm32f4xx_ll_usb.o
 .debug_rnglists
                0x00000551       0x6c ./Middlewares/ST/STM32_USB_Device_Library/Class/CDC/Src/usbd_cdc.o
 .debug_rnglists
                0x000005bd       0xa1 ./Middlewares/ST/STM32_USB_Device_Library/Core/Src/usbd_core.o
 .debug_rnglists
                0x0000065e       0x6e ./Middlewares/ST/STM32_USB_Device_Library/Core/Src/usbd_ctlreq.o
 .debug_rnglists
                0x000006cc       0x37 ./Middlewares/ST/STM32_USB_Device_Library/Core/Src/usbd_ioreq.o
 .debug_rnglists
                0x00000703       0x13 ./USB_DEVICE/App/usb_device.o
 .debug_rnglists
                0x00000716       0x32 ./USB_DEVICE/App/usbd_cdc_if.o
 .debug_rnglists
                0x00000748       0x43 ./USB_DEVICE/App/usbd_desc.o
 .debug_rnglists
                0x0000078b       0xc9 ./USB_DEVICE/Target/usbd_conf.o

.debug_macro    0x00000000    0x17b23
 .debug_macro   0x00000000      0x347 ./Core/Src/main.o
 .debug_macro   0x00000347      0xad8 ./Core/Src/main.o
 .debug_macro   0x00000e1f      0x295 ./Core/Src/main.o
 .debug_macro   0x000010b4       0x2e ./Core/Src/main.o
 .debug_macro   0x000010e2       0x28 ./Core/Src/main.o
 .debug_macro   0x0000110a       0x22 ./Core/Src/main.o
 .debug_macro   0x0000112c       0x8e ./Core/Src/main.o
 .debug_macro   0x000011ba       0x51 ./Core/Src/main.o
 .debug_macro   0x0000120b      0x103 ./Core/Src/main.o
 .debug_macro   0x0000130e       0x6a ./Core/Src/main.o
 .debug_macro   0x00001378      0x1df ./Core/Src/main.o
 .debug_macro   0x00001557       0x1c ./Core/Src/main.o
 .debug_macro   0x00001573       0x22 ./Core/Src/main.o
 .debug_macro   0x00001595       0xfb ./Core/Src/main.o
 .debug_macro   0x00001690     0x1011 ./Core/Src/main.o
 .debug_macro   0x000026a1      0x11f ./Core/Src/main.o
 .debug_macro   0x000027c0     0xb881 ./Core/Src/main.o
 .debug_macro   0x0000e041       0x6d ./Core/Src/main.o
 .debug_macro   0x0000e0ae     0x3693 ./Core/Src/main.o
 .debug_macro   0x00011741      0x190 ./Core/Src/main.o
 .debug_macro   0x000118d1       0x5c ./Core/Src/main.o
 .debug_macro   0x0001192d      0x416 ./Core/Src/main.o
 .debug_macro   0x00011d43      0x9e9 ./Core/Src/main.o
 .debug_macro   0x0001272c      0x115 ./Core/Src/main.o
 .debug_macro   0x00012841       0xf8 ./Core/Src/main.o
 .debug_macro   0x00012939       0xa5 ./Core/Src/main.o
 .debug_macro   0x000129de      0x15f ./Core/Src/main.o
 .debug_macro   0x00012b3d      0x287 ./Core/Src/main.o
 .debug_macro   0x00012dc4       0x5f ./Core/Src/main.o
 .debug_macro   0x00012e23      0x236 ./Core/Src/main.o
 .debug_macro   0x00013059      0x132 ./Core/Src/main.o
 .debug_macro   0x0001318b      0x264 ./Core/Src/main.o
 .debug_macro   0x000133ef       0x2e ./Core/Src/main.o
 .debug_macro   0x0001341d      0x127 ./Core/Src/main.o
 .debug_macro   0x00013544       0x85 ./Core/Src/main.o
 .debug_macro   0x000135c9       0x89 ./Core/Src/main.o
 .debug_macro   0x00013652      0x293 ./Core/Src/main.o
 .debug_macro   0x000138e5       0xba ./Core/Src/main.o
 .debug_macro   0x0001399f      0x126 ./Core/Src/main.o
 .debug_macro   0x00013ac5       0x10 ./Core/Src/main.o
 .debug_macro   0x00013ad5       0x61 ./Core/Src/main.o
 .debug_macro   0x00013b36       0x2a ./Core/Src/main.o
 .debug_macro   0x00013b60       0x43 ./Core/Src/main.o
 .debug_macro   0x00013ba3       0x34 ./Core/Src/main.o
 .debug_macro   0x00013bd7       0x16 ./Core/Src/main.o
 .debug_macro   0x00013bed       0x3c ./Core/Src/main.o
 .debug_macro   0x00013c29      0x370 ./Core/Src/main.o
 .debug_macro   0x00013f99       0x10 ./Core/Src/main.o
 .debug_macro   0x00013fa9       0x16 ./Core/Src/main.o
 .debug_macro   0x00013fbf       0x4a ./Core/Src/main.o
 .debug_macro   0x00014009       0x34 ./Core/Src/main.o
 .debug_macro   0x0001403d       0x10 ./Core/Src/main.o
 .debug_macro   0x0001404d       0x58 ./Core/Src/main.o
 .debug_macro   0x000140a5       0x8e ./Core/Src/main.o
 .debug_macro   0x00014133       0x1c ./Core/Src/main.o
 .debug_macro   0x0001414f      0x185 ./Core/Src/main.o
 .debug_macro   0x000142d4       0x16 ./Core/Src/main.o
 .debug_macro   0x000142ea       0x16 ./Core/Src/main.o
 .debug_macro   0x00014300      0x146 ./Core/Src/main.o
 .debug_macro   0x00014446       0x16 ./Core/Src/main.o
 .debug_macro   0x0001445c       0x16 ./Core/Src/main.o
 .debug_macro   0x00014472       0x29 ./Core/Src/main.o
 .debug_macro   0x0001449b       0x16 ./Core/Src/main.o
 .debug_macro   0x000144b1       0x20 ./Core/Src/main.o
 .debug_macro   0x000144d1       0x65 ./Core/Src/main.o
 .debug_macro   0x00014536      0x20f ./Core/Src/main.o
 .debug_macro   0x00014745      0x1e3 ./Core/Src/stm32f4xx_hal_msp.o
 .debug_macro   0x00014928      0x1ed ./Core/Src/stm32f4xx_it.o
 .debug_macro   0x00014b15      0x1d4 ./Core/Src/system_stm32f4xx.o
 .debug_macro   0x00014ce9      0x234 ./Drivers/STM32F4xx_HAL_Driver/Src/stm32f4xx_hal.o
 .debug_macro   0x00014f1d      0x1d4 ./Drivers/STM32F4xx_HAL_Driver/Src/stm32f4xx_hal_cortex.o
 .debug_macro   0x000150f1      0x1da ./Drivers/STM32F4xx_HAL_Driver/Src/stm32f4xx_hal_gpio.o
 .debug_macro   0x000152cb      0x1e0 ./Drivers/STM32F4xx_HAL_Driver/Src/stm32f4xx_hal_pcd.o
 .debug_macro   0x000154ab      0x1d4 ./Drivers/STM32F4xx_HAL_Driver/Src/stm32f4xx_hal_pcd_ex.o
 .debug_macro   0x0001567f      0x1f8 ./Drivers/STM32F4xx_HAL_Driver/Src/stm32f4xx_hal_rcc.o
 .debug_macro   0x00015877      0x1d4 ./Drivers/STM32F4xx_HAL_Driver/Src/stm32f4xx_ll_usb.o
 .debug_macro   0x00015a4b      0x372 ./Middlewares/ST/STM32_USB_Device_Library/Class/CDC/Src/usbd_cdc.o
 .debug_macro   0x00015dbd       0x9e ./Middlewares/ST/STM32_USB_Device_Library/Class/CDC/Src/usbd_cdc.o
 .debug_macro   0x00015e5b      0x112 ./Middlewares/ST/STM32_USB_Device_Library/Class/CDC/Src/usbd_cdc.o
 .debug_macro   0x00015f6d       0x56 ./Middlewares/ST/STM32_USB_Device_Library/Class/CDC/Src/usbd_cdc.o
 .debug_macro   0x00015fc3       0x95 ./Middlewares/ST/STM32_USB_Device_Library/Class/CDC/Src/usbd_cdc.o
 .debug_macro   0x00016058      0x359 ./Middlewares/ST/STM32_USB_Device_Library/Core/Src/usbd_core.o
 .debug_macro   0x000163b1      0x215 ./Middlewares/ST/STM32_USB_Device_Library/Core/Src/usbd_core.o
 .debug_macro   0x000165c6      0x363 ./Middlewares/ST/STM32_USB_Device_Library/Core/Src/usbd_ctlreq.o
 .debug_macro   0x00016929      0x35f ./Middlewares/ST/STM32_USB_Device_Library/Core/Src/usbd_ioreq.o
 .debug_macro   0x00016c88      0x392 ./USB_DEVICE/App/usb_device.o
 .debug_macro   0x0001701a       0x16 ./USB_DEVICE/App/usb_device.o
 .debug_macro   0x00017030       0x22 ./USB_DEVICE/App/usb_device.o
 .debug_macro   0x00017052       0x16 ./USB_DEVICE/App/usb_device.o
 .debug_macro   0x00017068      0x37d ./USB_DEVICE/App/usbd_cdc_if.o
 .debug_macro   0x000173e5       0x10 ./USB_DEVICE/App/usbd_cdc_if.o
 .debug_macro   0x000173f5      0x39c ./USB_DEVICE/App/usbd_desc.o
 .debug_macro   0x00017791       0x1c ./USB_DEVICE/App/usbd_desc.o
 .debug_macro   0x000177ad      0x376 ./USB_DEVICE/Target/usbd_conf.o

.debug_line     0x00000000     0xf2f7
 .debug_line    0x00000000      0xa1f ./Core/Src/main.o
 .debug_line    0x00000a1f      0x744 ./Core/Src/stm32f4xx_hal_msp.o
 .debug_line    0x00001163      0x80b ./Core/Src/stm32f4xx_it.o
 .debug_line    0x0000196e      0x7ba ./Core/Src/system_stm32f4xx.o
 .debug_line    0x00002128       0x7a ./Core/Startup/startup_stm32f401cdux.o
 .debug_line    0x000021a2      0xa36 ./Drivers/STM32F4xx_HAL_Driver/Src/stm32f4xx_hal.o
 .debug_line    0x00002bd8      0xd06 ./Drivers/STM32F4xx_HAL_Driver/Src/stm32f4xx_hal_cortex.o
 .debug_line    0x000038de      0xb52 ./Drivers/STM32F4xx_HAL_Driver/Src/stm32f4xx_hal_gpio.o
 .debug_line    0x00004430     0x1481 ./Drivers/STM32F4xx_HAL_Driver/Src/stm32f4xx_hal_pcd.o
 .debug_line    0x000058b1      0x7ff ./Drivers/STM32F4xx_HAL_Driver/Src/stm32f4xx_hal_pcd_ex.o
 .debug_line    0x000060b0      0xe43 ./Drivers/STM32F4xx_HAL_Driver/Src/stm32f4xx_hal_rcc.o
 .debug_line    0x00006ef3     0x1d0e ./Drivers/STM32F4xx_HAL_Driver/Src/stm32f4xx_ll_usb.o
 .debug_line    0x00008c01      0xea3 ./Middlewares/ST/STM32_USB_Device_Library/Class/CDC/Src/usbd_cdc.o
 .debug_line    0x00009aa4      0xf5b ./Middlewares/ST/STM32_USB_Device_Library/Core/Src/usbd_core.o
 .debug_line    0x0000a9ff     0x111d ./Middlewares/ST/STM32_USB_Device_Library/Core/Src/usbd_ctlreq.o
 .debug_line    0x0000bb1c      0xa62 ./Middlewares/ST/STM32_USB_Device_Library/Core/Src/usbd_ioreq.o
 .debug_line    0x0000c57e      0xa28 ./USB_DEVICE/App/usb_device.o
 .debug_line    0x0000cfa6      0xa7b ./USB_DEVICE/App/usbd_cdc_if.o
 .debug_line    0x0000da21      0xad1 ./USB_DEVICE/App/usbd_desc.o
 .debug_line    0x0000e4f2      0xe05 ./USB_DEVICE/Target/usbd_conf.o

.debug_str      0x00000000    0x865b8
 .debug_str     0x00000000    0x865b8 ./Core/Src/main.o
                              0x830aa (size before relaxing)
 .debug_str     0x000865b8    0x7eaa9 ./Core/Src/stm32f4xx_hal_msp.o
 .debug_str     0x000865b8    0x7ee50 ./Core/Src/stm32f4xx_it.o
 .debug_str     0x000865b8    0x7eb31 ./Core/Src/system_stm32f4xx.o
 .debug_str     0x000865b8       0x89 ./Core/Startup/startup_stm32f401cdux.o
 .debug_str     0x000865b8    0x7f553 ./Drivers/STM32F4xx_HAL_Driver/Src/stm32f4xx_hal.o
 .debug_str     0x000865b8    0x7f2bd ./Drivers/STM32F4xx_HAL_Driver/Src/stm32f4xx_hal_cortex.o
 .debug_str     0x000865b8    0x7ecac ./Drivers/STM32F4xx_HAL_Driver/Src/stm32f4xx_hal_gpio.o
 .debug_str     0x000865b8    0x7f5fd ./Drivers/STM32F4xx_HAL_Driver/Src/stm32f4xx_hal_pcd.o
 .debug_str     0x000865b8    0x7eeed ./Drivers/STM32F4xx_HAL_Driver/Src/stm32f4xx_hal_pcd_ex.o
 .debug_str     0x000865b8    0x7ef65 ./Drivers/STM32F4xx_HAL_Driver/Src/stm32f4xx_hal_rcc.o
 .debug_str     0x000865b8    0x7f4d8 ./Drivers/STM32F4xx_HAL_Driver/Src/stm32f4xx_ll_usb.o
 .debug_str     0x000865b8    0x83bc3 ./Middlewares/ST/STM32_USB_Device_Library/Class/CDC/Src/usbd_cdc.o
 .debug_str     0x000865b8    0x8351c ./Middlewares/ST/STM32_USB_Device_Library/Core/Src/usbd_core.o
 .debug_str     0x000865b8    0x83347 ./Middlewares/ST/STM32_USB_Device_Library/Core/Src/usbd_ctlreq.o
 .debug_str     0x000865b8    0x8321c ./Middlewares/ST/STM32_USB_Device_Library/Core/Src/usbd_ioreq.o
 .debug_str     0x000865b8    0x835cf ./USB_DEVICE/App/usb_device.o
 .debug_str     0x000865b8    0x8360f ./USB_DEVICE/App/usbd_cdc_if.o
 .debug_str     0x000865b8    0x83114 ./USB_DEVICE/App/usbd_desc.o
 .debug_str     0x000865b8    0x842c1 ./USB_DEVICE/Target/usbd_conf.o

.comment        0x00000000       0x43
 .comment       0x00000000       0x43 ./Core/Src/main.o
                                 0x44 (size before relaxing)
 .comment       0x00000043       0x44 ./Core/Src/stm32f4xx_hal_msp.o
 .comment       0x00000043       0x44 ./Core/Src/stm32f4xx_it.o
 .comment       0x00000043       0x44 ./Core/Src/system_stm32f4xx.o
 .comment       0x00000043       0x44 ./Drivers/STM32F4xx_HAL_Driver/Src/stm32f4xx_hal.o
 .comment       0x00000043       0x44 ./Drivers/STM32F4xx_HAL_Driver/Src/stm32f4xx_hal_cortex.o
 .comment       0x00000043       0x44 ./Drivers/STM32F4xx_HAL_Driver/Src/stm32f4xx_hal_gpio.o
 .comment       0x00000043       0x44 ./Drivers/STM32F4xx_HAL_Driver/Src/stm32f4xx_hal_pcd.o
 .comment       0x00000043       0x44 ./Drivers/STM32F4xx_HAL_Driver/Src/stm32f4xx_hal_pcd_ex.o
 .comment       0x00000043       0x44 ./Drivers/STM32F4xx_HAL_Driver/Src/stm32f4xx_hal_rcc.o
 .comment       0x00000043       0x44 ./Drivers/STM32F4xx_HAL_Driver/Src/stm32f4xx_ll_usb.o
 .comment       0x00000043       0x44 ./Middlewares/ST/STM32_USB_Device_Library/Class/CDC/Src/usbd_cdc.o
 .comment       0x00000043       0x44 ./Middlewares/ST/STM32_USB_Device_Library/Core/Src/usbd_core.o
 .comment       0x00000043       0x44 ./Middlewares/ST/STM32_USB_Device_Library/Core/Src/usbd_ctlreq.o
 .comment       0x00000043       0x44 ./Middlewares/ST/STM32_USB_Device_Library/Core/Src/usbd_ioreq.o
 .comment       0x00000043       0x44 ./USB_DEVICE/App/usb_device.o
 .comment       0x00000043       0x44 ./USB_DEVICE/App/usbd_cdc_if.o
 .comment       0x00000043       0x44 ./USB_DEVICE/App/usbd_desc.o
 .comment       0x00000043       0x44 ./USB_DEVICE/Target/usbd_conf.o

.debug_frame    0x00000000     0x2cd0
 .debug_frame   0x00000000       0x90 ./Core/Src/main.o
 .debug_frame   0x00000090       0x38 ./Core/Src/stm32f4xx_hal_msp.o
 .debug_frame   0x000000c8      0x120 ./Core/Src/stm32f4xx_it.o
 .debug_frame   0x000001e8       0x58 ./Core/Src/system_stm32f4xx.o
 .debug_frame   0x00000240      0x374 ./Drivers/STM32F4xx_HAL_Driver/Src/stm32f4xx_hal.o
 .debug_frame   0x000005b4      0x508 ./Drivers/STM32F4xx_HAL_Driver/Src/stm32f4xx_hal_cortex.o
 .debug_frame   0x00000abc      0x14c ./Drivers/STM32F4xx_HAL_Driver/Src/stm32f4xx_hal_gpio.o
 .debug_frame   0x00000c08      0x5b8 ./Drivers/STM32F4xx_HAL_Driver/Src/stm32f4xx_hal_pcd.o
 .debug_frame   0x000011c0       0xb0 ./Drivers/STM32F4xx_HAL_Driver/Src/stm32f4xx_hal_pcd_ex.o
 .debug_frame   0x00001270      0x1f4 ./Drivers/STM32F4xx_HAL_Driver/Src/stm32f4xx_hal_rcc.o
 .debug_frame   0x00001464      0x7c0 ./Drivers/STM32F4xx_HAL_Driver/Src/stm32f4xx_ll_usb.o
 .debug_frame   0x00001c24      0x23c ./Middlewares/ST/STM32_USB_Device_Library/Class/CDC/Src/usbd_cdc.o
 .debug_frame   0x00001e60      0x390 ./Middlewares/ST/STM32_USB_Device_Library/Core/Src/usbd_core.o
 .debug_frame   0x000021f0      0x23c ./Middlewares/ST/STM32_USB_Device_Library/Core/Src/usbd_ctlreq.o
 .debug_frame   0x0000242c      0x10c ./Middlewares/ST/STM32_USB_Device_Library/Core/Src/usbd_ioreq.o
 .debug_frame   0x00002538       0x2c ./USB_DEVICE/App/usb_device.o
 .debug_frame   0x00002564       0xe4 ./USB_DEVICE/App/usbd_cdc_if.o
 .debug_frame   0x00002648      0x160 ./USB_DEVICE/App/usbd_desc.o
 .debug_frame   0x000027a8      0x47c ./USB_DEVICE/Target/usbd_conf.o
 .debug_frame   0x00002c24       0x20 C:/ST/STM32CubeIDE_1.19.0/STM32CubeIDE/plugins/com.st.stm32cube.ide.mcu.externaltools.gnu-tools-for-stm32.13.3.rel1.win32_1.0.0.202411081344/tools/bin/../lib/gcc/arm-none-eabi/13.3.1/../../../../arm-none-eabi/lib/thumb/v7e-m+fp/hard\libc_nano.a(libc_a-memset.o)
 .debug_frame   0x00002c44       0x2c C:/ST/STM32CubeIDE_1.19.0/STM32CubeIDE/plugins/com.st.stm32cube.ide.mcu.externaltools.gnu-tools-for-stm32.13.3.rel1.win32_1.0.0.202411081344/tools/bin/../lib/gcc/arm-none-eabi/13.3.1/../../../../arm-none-eabi/lib/thumb/v7e-m+fp/hard\libc_nano.a(libc_a-init.o)
 .debug_frame   0x00002c70       0x2c C:/ST/STM32CubeIDE_1.19.0/STM32CubeIDE/plugins/com.st.stm32cube.ide.mcu.externaltools.gnu-tools-for-stm32.13.3.rel1.win32_1.0.0.202411081344/tools/bin/../lib/gcc/arm-none-eabi/13.3.1/thumb/v7e-m+fp/hard\libgcc.a(_aeabi_uldivmod.o)
 .debug_frame   0x00002c9c       0x34 C:/ST/STM32CubeIDE_1.19.0/STM32CubeIDE/plugins/com.st.stm32cube.ide.mcu.externaltools.gnu-tools-for-stm32.13.3.rel1.win32_1.0.0.202411081344/tools/bin/../lib/gcc/arm-none-eabi/13.3.1/thumb/v7e-m+fp/hard\libgcc.a(_udivmoddi4.o)

.debug_line_str
                0x00000000       0x6d
 .debug_line_str
                0x00000000       0x6d ./Core/Startup/startup_stm32f401cdux.o
