2025-12-08 09:25:39,976 [INFO] Activator:176 - 


2025-12-08 09:25:39,981 [INFO] Activator:177 - !SESSION log4j initialized
2025-12-08 09:25:45,826 [INFO] LogOutputStream:77 - [STDOUT_REDIRECT] 
2025-12-08 09:25:55,586 [INFO] ApplicationProperties:184 - Using Application install path: C:\ST\STM32CubeIDE_1.19.0\STM32CubeIDE\plugins\com.st.stm32cube.common.mx_6.15.0.202507011659
2025-12-08 09:25:55,600 [INFO] DbMcusXml:78 - Set database path to: C:\ST\STM32CubeIDE_1.19.0\STM32CubeIDE\plugins\com.st.stm32cube.common.mx_6.15.0.202507011659\\db\/mcu/
2025-12-08 09:25:55,601 [INFO] ApiDb:274 - Set plugin database path to: C:\ST\STM32CubeIDE_1.19.0\STM32CubeIDE\plugins\com.st.stm32cube.common.mx_6.15.0.202507011659\\db\/plugins/boardmanager/
2025-12-08 09:25:55,601 [WARN] ApiDb:259 - Overriding images path with different value:  => C:\ST\STM32CubeIDE_1.19.0\STM32CubeIDE\plugins\com.st.stm32cube.common.mx_6.15.0.202507011659\\db\/plugins/mcufinder/images/
2025-12-08 09:25:55,609 [INFO] ApiDb:250 - Set database path to: C:\Users\Matyas\.stmcufinder\plugins\mcufinder//mcu/
2025-12-08 09:25:55,610 [INFO] DbMcusAds:125 - Set database path to: C:\Users\Matyas\.stmcufinder\plugins\mcufinder//mcu/
2025-12-08 09:25:55,612 [INFO] CrossReferenceDbSqlite:203 - Set database path to: C:\Users\Matyas\.stmcufinder\plugins\mcufinder//mcu/cs/
2025-12-08 09:25:55,712 [INFO] RulesReader:64 - Compatibility file has been processed (317 Rules)
2025-12-08 09:25:55,796 [INFO] DbMcusXml:78 - Set database path to: C:\ST\STM32CubeIDE_1.19.0\STM32CubeIDE\plugins\com.st.stm32cube.common.mx_6.15.0.202507011659\\db\/mcu/
2025-12-08 09:25:55,796 [INFO] ApiDb:274 - Set plugin database path to: C:\ST\STM32CubeIDE_1.19.0\STM32CubeIDE\plugins\com.st.stm32cube.common.mx_6.15.0.202507011659\\db\/plugins/boardmanager/
2025-12-08 09:25:55,796 [INFO] ApiDb:261 - Set plugin images path to: C:\ST\STM32CubeIDE_1.19.0\STM32CubeIDE\plugins\com.st.stm32cube.common.mx_6.15.0.202507011659\\db\/plugins/mcufinder/images/
2025-12-08 09:25:55,796 [WARN] DbFile:41 - Overriding database path with different value: C:\Users\Matyas\.stmcufinder\plugins\mcufinder/ => C:\Users\Matyas\.stmcufinder\plugins\mcufinder
2025-12-08 09:25:55,796 [INFO] ApiDb:250 - Set database path to: C:\Users\Matyas\.stmcufinder\plugins\mcufinder//mcu/
2025-12-08 09:25:55,796 [WARN] DbFile:41 - Overriding database path with different value: C:\Users\Matyas\.stmcufinder\plugins\mcufinder/ => C:\Users\Matyas\.stmcufinder\plugins\mcufinder
2025-12-08 09:25:55,796 [INFO] DbMcusAds:125 - Set database path to: C:\Users\Matyas\.stmcufinder\plugins\mcufinder//mcu/
2025-12-08 09:25:55,796 [WARN] DbFile:41 - Overriding database path with different value: C:\Users\Matyas\.stmcufinder\plugins\mcufinder/ => C:\Users\Matyas\.stmcufinder\plugins\mcufinder
2025-12-08 09:25:55,796 [WARN] DbFile:41 - Overriding database path with different value: C:\Users\Matyas\.stmcufinder\plugins\mcufinder/ => C:\Users\Matyas\.stmcufinder\plugins\mcufinder
2025-12-08 09:25:55,797 [INFO] CrossReferenceDbSqlite:203 - Set database path to: C:\Users\Matyas\.stmcufinder\plugins\mcufinder//mcu/cs/
2025-12-08 09:25:55,856 [INFO] MainPanel:274 - HeapMemory: 268435456
2025-12-08 09:25:55,947 [INFO] DbMcusXml:78 - Set database path to: C:\ST\STM32CubeIDE_1.19.0\STM32CubeIDE\plugins\com.st.stm32cube.common.mx_6.15.0.202507011659\\db\/mcu/
2025-12-08 09:25:55,947 [INFO] ApiDb:274 - Set plugin database path to: C:\ST\STM32CubeIDE_1.19.0\STM32CubeIDE\plugins\com.st.stm32cube.common.mx_6.15.0.202507011659\\db\/plugins/boardmanager/
2025-12-08 09:25:55,948 [INFO] ApiDb:261 - Set plugin images path to: C:\ST\STM32CubeIDE_1.19.0\STM32CubeIDE\plugins\com.st.stm32cube.common.mx_6.15.0.202507011659\\db\/plugins/mcufinder/images/
2025-12-08 09:25:55,948 [WARN] DbFile:41 - Overriding database path with different value: C:\Users\Matyas\.stmcufinder\plugins\mcufinder/ => C:\Users\Matyas\.stmcufinder\plugins\mcufinder
2025-12-08 09:25:55,948 [INFO] ApiDb:250 - Set database path to: C:\Users\Matyas\.stmcufinder\plugins\mcufinder//mcu/
2025-12-08 09:25:55,948 [WARN] DbFile:41 - Overriding database path with different value: C:\Users\Matyas\.stmcufinder\plugins\mcufinder/ => C:\Users\Matyas\.stmcufinder\plugins\mcufinder
2025-12-08 09:25:55,948 [INFO] DbMcusAds:125 - Set database path to: C:\Users\Matyas\.stmcufinder\plugins\mcufinder//mcu/
2025-12-08 09:25:55,948 [WARN] DbFile:41 - Overriding database path with different value: C:\Users\Matyas\.stmcufinder\plugins\mcufinder/ => C:\Users\Matyas\.stmcufinder\plugins\mcufinder
2025-12-08 09:25:55,948 [WARN] DbFile:41 - Overriding database path with different value: C:\Users\Matyas\.stmcufinder\plugins\mcufinder/ => C:\Users\Matyas\.stmcufinder\plugins\mcufinder
2025-12-08 09:25:55,948 [INFO] CrossReferenceDbSqlite:203 - Set database path to: C:\Users\Matyas\.stmcufinder\plugins\mcufinder//mcu/cs/
2025-12-08 09:25:55,964 [INFO] ApplicationProperties:184 - Using Application install path: C:\ST\STM32CubeIDE_1.19.0\STM32CubeIDE\plugins\com.st.stm32cube.common.mx_6.15.0.202507011659
2025-12-08 09:25:55,964 [INFO] PluginManage:196 - Search for loadable plugins [exclusion list=, ]
2025-12-08 09:25:55,965 [INFO] PluginManage:310 - Check plugin analytics
2025-12-08 09:26:01,109 [INFO] AnalyticsPlugin:253 - Accepted Software Licenses: 
2025-12-08 09:26:01,109 [INFO] AnalyticsPlugin:255 - Accepted CMSIS Pack Licenses: 
2025-12-08 09:26:01,109 [INFO] AnalyticsPlugin:257 - Accepted Firmware Licenses: FW.F4.1.28.0
2025-12-08 09:26:01,112 [INFO] PluginManage:359 - Loaded plugin analytics (category:tool,tabindex:-1)
2025-12-08 09:26:01,112 [INFO] PluginManage:310 - Check plugin cadmodel
2025-12-08 09:26:01,131 [INFO] CADModel:105 - Init CAD model plugin
2025-12-08 09:26:01,131 [INFO] PluginManage:359 - Loaded plugin cadmodel (category:power,tabindex:5)
2025-12-08 09:26:01,131 [INFO] PluginManage:310 - Check plugin clock
2025-12-08 09:26:01,149 [INFO] PluginManage:359 - Loaded plugin clock (category:base,tabindex:2)
2025-12-08 09:26:01,149 [INFO] PluginManage:310 - Check plugin ddr
2025-12-08 09:26:01,151 [INFO] PluginManage:359 - Loaded plugin ddr (category:tool,tabindex:6)
2025-12-08 09:26:01,152 [INFO] PluginManage:310 - Check plugin filemanager
2025-12-08 09:26:01,279 [INFO] PluginManage:359 - Loaded plugin filemanager (category:base,tabindex:10)
2025-12-08 09:26:01,279 [INFO] PluginManage:310 - Check plugin ipmanager
2025-12-08 09:26:01,284 [INFO] PluginManage:359 - Loaded plugin ipmanager (category:base,tabindex:5)
2025-12-08 09:26:01,284 [INFO] PluginManage:310 - Check plugin lpbam
2025-12-08 09:26:01,301 [INFO] PluginManage:359 - Loaded plugin lpbam (category:base,tabindex:0)
2025-12-08 09:26:01,301 [INFO] PluginManage:310 - Check plugin memorymap
2025-12-08 09:26:01,321 [INFO] PluginManage:359 - Loaded plugin memorymap (category:base,tabindex:4)
2025-12-08 09:26:01,321 [INFO] PluginManage:310 - Check plugin pinoutandconfiguration
2025-12-08 09:26:01,338 [INFO] PluginManage:359 - Loaded plugin pinoutandconfiguration (category:base,tabindex:1)
2025-12-08 09:26:01,338 [INFO] PluginManage:310 - Check plugin pinoutconfig
2025-12-08 09:26:01,416 [WARN] SupportedApi:132 - Cannot load RTOS API schema: s4s-elt-must-match.1: The content of 'definitions' must match (annotation?, (simpleType | complexType)?, (unique | key | keyref)*)). A problem was found starting at: attribute.
2025-12-08 09:26:01,524 [INFO] PluginManage:359 - Loaded plugin pinoutconfig (category:base,tabindex:0)
2025-12-08 09:26:01,524 [INFO] PluginManage:310 - Check plugin power
2025-12-08 09:26:01,545 [INFO] PluginManage:359 - Loaded plugin power (category:power,tabindex:4)
2025-12-08 09:26:01,545 [INFO] PluginManage:310 - Check plugin projectmanager
2025-12-08 09:26:01,557 [INFO] PluginManage:359 - Loaded plugin projectmanager (category:projectmanager,tabindex:4)
2025-12-08 09:26:01,557 [INFO] PluginManage:310 - Check plugin rif
2025-12-08 09:26:01,573 [INFO] PluginManage:359 - Loaded plugin rif (category:base,tabindex:3)
2025-12-08 09:26:01,573 [INFO] PluginManage:310 - Check plugin thirdparty
2025-12-08 09:26:01,814 [INFO] PluginManage:359 - Loaded plugin thirdparty (category:base,tabindex:-1)
2025-12-08 09:26:01,814 [WARN] IntegrityCheckThread:84 - waiting for thirdparty lock release [integrity check]
2025-12-08 09:26:01,814 [INFO] PluginManage:310 - Check plugin tools
2025-12-08 09:26:01,814 [INFO] IntegrityCheckThread:86 - entering critical section [integrity check]
2025-12-08 09:26:01,816 [INFO] ThirdPartyUpdaterWithRetryManager:70 - Updater plugin not ready yet. [1/15]
2025-12-08 09:26:01,851 [INFO] PluginManage:359 - Loaded plugin tools (category:base,tabindex:7)
2025-12-08 09:26:01,851 [INFO] PluginManage:310 - Check plugin tutovideos
2025-12-08 09:26:02,047 [INFO] PluginManage:359 - Loaded plugin tutovideos (category:base,tabindex:-1)
2025-12-08 09:26:02,047 [INFO] PluginManage:310 - Check plugin updater
2025-12-08 09:26:02,063 [INFO] PluginManage:359 - Loaded plugin updater (category:base,tabindex:12)
2025-12-08 09:26:02,063 [INFO] PluginManage:310 - Check plugin userauth
2025-12-08 09:26:02,068 [INFO] UserAuth:118 - Init User Auth plugin
2025-12-08 09:26:02,069 [INFO] PluginManage:359 - Loaded plugin userauth (category:base,tabindex:14)
2025-12-08 09:26:02,069 [INFO] PluginManage:283 - PluginManage : Loaded plugins [18]
2025-12-08 09:26:02,240 [INFO] PinOutPanel:1589 - setPackage(No Configuration,No Configuration)
2025-12-08 09:26:02,306 [INFO] CADModel:165 - CPN selected for project level
2025-12-08 09:26:02,306 [INFO] CADModel:114 - Register for checkConnection events
2025-12-08 09:26:02,329 [INFO] IPUIPlugin:80 - create IPUIPlugin
2025-12-08 09:26:02,329 [INFO] PluginManager:220 - loadIPPluginJar : add adc
2025-12-08 09:26:02,364 [INFO] IPUIPlugin:80 - create IPUIPlugin
2025-12-08 09:26:02,365 [INFO] PluginManager:220 - loadIPPluginJar : add aes
2025-12-08 09:26:02,403 [INFO] IPUIPlugin:80 - create IPUIPlugin
2025-12-08 09:26:02,404 [INFO] PluginManager:220 - loadIPPluginJar : add can
2025-12-08 09:26:02,427 [INFO] IPUIPlugin:80 - create IPUIPlugin
2025-12-08 09:26:02,427 [INFO] PluginManager:220 - loadIPPluginJar : add comp
2025-12-08 09:26:02,458 [INFO] IPUIPlugin:80 - create IPUIPlugin
2025-12-08 09:26:02,458 [INFO] PluginManager:220 - loadIPPluginJar : add cryp
2025-12-08 09:26:02,470 [INFO] IPUIPlugin:80 - create IPUIPlugin
2025-12-08 09:26:02,471 [INFO] PluginManager:220 - loadIPPluginJar : add ddr_ctrl_phy
2025-12-08 09:26:02,499 [INFO] IPUIPlugin:80 - create IPUIPlugin
2025-12-08 09:26:02,499 [INFO] PluginManager:220 - loadIPPluginJar : add dfsdm
2025-12-08 09:26:02,512 [INFO] IPUIPlugin:80 - create IPUIPlugin
2025-12-08 09:26:02,512 [INFO] PluginManager:220 - loadIPPluginJar : add dma
2025-12-08 09:26:02,550 [INFO] IPUIPlugin:80 - create IPUIPlugin
2025-12-08 09:26:02,550 [INFO] PluginManager:220 - loadIPPluginJar : add dma3
2025-12-08 09:26:02,594 [INFO] IPUIPlugin:80 - create IPUIPlugin
2025-12-08 09:26:02,594 [INFO] PluginManager:220 - loadIPPluginJar : add extmemmanager
2025-12-08 09:26:02,614 [INFO] IPUIPlugin:80 - create IPUIPlugin
2025-12-08 09:26:02,614 [INFO] PluginManager:220 - loadIPPluginJar : add fatfs
2025-12-08 09:26:02,659 [INFO] IPUIPlugin:80 - create IPUIPlugin
2025-12-08 09:26:02,659 [INFO] PluginManager:220 - loadIPPluginJar : add fmc
2025-12-08 09:26:02,674 [INFO] IPUIPlugin:80 - create IPUIPlugin
2025-12-08 09:26:02,675 [INFO] PluginManager:220 - loadIPPluginJar : add freertos
2025-12-08 09:26:02,693 [INFO] IPUIPlugin:80 - create IPUIPlugin
2025-12-08 09:26:02,693 [INFO] PluginManager:220 - loadIPPluginJar : add genericplugin
2025-12-08 09:26:02,779 [INFO] IPUIPlugin:80 - create IPUIPlugin
2025-12-08 09:26:02,779 [INFO] PluginManager:220 - loadIPPluginJar : add gfxmmu
2025-12-08 09:26:02,904 [INFO] IPUIPlugin:80 - create IPUIPlugin
2025-12-08 09:26:02,905 [INFO] PluginManager:220 - loadIPPluginJar : add gic
2025-12-08 09:26:02,917 [INFO] IPUIPlugin:80 - create IPUIPlugin
2025-12-08 09:26:02,918 [INFO] PluginManager:220 - loadIPPluginJar : add gpio
2025-12-08 09:26:03,007 [INFO] IPUIPlugin:80 - create IPUIPlugin
2025-12-08 09:26:03,007 [INFO] PluginManager:220 - loadIPPluginJar : add gtzc
2025-12-08 09:26:03,037 [INFO] IPUIPlugin:80 - create IPUIPlugin
2025-12-08 09:26:03,037 [INFO] PluginManager:220 - loadIPPluginJar : add hash
2025-12-08 09:26:03,087 [INFO] IPUIPlugin:80 - create IPUIPlugin
2025-12-08 09:26:03,087 [INFO] PluginManager:220 - loadIPPluginJar : add i2c
2025-12-08 09:26:03,123 [INFO] IPUIPlugin:80 - create IPUIPlugin
2025-12-08 09:26:03,125 [INFO] PluginManager:220 - loadIPPluginJar : add i2s
2025-12-08 09:26:03,163 [INFO] IPUIPlugin:80 - create IPUIPlugin
2025-12-08 09:26:03,163 [INFO] PluginManager:220 - loadIPPluginJar : add i3c
2025-12-08 09:26:03,260 [INFO] IPUIPlugin:80 - create IPUIPlugin
2025-12-08 09:26:03,260 [INFO] PluginManager:220 - loadIPPluginJar : add ipddr
2025-12-08 09:26:03,345 [INFO] IPUIPlugin:80 - create IPUIPlugin
2025-12-08 09:26:03,345 [INFO] PluginManager:220 - loadIPPluginJar : add linkedlist
2025-12-08 09:26:03,379 [INFO] IPUIPlugin:80 - create IPUIPlugin
2025-12-08 09:26:03,379 [INFO] PluginManager:220 - loadIPPluginJar : add lorawan
2025-12-08 09:26:03,414 [INFO] IPUIPlugin:80 - create IPUIPlugin
2025-12-08 09:26:03,414 [INFO] PluginManager:220 - loadIPPluginJar : add ltdc
2025-12-08 09:26:03,427 [INFO] IPUIPlugin:80 - create IPUIPlugin
2025-12-08 09:26:03,427 [INFO] PluginManager:220 - loadIPPluginJar : add mdma
2025-12-08 09:26:03,437 [INFO] IPUIPlugin:80 - create IPUIPlugin
2025-12-08 09:26:03,437 [INFO] PluginManager:220 - loadIPPluginJar : add nvic
2025-12-08 09:26:03,472 [INFO] IPUIPlugin:80 - create IPUIPlugin
2025-12-08 09:26:03,472 [INFO] PluginManager:220 - loadIPPluginJar : add opamp
2025-12-08 09:26:03,528 [INFO] IPUIPlugin:80 - create IPUIPlugin
2025-12-08 09:26:03,528 [INFO] PluginManager:220 - loadIPPluginJar : add openamp
2025-12-08 09:26:03,570 [INFO] IPUIPlugin:80 - create IPUIPlugin
2025-12-08 09:26:03,570 [INFO] PluginManager:220 - loadIPPluginJar : add pdm2pcm
2025-12-08 09:26:03,582 [INFO] IPUIPlugin:80 - create IPUIPlugin
2025-12-08 09:26:03,583 [INFO] PluginManager:220 - loadIPPluginJar : add plateformsettings
2025-12-08 09:26:03,606 [INFO] IPUIPlugin:80 - create IPUIPlugin
2025-12-08 09:26:03,606 [INFO] PluginManager:220 - loadIPPluginJar : add quadspi
2025-12-08 09:26:03,632 [INFO] IPUIPlugin:80 - create IPUIPlugin
2025-12-08 09:26:03,633 [INFO] PluginManager:220 - loadIPPluginJar : add radio
2025-12-08 09:26:03,645 [INFO] IPUIPlugin:80 - create IPUIPlugin
2025-12-08 09:26:03,645 [INFO] PluginManager:220 - loadIPPluginJar : add resmgrutility
2025-12-08 09:26:03,690 [INFO] IPUIPlugin:80 - create IPUIPlugin
2025-12-08 09:26:03,690 [INFO] PluginManager:220 - loadIPPluginJar : add sai
2025-12-08 09:26:03,724 [INFO] IPUIPlugin:80 - create IPUIPlugin
2025-12-08 09:26:03,724 [INFO] PluginManager:220 - loadIPPluginJar : add spi
2025-12-08 09:26:03,798 [INFO] IPUIPlugin:80 - create IPUIPlugin
2025-12-08 09:26:03,798 [INFO] PluginManager:220 - loadIPPluginJar : add stm32_wpan
2025-12-08 09:26:03,822 [INFO] IPUIPlugin:80 - create IPUIPlugin
2025-12-08 09:26:03,822 [INFO] PluginManager:220 - loadIPPluginJar : add tim
2025-12-08 09:26:03,876 [INFO] IPUIPlugin:80 - create IPUIPlugin
2025-12-08 09:26:03,876 [INFO] PluginManager:220 - loadIPPluginJar : add touchsensing
2025-12-08 09:26:03,898 [INFO] IPUIPlugin:80 - create IPUIPlugin
2025-12-08 09:26:03,898 [INFO] PluginManager:220 - loadIPPluginJar : add tracer_emb
2025-12-08 09:26:03,921 [INFO] IPUIPlugin:80 - create IPUIPlugin
2025-12-08 09:26:03,921 [INFO] PluginManager:220 - loadIPPluginJar : add ts
2025-12-08 09:26:03,941 [INFO] IPUIPlugin:80 - create IPUIPlugin
2025-12-08 09:26:03,941 [INFO] PluginManager:220 - loadIPPluginJar : add tsc
2025-12-08 09:26:03,961 [INFO] IPUIPlugin:80 - create IPUIPlugin
2025-12-08 09:26:03,961 [INFO] PluginManager:220 - loadIPPluginJar : add ucpd
2025-12-08 09:26:04,002 [INFO] IPUIPlugin:80 - create IPUIPlugin
2025-12-08 09:26:04,002 [INFO] PluginManager:220 - loadIPPluginJar : add usart
2025-12-08 09:26:04,043 [INFO] IPUIPlugin:80 - create IPUIPlugin
2025-12-08 09:26:04,043 [INFO] PluginManager:220 - loadIPPluginJar : add usbx
2025-12-08 09:26:04,163 [FATAL] Updater:351 - Updater called before beeing initialized
2025-12-08 09:26:04,184 [INFO] RulesReader:64 - Compatibility file has been processed (317 Rules)
2025-12-08 09:26:04,194 [INFO] RulesReader:64 - Compatibility file has been processed (317 Rules)
2025-12-08 09:26:04,203 [INFO] CADModel:165 - CPN selected for project level
2025-12-08 09:26:04,203 [INFO] CADModel:114 - Register for checkConnection events
2025-12-08 09:26:04,203 [FATAL] Updater:351 - Updater called before beeing initialized
2025-12-08 09:26:04,203 [ERROR] CADModel:125 - Updater not yet initialized, retry later 
2025-12-08 09:26:04,353 [FATAL] Updater:351 - Updater called before beeing initialized
2025-12-08 09:26:04,354 [INFO] CADModel:165 - CPN selected for project level
2025-12-08 09:26:04,354 [INFO] CADModel:114 - Register for checkConnection events
2025-12-08 09:26:04,354 [FATAL] Updater:351 - Updater called before beeing initialized
2025-12-08 09:26:04,354 [ERROR] CADModel:125 - Updater not yet initialized, retry later 
2025-12-08 09:26:04,356 [FATAL] Updater:351 - Updater called before beeing initialized
2025-12-08 09:26:04,474 [FATAL] Updater:351 - Updater called before beeing initialized
2025-12-08 09:26:04,489 [INFO] DbMcusAds:53 - JSON generation date=Tue Nov 25 15:08:32 CET 2025 (1764079712835)
2025-12-08 09:26:04,489 [FATAL] Updater:351 - Updater called before beeing initialized
2025-12-08 09:26:04,528 [WARN] DetailPanel:346 - Failed to get advertising image, set to default
2025-12-08 09:26:04,596 [FATAL] Updater:351 - Updater called before beeing initialized
2025-12-08 09:26:04,597 [FATAL] Updater:351 - Updater called before beeing initialized
2025-12-08 09:26:04,597 [FATAL] Updater:351 - Updater called before beeing initialized
2025-12-08 09:26:04,597 [WARN] DetailPanel:346 - Failed to get advertising image, set to default
2025-12-08 09:26:04,598 [FATAL] Updater:351 - Updater called before beeing initialized
2025-12-08 09:26:04,649 [ERROR] Updater:1198 - MainUpdater not yet initialized. External WinMGr cannot be set.
2025-12-08 09:26:04,659 [INFO] Updater:1134 - Updater Version found : 6.15.0
2025-12-08 09:26:04,671 [INFO] ApplicationProperties:184 - Using Application install path: C:\ST\STM32CubeIDE_1.19.0\STM32CubeIDE\plugins\com.st.stm32cube.common.mx_6.15.0.202507011659
2025-12-08 09:26:04,817 [INFO] ThirdPartyUpdaterWithRetryManager:70 - Updater plugin not ready yet. [2/15]
2025-12-08 09:26:06,251 [ERROR] LogOutputStream:75 - [STDERR_REDIRECT] Dec 08, 2025 9:26:06 AM java.util.prefs.WindowsPreferences <init>
2025-12-08 09:26:06,252 [ERROR] LogOutputStream:75 - [STDERR_REDIRECT] WARNING: Could not open/create prefs root node Software\JavaSoft\Prefs at root 0xffffffff80000002. Windows RegCreateKeyEx(...) returned error code 5.
2025-12-08 09:26:06,253 [ERROR] LogOutputStream:75 - [STDERR_REDIRECT] 
2025-12-08 09:26:06,596 [INFO] MainUpdater:2872 - connection check result : 10
2025-12-08 09:26:06,597 [INFO] MainUpdater:3604 - Updater definition file requires update
2025-12-08 09:26:06,598 [INFO] MainUpdater:289 - Updater Check For Update Now.
2025-12-08 09:26:06,598 [INFO] MicroXplorer:498 - Change Database Version : DB.6.0.150
2025-12-08 09:26:06,620 [INFO] McuFinderGlobals:63 - Set McuFinder mode to 2 (CubeIDE integrated)
2025-12-08 09:26:06,620 [INFO] UserAuth:171 - activating auth plugin
2025-12-08 09:26:06,622 [INFO] UserAuth:487 - Internet connection configuration mode: 1
2025-12-08 09:26:06,647 [INFO] JxBrowserEngine:152 - Initiate JxBrowser Engine with user profile folder
2025-12-08 09:26:06,663 [INFO] ServerAccessManage:452 - Complete download http(s) 200
2025-12-08 09:26:06,664 [INFO] ServerAccessManage:509 - Download File updaters.zip
2025-12-08 09:26:06,750 [INFO] FileExtend:248 - Unzip File : updaters.zip
2025-12-08 09:26:06,750 [INFO] FileExtend:263 - Standard Zip Deflate
2025-12-08 09:26:07,228 [INFO] ServerAccessManage:452 - Complete download http(s) 200
2025-12-08 09:26:07,228 [INFO] ServerAccessManage:509 - Download File PacksControlFlags.xml
2025-12-08 09:26:07,288 [INFO] ServerAccessManage:452 - Complete download http(s) 200
2025-12-08 09:26:07,288 [INFO] ServerAccessManage:509 - Download File cubemx.pidx
2025-12-08 09:26:07,376 [INFO] LoadServerUpdatesThread:375 - End of LoadServerUpdate Thread
2025-12-08 09:26:07,545 [INFO] CheckServerUpdateThread:120 - End of CheckServer Thread
2025-12-08 09:26:08,083 [WARN] PackLoader:240 - Cannot read IP mode file for STMicroelectronics.FP-SNS-MOTENVWB1.1.4.0
2025-12-08 09:26:08,097 [WARN] PackLoader:240 - Cannot read IP mode file for STMicroelectronics.FP-ATR-ASTRA1.2.0.2
2025-12-08 09:26:08,110 [WARN] PackLoader:240 - Cannot read IP mode file for STMicroelectronics.X-CUBE-SMBUS.2.1.0
2025-12-08 09:26:08,144 [WARN] PackLoader:240 - Cannot read IP mode file for STMicroelectronics.X-CUBE-AZRTOS-F7.1.1.0
2025-12-08 09:26:08,157 [WARN] PackLoader:240 - Cannot read IP mode file for STMicroelectronics.FP-SNS-MOTENV1.5.1.0
2025-12-08 09:26:08,165 [INFO] WebApp:169 - Instantiating new browser for Auth
2025-12-08 09:26:08,172 [WARN] PackLoader:240 - Cannot read IP mode file for WES.I-CUBE-Cesium.1.4.0
2025-12-08 09:26:08,217 [WARN] PackLoader:240 - Cannot read IP mode file for STMicroelectronics.X-CUBE-AZRTOS-H7.3.4.0
2025-12-08 09:26:08,243 [WARN] PackLoader:240 - Cannot read IP mode file for STMicroelectronics.X-CUBE-DISPLAY.3.0.0
2025-12-08 09:26:08,269 [WARN] PackLoader:240 - Cannot read IP mode file for STMicroelectronics.X-CUBE-NFC10.1.0.0
2025-12-08 09:26:08,286 [WARN] PackLoader:240 - Cannot read IP mode file for STMicroelectronics.X-CUBE-ST60.1.1.0
2025-12-08 09:26:08,301 [WARN] PackLoader:240 - Cannot read IP mode file for emotas.I-CUBE-CANOPEN.1.3.0
2025-12-08 09:26:08,314 [WARN] PackLoader:240 - Cannot read IP mode file for STMicroelectronics.X-CUBE-GNSS1.7.1.0
2025-12-08 09:26:08,329 [WARN] PackLoader:240 - Cannot read IP mode file for STMicroelectronics.FP-SNS-STBOX1.2.1.0
2025-12-08 09:26:08,344 [WARN] PackLoader:240 - Cannot read IP mode file for STMicroelectronics.FP-SNS-SMARTAG2.1.2.0
2025-12-08 09:26:08,356 [WARN] PackLoader:240 - Cannot read IP mode file for STMicroelectronics.FP-SNS-FLIGHT1.5.1.0
2025-12-08 09:26:08,374 [INFO] LogOutputStream:77 - [STDOUT_REDIRECT] 1 : Invalid condition id : UX_CORESTACK_Condition cause : null
2025-12-08 09:26:08,375 [INFO] LogOutputStream:77 - [STDOUT_REDIRECT] 1 : Invalid condition id : UX_CORESTACK_Condition cause : null
2025-12-08 09:26:08,376 [INFO] LogOutputStream:77 - [STDOUT_REDIRECT] 1 : Invalid condition id : UX_CORESTACK_Condition cause : null
2025-12-08 09:26:08,378 [INFO] LogOutputStream:77 - [STDOUT_REDIRECT] 1 : Invalid condition id : UX_CORESTACK_Condition cause : null
2025-12-08 09:26:08,379 [INFO] LogOutputStream:77 - [STDOUT_REDIRECT] 1 : Invalid condition id : UX_CORESTACK_Condition cause : null
2025-12-08 09:26:08,382 [WARN] PackLoader:240 - Cannot read IP mode file for STMicroelectronics.X-CUBE-AZRTOS-WL.2.0.0
2025-12-08 09:26:08,414 [WARN] PackLoader:240 - Cannot read IP mode file for STMicroelectronics.X-CUBE-AZRTOS-H7RS.1.2.0
2025-12-08 09:26:08,430 [WARN] PackLoader:240 - Cannot read IP mode file for STMicroelectronics.X-CUBE-BLE2.3.3.0
2025-12-08 09:26:08,492 [WARN] PackLoader:240 - Cannot read IP mode file for Infineon.AIROC-Wi-Fi-Bluetooth-STM32.1.8.0
2025-12-08 09:26:08,509 [WARN] PackLoader:240 - Cannot read IP mode file for STMicroelectronics.X-CUBE-NFC9.1.0.0
2025-12-08 09:26:08,523 [WARN] PackLoader:240 - Cannot read IP mode file for wolfSSL.I-CUBE-wolfSSL.5.8.2
2025-12-08 09:26:08,536 [WARN] PackLoader:240 - Cannot read IP mode file for STMicroelectronics.X-CUBE-BLE1.7.1.0
2025-12-08 09:26:08,548 [WARN] PackLoader:240 - Cannot read IP mode file for wolfSSL.I-CUBE-wolfMQTT.1.19.2
2025-12-08 09:26:08,560 [WARN] PackLoader:240 - Cannot read IP mode file for STMicroelectronics.X-CUBE-FREERTOS.1.4.0
2025-12-08 09:26:08,573 [WARN] PackLoader:240 - Cannot read IP mode file for STMicroelectronics.X-CUBE-EEPRMA1.5.2.0
2025-12-08 09:26:08,587 [WARN] PackLoader:240 - Cannot read IP mode file for Cesanta.I-CUBE-Mongoose.7.20.0
2025-12-08 09:26:08,597 [WARN] PackLoader:240 - Cannot read IP mode file for STMicroelectronics.X-CUBE-ST67W61.1.1.0
2025-12-08 09:26:08,634 [WARN] PackLoader:240 - Cannot read IP mode file for STMicroelectronics.X-CUBE-MEMS1.12.0.0
2025-12-08 09:26:08,713 [WARN] PackLoader:240 - Cannot read IP mode file for STMicroelectronics.X-CUBE-AZRTOS-G0.1.1.0
2025-12-08 09:26:08,725 [WARN] PackLoader:240 - Cannot read IP mode file for STMicroelectronics.X-CUBE-NFC4.3.0.0
2025-12-08 09:26:08,739 [WARN] PackLoader:240 - Cannot read IP mode file for EmbeddedOffice.I-CUBE-FS-RTOS.1.0.1
2025-12-08 09:26:08,750 [WARN] PackLoader:240 - Cannot read IP mode file for STMicroelectronics.X-CUBE-WB05N.2.0.0
2025-12-08 09:26:08,760 [WARN] PackLoader:240 - Cannot read IP mode file for wolfSSL.I-CUBE-wolfTPM.3.8.0
2025-12-08 09:26:08,771 [WARN] PackLoader:240 - Cannot read IP mode file for STMicroelectronics.X-CUBE-TCPP.4.2.0
2025-12-08 09:26:08,783 [WARN] PackLoader:240 - Cannot read IP mode file for RealThread.X-CUBE-RT-Thread_Nano.4.1.1
2025-12-08 09:26:08,792 [WARN] PackLoader:240 - Cannot read IP mode file for STMicroelectronics.FP-ATR-SIGFOX1.3.2.0
2025-12-08 09:26:08,803 [WARN] PackLoader:240 - Cannot read IP mode file for ITTIA_DB.I-CUBE-ITTIADB.8.9.0
2025-12-08 09:26:08,811 [WARN] PackLoader:240 - Cannot read IP mode file for STMicroelectronics.X-CUBE-AI.10.2.0
2025-12-08 09:26:08,833 [WARN] PackLoader:240 - Cannot read IP mode file for SEGGER.I-CUBE-embOS.1.3.1
2025-12-08 09:26:08,857 [WARN] PackLoader:240 - Cannot read IP mode file for STMicroelectronics.X-CUBE-ALGOBUILD.1.4.0
2025-12-08 09:26:08,867 [WARN] PackLoader:240 - Cannot read IP mode file for STMicroelectronics.X-CUBE-PM33A1.1.0.0
2025-12-08 09:26:08,886 [WARN] PackLoader:240 - Cannot read IP mode file for STMicroelectronics.X-CUBE-AZRTOS-F4.1.1.0
2025-12-08 09:26:08,896 [WARN] PackLoader:240 - Cannot read IP mode file for STMicroelectronics.X-CUBE-ISPU.2.1.0
2025-12-08 09:26:08,912 [WARN] PackLoader:240 - Cannot read IP mode file for STMicroelectronics.X-CUBE-IPS.3.2.0
2025-12-08 09:26:08,925 [WARN] PackLoader:240 - Cannot read IP mode file for STMicroelectronics.X-CUBE-NFC12.1.0.0
2025-12-08 09:26:08,949 [WARN] PackLoader:240 - Cannot read IP mode file for STMicroelectronics.X-CUBE-AZRTOS-L5.2.0.0
2025-12-08 09:26:08,966 [WARN] PackLoader:240 - Cannot read IP mode file for STMicroelectronics.X-CUBE-NFC6.3.1.0
2025-12-08 09:26:08,982 [WARN] PackLoader:240 - Cannot read IP mode file for STMicroelectronics.X-CUBE-TOUCHGFX.4.26.0
2025-12-08 09:26:08,994 [WARN] PackLoader:240 - Cannot read IP mode file for STMicroelectronics.FP-SNS-STAIOTCFT.1.0.0
2025-12-08 09:26:09,008 [WARN] PackLoader:240 - Cannot read IP mode file for STMicroelectronics.X-CUBE-DPower.1.3.0
2025-12-08 09:26:09,028 [WARN] ConditionMgr:438 - getConditionDescription Invalid condition id : LAN8742 Phy interface Condition cause : null
2025-12-08 09:26:09,028 [WARN] PackLoader:240 - Cannot read IP mode file for STMicroelectronics.X-CUBE-AZRTOS-L4.2.0.0
2025-12-08 09:26:09,029 [WARN] ConditionMgr:1044 - genDependencies : Invalid condition id : LAN8742 Phy interface Condition cause : null
2025-12-08 09:26:09,029 [WARN] ConditionMgr:1044 - genDependencies : Invalid condition id : LAN8742 Phy interface Condition cause : null
2025-12-08 09:26:09,030 [WARN] ConditionMgr:1044 - genDependencies : Invalid condition id : LAN8742 Phy interface Condition cause : null
2025-12-08 09:26:09,043 [WARN] PackLoader:240 - Cannot read IP mode file for STMicroelectronics.X-CUBE-SFXS2LP1.4.0.0
2025-12-08 09:26:09,056 [WARN] PackLoader:240 - Cannot read IP mode file for STMicroelectronics.X-CUBE-BLEMGR.4.1.0
2025-12-08 09:26:09,075 [WARN] ConditionMgr:438 - getConditionDescription Invalid condition id : UX DEVICE CLASS RTOS Condition cause : null
2025-12-08 09:26:09,075 [WARN] ConditionMgr:438 - getConditionDescription Invalid condition id : UX DEVICE CLASS RTOS Condition cause : null
2025-12-08 09:26:09,076 [WARN] PackLoader:240 - Cannot read IP mode file for STMicroelectronics.X-CUBE-AZRTOS-WB.2.0.0
2025-12-08 09:26:09,076 [WARN] ConditionMgr:1044 - genDependencies : Invalid condition id : UX DEVICE CLASS RTOS Condition cause : null
2025-12-08 09:26:09,076 [WARN] ConditionMgr:1044 - genDependencies : Invalid condition id : UX DEVICE CLASS RTOS Condition cause : null
2025-12-08 09:26:09,076 [WARN] ConditionMgr:1044 - genDependencies : Invalid condition id : UX DEVICE CLASS RTOS Condition cause : null
2025-12-08 09:26:09,076 [WARN] ConditionMgr:1044 - genDependencies : Invalid condition id : UX DEVICE CLASS RTOS Condition cause : null
2025-12-08 09:26:09,076 [WARN] ConditionMgr:1044 - genDependencies : Invalid condition id : UX DEVICE CLASS RTOS Condition cause : null
2025-12-08 09:26:09,087 [WARN] ConditionMgr:438 - getConditionDescription Invalid condition id : Cortex-A Device cause : null
2025-12-08 09:26:09,099 [WARN] ConditionMgr:1044 - genDependencies : Invalid condition id : Cortex-A Device cause : null
2025-12-08 09:26:09,099 [WARN] ConditionMgr:1044 - genDependencies : Invalid condition id : Cortex-A Device cause : null
2025-12-08 09:26:09,100 [WARN] ConditionMgr:1044 - genDependencies : Invalid condition id : Cortex-A Device cause : null
2025-12-08 09:26:09,114 [WARN] PackLoader:240 - Cannot read IP mode file for STMicroelectronics.X-CUBE-SUBG2.5.0.0
2025-12-08 09:26:09,135 [WARN] PackLoader:240 - Cannot read IP mode file for STMicroelectronics.X-CUBE-AZRTOS-G4.2.0.0
2025-12-08 09:26:09,144 [WARN] PackLoader:240 - Cannot read IP mode file for wolfSSL.I-CUBE-wolfSSH.1.4.20
2025-12-08 09:26:09,154 [WARN] PackLoader:240 - Cannot read IP mode file for STMicroelectronics.X-CUBE-NFC7.2.0.0
2025-12-08 09:26:09,164 [WARN] PackLoader:240 - Cannot read IP mode file for STMicroelectronics.X-CUBE-ALS.1.0.2
2025-12-08 09:26:09,175 [WARN] PackLoader:240 - Cannot read IP mode file for STMicroelectronics.X-CUBE-STSE01.1.0.0
2025-12-08 09:26:09,188 [WARN] PackLoader:240 - Cannot read IP mode file for STMicroelectronics.X-CUBE-TOF1.3.4.3
2025-12-08 09:26:09,193 [INFO] ThirdParty:978 - Integrity check success = true
2025-12-08 09:26:09,193 [INFO] IntegrityCheckThread:100 - exiting critical section [integrity check]
2025-12-08 09:26:09,193 [INFO] IntegrityCheckThread:103 - End integrity checks thread
2025-12-08 09:26:09,482 [INFO] WebApp:463 - Apply proxy settings
2025-12-08 09:26:09,482 [INFO] WebApp:548 - Chromium requires no authentication
2025-12-08 09:26:09,490 [INFO] WebApp:491 - Direct internet connection detected
2025-12-08 09:26:09,507 [INFO] WebApp:900 - Register for checkConnection events
2025-12-08 09:26:09,508 [INFO] WebApp:463 - Apply proxy settings
2025-12-08 09:26:09,508 [INFO] WebApp:548 - Chromium requires no authentication
2025-12-08 09:26:09,508 [INFO] WebApp:491 - Direct internet connection detected
2025-12-08 09:26:09,654 [INFO] WebApp:191 - Connection restablished
2025-12-08 09:26:09,659 [INFO] WebApp:225 - Starting web application
2025-12-08 09:26:09,659 [INFO] WebApp:593 - Web application path used C:\ST\STM32CubeIDE_1.19.0\STM32CubeIDE\plugins\com.st.stm32cube.common.mx_6.15.0.202507011659\db\plugins\mcufinder\reactClient1\index.html
2025-12-08 16:16:20,935 [INFO] WebApp:194 - Connection lost
2025-12-08 16:16:21,197 [INFO] WebApp:191 - Connection restablished
2025-12-08 16:16:26,688 [INFO] WebApp:194 - Connection lost
2025-12-08 16:16:26,808 [INFO] WebApp:191 - Connection restablished
2025-12-08 19:01:18,460 [INFO] WebApp:194 - Connection lost
2025-12-08 19:01:18,583 [INFO] WebApp:191 - Connection restablished
