09:53:40 **** Incremental Build of configuration Debug for project blackpill_bootloader_application ****
make -j16 all 
arm-none-eabi-gcc "../Core/Src/main.c" -mcpu=cortex-m4 -std=gnu11 -g3 -DDEBUG -DUSE_HAL_DRIVER -DSTM32F411xE -c -I../Core/Inc -I../Drivers/STM32F4xx_HAL_Driver/Inc -I../Drivers/STM32F4xx_HAL_Driver/Inc/Legacy -I../Drivers/CMSIS/Device/ST/STM32F4xx/Include -I../Drivers/CMSIS/Include -I../USB_DEVICE/App -I../USB_DEVICE/Target -I../Middlewares/ST/STM32_USB_Device_Library/Core/Inc -I../Middlewares/ST/STM32_USB_Device_Library/Class/CDC/Inc -Og -ffunction-sections -fdata-sections -Wall -fstack-usage -fcyclomatic-complexity -MMD -MP -MF"Core/Src/main.d" -MT"Core/Src/main.o" --specs=nano.specs -mfpu=fpv4-sp-d16 -mfloat-abi=hard -mthumb -o "Core/Src/main.o"
arm-none-eabi-gcc -o "blackpill_bootloader_application.elf" @"objects.list"   -mcpu=cortex-m4 -T"C:\Users\Matyas\Desktop\Coding\HW\STM32\stm32fun\examples\blackpill_bootloader_application\STM32F411CEUX_FLASH.ld" --specs=nosys.specs -Wl,-Map="blackpill_bootloader_application.map" -Wl,--gc-sections -static --specs=nano.specs -mfpu=fpv4-sp-d16 -mfloat-abi=hard -mthumb -u _printf_float -Wl,--start-group -lc -lm -Wl,--end-group
Finished building target: blackpill_bootloader_application.elf
 
arm-none-eabi-size  blackpill_bootloader_application.elf 
arm-none-eabi-objdump -h -S blackpill_bootloader_application.elf  > "blackpill_bootloader_application.list"
arm-none-eabi-objcopy  -O ihex blackpill_bootloader_application.elf  "blackpill_bootloader_application.hex"
   text	   data	    bss	    dec	    hex	filename
  31960	    704	   9128	  41792	   a340	blackpill_bootloader_application.elf
arm-none-eabi-objcopy  -O binary blackpill_bootloader_application.elf  "blackpill_bootloader_application.bin"
Finished building: default.size.stdout
 
Finished building: blackpill_bootloader_application.hex
Finished building: blackpill_bootloader_application.bin
 
 
Finished building: blackpill_bootloader_application.list
 

09:53:41 Build Finished. 0 errors, 0 warnings. (took 800ms)

