11:48:08 **** Incremental Build of configuration Release for project NucleoF439-BSW ****
make -j16 all 
arm-none-eabi-gcc "../Core/Src/image.c" -mcpu=cortex-m4 -std=gnu11 -DUSE_HAL_DRIVER -DSTM32F439xx -c -I../Core/Inc -I../Drivers/STM32F4xx_HAL_Driver/Inc -I../Drivers/STM32F4xx_HAL_Driver/Inc/Legacy -I../Drivers/CMSIS/Device/ST/STM32F4xx/Include -I../Drivers/CMSIS/Include -I../wolfSSL -I../Middlewares/Third_Party/wolfSSL_wolfSSL_wolfSSL/wolfssl/ -Os -ffunction-sections -fdata-sections -Wall -fstack-usage -fcyclomatic-complexity -MMD -MP -MF"Core/Src/image.d" -MT"Core/Src/image.o" --specs=nano.specs -mfpu=fpv4-sp-d16 -mfloat-abi=hard -mthumb -o "Core/Src/image.o"
../Core/Src/image.c: In function 'imageGetHeader':
../Core/Src/image.c:26:29: warning: 'header' may be used uninitialized [-Wmaybe-uninitialized]
   26 |         if (header && header->imageMagic == IMAGE_MAGIC)
      |                       ~~~~~~^~~~~~~~~~~~
../Core/Src/image.c:13:31: note: 'header' was declared here
   13 |         const image_header_t *header;
      |                               ^~~~~~
arm-none-eabi-gcc -o "NucleoF439-BSW.elf" @"objects.list"   -mcpu=cortex-m4 -T"C:\Users\Matyas\Desktop\Coding\ESA\Kollert_2025_2026\STM32CubeIDE\NucleoF439-BSW\STM32F439ZITX_FLASH.ld" --specs=nosys.specs -Wl,-Map="NucleoF439-BSW.map" -Wl,--gc-sections -static --specs=nano.specs -mfpu=fpv4-sp-d16 -mfloat-abi=hard -mthumb -Wl,--start-group -lc -lm -Wl,--end-group
Finished building target: NucleoF439-BSW.elf
 
arm-none-eabi-size  NucleoF439-BSW.elf 
arm-none-eabi-objdump -h -S NucleoF439-BSW.elf  > "NucleoF439-BSW.list"
   text	   data	    bss	    dec	    hex	filename
  45428	    136	   3808	  49372	   c0dc	NucleoF439-BSW.elf
Finished building: default.size.stdout
 
Finished building: NucleoF439-BSW.list
 

11:48:09 Build Finished. 0 errors, 1 warnings. (took 1s.462ms)

11:48:10 **** Incremental Build of configuration Debug for project NucleoF439-BSW ****
make -j16 all 
arm-none-eabi-size  NucleoF439-BSW.elf 
   text	   data	    bss	    dec	    hex	filename
  85168	    136	   3816	  89120	  15c20	NucleoF439-BSW.elf
Finished building: default.size.stdout
 
11:53:35 **** Incremental Build of configuration Release for project NucleoF439-BSW ****
make -j16 all 
arm-none-eabi-size  NucleoF439-BSW.elf 
   text	   data	    bss	    dec	    hex	filename
  45428	    136	   3808	  49372	   c0dc	NucleoF439-BSW.elf
Finished building: default.size.stdout
 
11:59:26 **** Incremental Build of configuration Release for project NucleoF439-BSW ****
make -j16 all 
arm-none-eabi-gcc "../Core/Src/main.c" -mcpu=cortex-m4 -std=gnu11 -DUSE_HAL_DRIVER -DSTM32F439xx -c -I../Core/Inc -I../Drivers/STM32F4xx_HAL_Driver/Inc -I../Drivers/STM32F4xx_HAL_Driver/Inc/Legacy -I../Drivers/CMSIS/Device/ST/STM32F4xx/Include -I../Drivers/CMSIS/Include -I../wolfSSL -I../Middlewares/Third_Party/wolfSSL_wolfSSL_wolfSSL/wolfssl/ -Os -ffunction-sections -fdata-sections -Wall -fstack-usage -fcyclomatic-complexity -MMD -MP -MF"Core/Src/main.d" -MT"Core/Src/main.o" --specs=nano.specs -mfpu=fpv4-sp-d16 -mfloat-abi=hard -mthumb -o "Core/Src/main.o"
arm-none-eabi-gcc "../Core/Src/update.c" -mcpu=cortex-m4 -std=gnu11 -DUSE_HAL_DRIVER -DSTM32F439xx -c -I../Core/Inc -I../Drivers/STM32F4xx_HAL_Driver/Inc -I../Drivers/STM32F4xx_HAL_Driver/Inc/Legacy -I../Drivers/CMSIS/Device/ST/STM32F4xx/Include -I../Drivers/CMSIS/Include -I../wolfSSL -I../Middlewares/Third_Party/wolfSSL_wolfSSL_wolfSSL/wolfssl/ -Os -ffunction-sections -fdata-sections -Wall -fstack-usage -fcyclomatic-complexity -MMD -MP -MF"Core/Src/update.d" -MT"Core/Src/update.o" --specs=nano.specs -mfpu=fpv4-sp-d16 -mfloat-abi=hard -mthumb -o "Core/Src/update.o"
arm-none-eabi-gcc -o "NucleoF439-BSW.elf" @"objects.list"   -mcpu=cortex-m4 -T"C:\Users\Matyas\Desktop\Coding\ESA\Kollert_2025_2026\STM32CubeIDE\NucleoF439-BSW\STM32F439ZITX_FLASH.ld" --specs=nosys.specs -Wl,-Map="NucleoF439-BSW.map" -Wl,--gc-sections -static --specs=nano.specs -mfpu=fpv4-sp-d16 -mfloat-abi=hard -mthumb -Wl,--start-group -lc -lm -Wl,--end-group
Finished building target: NucleoF439-BSW.elf
 
arm-none-eabi-size  NucleoF439-BSW.elf 
arm-none-eabi-objdump -h -S NucleoF439-BSW.elf  > "NucleoF439-BSW.list"
   text	   data	    bss	    dec	    hex	filename
  45428	    136	   3808	  49372	   c0dc	NucleoF439-BSW.elf
Finished building: default.size.stdout
 
Finished building: NucleoF439-BSW.list
 
13:00:00 **** Incremental Build of configuration Release for project NucleoF439-BSW ****
make -j16 all 
arm-none-eabi-gcc "../Core/Src/main.c" -mcpu=cortex-m4 -std=gnu11 -DUSE_HAL_DRIVER -DSTM32F439xx -c -I../Core/Inc -I../Drivers/STM32F4xx_HAL_Driver/Inc -I../Drivers/STM32F4xx_HAL_Driver/Inc/Legacy -I../Drivers/CMSIS/Device/ST/STM32F4xx/Include -I../Drivers/CMSIS/Include -I../wolfSSL -I../Middlewares/Third_Party/wolfSSL_wolfSSL_wolfSSL/wolfssl/ -Os -ffunction-sections -fdata-sections -Wall -fstack-usage -fcyclomatic-complexity -MMD -MP -MF"Core/Src/main.d" -MT"Core/Src/main.o" --specs=nano.specs -mfpu=fpv4-sp-d16 -mfloat-abi=hard -mthumb -o "Core/Src/main.o"
arm-none-eabi-gcc -o "NucleoF439-BSW.elf" @"objects.list"   -mcpu=cortex-m4 -T"C:\Users\Matyas\Desktop\Coding\ESA\Kollert_2025_2026\STM32CubeIDE\NucleoF439-BSW\STM32F439ZITX_FLASH.ld" --specs=nosys.specs -Wl,-Map="NucleoF439-BSW.map" -Wl,--gc-sections -static --specs=nano.specs -mfpu=fpv4-sp-d16 -mfloat-abi=hard -mthumb -Wl,--start-group -lc -lm -Wl,--end-group
Finished building target: NucleoF439-BSW.elf
 
arm-none-eabi-size  NucleoF439-BSW.elf 
arm-none-eabi-objdump -h -S NucleoF439-BSW.elf  > "NucleoF439-BSW.list"
   text	   data	    bss	    dec	    hex	filename
  45448	    136	   3808	  49392	   c0f0	NucleoF439-BSW.elf
Finished building: default.size.stdout
 
Finished building: NucleoF439-BSW.list
 
