15:24:18 **** Incremental Build of configuration Debug for project SecureBoot-1-App ****
make -j16 all 
arm-none-eabi-size  SecureBoot-1-App.elf 
   text	   data	    bss	    dec	    hex	filename
  32112	    344	   9044	  41500	   a21c	SecureBoot-1-App.elf
Finished building: default.size.stdout
 
15:25:22 **** Incremental Build of configuration Debug for project SecureBoot-1-App ****
make -j16 all 
arm-none-eabi-gcc "../Core/Src/main.c" -mcpu=cortex-m4 -std=gnu11 -g3 -DDEBUG -DUSE_HAL_DRIVER -DSTM32F401xE -c -I../Core/Inc -I../Drivers/STM32F4xx_HAL_Driver/Inc -I../Drivers/STM32F4xx_HAL_Driver/Inc/Legacy -I../Drivers/CMSIS/Device/ST/STM32F4xx/Include -I../Drivers/CMSIS/Include -I../USB_DEVICE/App -I../USB_DEVICE/Target -I../Middlewares/ST/STM32_USB_Device_Library/Core/Inc -I../Middlewares/ST/STM32_USB_Device_Library/Class/CDC/Inc -O0 -ffunction-sections -fdata-sections -Wall -fstack-usage -fcyclomatic-complexity -MMD -MP -MF"Core/Src/main.d" -MT"Core/Src/main.o" --specs=nano.specs -mfpu=fpv4-sp-d16 -mfloat-abi=hard -mthumb -o "Core/Src/main.o"
arm-none-eabi-gcc -o "SecureBoot-1-App.elf" @"objects.list"   -mcpu=cortex-m4 -T"C:\Users\Matyas\STM32CubeIDE\workspace_1.19.0\SecureBoot-1-App\STM32F401CDUX_FLASH_RAM.ld" --specs=nosys.specs -Wl,-Map="SecureBoot-1-App.map" -Wl,--gc-sections -static --specs=nano.specs -mfpu=fpv4-sp-d16 -mfloat-abi=hard -mthumb -Wl,--start-group -lc -lm -Wl,--end-group
C:/ST/STM32CubeIDE_1.19.0/STM32CubeIDE/plugins/com.st.stm32cube.ide.mcu.externaltools.gnu-tools-for-stm32.13.3.rel1.win32_1.0.0.202411081344/tools/bin/../lib/gcc/arm-none-eabi/13.3.1/../../../../arm-none-eabi/bin/ld.exe: warning: SecureBoot-1-App.elf has a LOAD segment with RWX permissions
Finished building target: SecureBoot-1-App.elf
 
arm-none-eabi-size  SecureBoot-1-App.elf 
arm-none-eabi-objdump -h -S SecureBoot-1-App.elf  > "SecureBoot-1-App.list"
   text	   data	    bss	    dec	    hex	filename
  27988	    252	   8712	  36952	   9058	SecureBoot-1-App.elf
Finished building: default.size.stdout
 
Finished building: SecureBoot-1-App.list
 
15:29:36 **** Incremental Build of configuration Debug for project SecureBoot-1-App ****
make -j16 all 
arm-none-eabi-size  SecureBoot-1-App.elf 
   text	   data	    bss	    dec	    hex	filename
  27988	    252	   8712	  36952	   9058	SecureBoot-1-App.elf
Finished building: default.size.stdout
 
15:31:09 **** Incremental Build of configuration Debug for project SecureBoot-1-App ****
make -j16 all 
arm-none-eabi-gcc "../Core/Src/main.c" -mcpu=cortex-m4 -std=gnu11 -g3 -DDEBUG -DUSE_HAL_DRIVER -DSTM32F401xE -c -I../Core/Inc -I../Drivers/STM32F4xx_HAL_Driver/Inc -I../Drivers/STM32F4xx_HAL_Driver/Inc/Legacy -I../Drivers/CMSIS/Device/ST/STM32F4xx/Include -I../Drivers/CMSIS/Include -I../USB_DEVICE/App -I../USB_DEVICE/Target -I../Middlewares/ST/STM32_USB_Device_Library/Core/Inc -I../Middlewares/ST/STM32_USB_Device_Library/Class/CDC/Inc -O0 -ffunction-sections -fdata-sections -Wall -fstack-usage -fcyclomatic-complexity -MMD -MP -MF"Core/Src/main.d" -MT"Core/Src/main.o" --specs=nano.specs -mfpu=fpv4-sp-d16 -mfloat-abi=hard -mthumb -o "Core/Src/main.o"
arm-none-eabi-gcc -o "SecureBoot-1-App.elf" @"objects.list"   -mcpu=cortex-m4 -T"C:\Users\Matyas\STM32CubeIDE\workspace_1.19.0\SecureBoot-1-App\STM32F401CDUX_FLASH_RAM.ld" --specs=nosys.specs -Wl,-Map="SecureBoot-1-App.map" -Wl,--gc-sections -static --specs=nano.specs -mfpu=fpv4-sp-d16 -mfloat-abi=hard -mthumb -Wl,--start-group -lc -lm -Wl,--end-group
C:/ST/STM32CubeIDE_1.19.0/STM32CubeIDE/plugins/com.st.stm32cube.ide.mcu.externaltools.gnu-tools-for-stm32.13.3.rel1.win32_1.0.0.202411081344/tools/bin/../lib/gcc/arm-none-eabi/13.3.1/../../../../arm-none-eabi/bin/ld.exe: warning: SecureBoot-1-App.elf has a LOAD segment with RWX permissions
Finished building target: SecureBoot-1-App.elf
 
arm-none-eabi-size  SecureBoot-1-App.elf 
arm-none-eabi-objdump -h -S SecureBoot-1-App.elf  > "SecureBoot-1-App.list"
   text	   data	    bss	    dec	    hex	filename
  32120	    344	   9044	  41508	   a224	SecureBoot-1-App.elf
Finished building: default.size.stdout
 
Finished building: SecureBoot-1-App.list
 
11:06:23 **** Incremental Build of configuration Debug for project SecureBoot-1-App ****
make -j16 all 
arm-none-eabi-gcc -o "SecureBoot-1-App.elf" @"objects.list"   -mcpu=cortex-m4 -T"C:\Users\Matyas\STM32CubeIDE\workspace_1.19.0\SecureBoot-1-App\STM32F401CDUX_FLASH_RAM.ld" --specs=nosys.specs -Wl,-Map="SecureBoot-1-App.map" -Wl,--gc-sections -static --specs=nano.specs -mfpu=fpv4-sp-d16 -mfloat-abi=hard -mthumb -Wl,--start-group -lc -lm -Wl,--end-group
Finished building target: SecureBoot-1-App.elf
 
arm-none-eabi-size  SecureBoot-1-App.elf 
arm-none-eabi-objdump -h -S SecureBoot-1-App.elf  > "SecureBoot-1-App.list"
   text	   data	    bss	    dec	    hex	filename
  32228	    344	   9044	  41616	   a290	SecureBoot-1-App.elf
Finished building: default.size.stdout
 
Finished building: SecureBoot-1-App.list
 
11:07:54 **** Incremental Build of configuration Debug for project SecureBoot-1 ****
make -j16 all 
arm-none-eabi-gcc "../Core/Src/main.c" -mcpu=cortex-m4 -std=gnu11 -g3 -DDEBUG -DUSE_HAL_DRIVER -DSTM32F401xE -c -I../Core/Inc -I../Drivers/STM32F4xx_HAL_Driver/Inc -I../Drivers/STM32F4xx_HAL_Driver/Inc/Legacy -I../Drivers/CMSIS/Device/ST/STM32F4xx/Include -I../Drivers/CMSIS/Include -I../USB_DEVICE/App -I../USB_DEVICE/Target -I../Middlewares/ST/STM32_USB_Device_Library/Core/Inc -I../Middlewares/ST/STM32_USB_Device_Library/Class/CDC/Inc -O0 -ffunction-sections -fdata-sections -Wall -fstack-usage -fcyclomatic-complexity -MMD -MP -MF"Core/Src/main.d" -MT"Core/Src/main.o" --specs=nano.specs -mfpu=fpv4-sp-d16 -mfloat-abi=hard -mthumb -o "Core/Src/main.o"
../Core/Src/main.c: In function 'main':
../Core/Src/main.c:320:3: warning: implicit declaration of function 'USBD_DeInit'; did you mean 'USB_DevInit'? [-Wimplicit-function-declaration]
  320 |   USBD_DeInit(&hUsbDeviceFS);
      |   ^~~~~~~~~~~
      |   USB_DevInit
../Core/Src/main.c:251:25: warning: unused variable 'copy_table_entries' [-Wunused-variable]
  251 |   section_copy_entry_t *copy_table_entries = (section_copy_entry_t *)(*copy_table_ptr_addr);
      |                         ^~~~~~~~~~~~~~~~~~
../Core/Src/main.c:198:25: warning: unused variable 'copy_table' [-Wunused-variable]
  198 |   section_copy_entry_t *copy_table = (section_copy_entry_t *)(app_flash_base + copy_table_flash_offset);
      |                         ^~~~~~~~~~
arm-none-eabi-gcc -o "SecureBoot-1.elf" @"objects.list"   -mcpu=cortex-m4 -T"C:\Users\Matyas\STM32CubeIDE\workspace_1.19.0\SecureBoot-1\STM32F401CDUX_FLASH_RAM.ld" --specs=nosys.specs -Wl,-Map="SecureBoot-1.map" -Wl,--gc-sections -static --specs=nano.specs -mfpu=fpv4-sp-d16 -mfloat-abi=hard -mthumb -Wl,--start-group -lc -lm -Wl,--end-group
Finished building target: SecureBoot-1.elf
 
arm-none-eabi-size  SecureBoot-1.elf 
arm-none-eabi-objdump -h -S SecureBoot-1.elf  > "SecureBoot-1.list"
   text	   data	    bss	    dec	    hex	filename
  35252	    344	   9056	  44652	   ae6c	SecureBoot-1.elf
Finished building: default.size.stdout
 
Finished building: SecureBoot-1.list
 
11:09:36 **** Incremental Build of configuration Debug for project SecureBoot-1 ****
make -j16 all 
arm-none-eabi-gcc "../Core/Src/main.c" -mcpu=cortex-m4 -std=gnu11 -g3 -DDEBUG -DUSE_HAL_DRIVER -DSTM32F401xE -c -I../Core/Inc -I../Drivers/STM32F4xx_HAL_Driver/Inc -I../Drivers/STM32F4xx_HAL_Driver/Inc/Legacy -I../Drivers/CMSIS/Device/ST/STM32F4xx/Include -I../Drivers/CMSIS/Include -I../USB_DEVICE/App -I../USB_DEVICE/Target -I../Middlewares/ST/STM32_USB_Device_Library/Core/Inc -I../Middlewares/ST/STM32_USB_Device_Library/Class/CDC/Inc -O0 -ffunction-sections -fdata-sections -Wall -fstack-usage -fcyclomatic-complexity -MMD -MP -MF"Core/Src/main.d" -MT"Core/Src/main.o" --specs=nano.specs -mfpu=fpv4-sp-d16 -mfloat-abi=hard -mthumb -o "Core/Src/main.o"
../Core/Src/main.c: In function 'main':
../Core/Src/main.c:320:3: warning: implicit declaration of function 'USBD_DeInit'; did you mean 'USB_DevInit'? [-Wimplicit-function-declaration]
  320 |   USBD_DeInit(&hUsbDeviceFS);
      |   ^~~~~~~~~~~
      |   USB_DevInit
../Core/Src/main.c:251:25: warning: unused variable 'copy_table_entries' [-Wunused-variable]
  251 |   section_copy_entry_t *copy_table_entries = (section_copy_entry_t *)(*copy_table_ptr_addr);
      |                         ^~~~~~~~~~~~~~~~~~
../Core/Src/main.c:198:25: warning: unused variable 'copy_table' [-Wunused-variable]
  198 |   section_copy_entry_t *copy_table = (section_copy_entry_t *)(app_flash_base + copy_table_flash_offset);
      |                         ^~~~~~~~~~
arm-none-eabi-gcc -o "SecureBoot-1.elf" @"objects.list"   -mcpu=cortex-m4 -T"C:\Users\Matyas\STM32CubeIDE\workspace_1.19.0\SecureBoot-1\STM32F401CDUX_FLASH_RAM.ld" --specs=nosys.specs -Wl,-Map="SecureBoot-1.map" -Wl,--gc-sections -static --specs=nano.specs -mfpu=fpv4-sp-d16 -mfloat-abi=hard -mthumb -Wl,--start-group -lc -lm -Wl,--end-group
Finished building target: SecureBoot-1.elf
 
arm-none-eabi-size  SecureBoot-1.elf 
arm-none-eabi-objdump -h -S SecureBoot-1.elf  > "SecureBoot-1.list"
   text	   data	    bss	    dec	    hex	filename
  35252	    344	   9056	  44652	   ae6c	SecureBoot-1.elf
Finished building: default.size.stdout
 
Finished building: SecureBoot-1.list
 
11:10:34 **** Incremental Build of configuration Debug for project SecureBoot-1-App ****
make -j16 all 
arm-none-eabi-size  SecureBoot-1-App.elf 
   text	   data	    bss	    dec	    hex	filename
  32228	    344	   9044	  41616	   a290	SecureBoot-1-App.elf
Finished building: default.size.stdout
 
11:21:39 **** Incremental Build of configuration Debug for project SecureBoot-1-App ****
make -j16 all 
arm-none-eabi-gcc "../Core/Src/main.c" -mcpu=cortex-m4 -std=gnu11 -g3 -DDEBUG -DUSE_HAL_DRIVER -DSTM32F401xE -c -I../Core/Inc -I../Drivers/STM32F4xx_HAL_Driver/Inc -I../Drivers/STM32F4xx_HAL_Driver/Inc/Legacy -I../Drivers/CMSIS/Device/ST/STM32F4xx/Include -I../Drivers/CMSIS/Include -I../USB_DEVICE/App -I../USB_DEVICE/Target -I../Middlewares/ST/STM32_USB_Device_Library/Core/Inc -I../Middlewares/ST/STM32_USB_Device_Library/Class/CDC/Inc -O0 -ffunction-sections -fdata-sections -Wall -fstack-usage -fcyclomatic-complexity -MMD -MP -MF"Core/Src/main.d" -MT"Core/Src/main.o" --specs=nano.specs -mfpu=fpv4-sp-d16 -mfloat-abi=hard -mthumb -o "Core/Src/main.o"
../Core/Src/main.c: In function 'main':
../Core/Src/main.c:102:11: warning: unused variable 'buffer' [-Wunused-variable]
  102 |   uint8_t buffer[64];// = "App 1 Loaded!";
      |           ^~~~~~
arm-none-eabi-gcc -o "SecureBoot-1-App.elf" @"objects.list"   -mcpu=cortex-m4 -T"C:\Users\Matyas\STM32CubeIDE\workspace_1.19.0\SecureBoot-1-App\STM32F401CDUX_FLASH_RAM.ld" --specs=nosys.specs -Wl,-Map="SecureBoot-1-App.map" -Wl,--gc-sections -static --specs=nano.specs -mfpu=fpv4-sp-d16 -mfloat-abi=hard -mthumb -Wl,--start-group -lc -lm -Wl,--end-group
Finished building target: SecureBoot-1-App.elf
 
arm-none-eabi-size  SecureBoot-1-App.elf 
arm-none-eabi-objdump -h -S SecureBoot-1-App.elf  > "SecureBoot-1-App.list"
   text	   data	    bss	    dec	    hex	filename
  32220	    344	   9044	  41608	   a288	SecureBoot-1-App.elf
Finished building: default.size.stdout
 
Finished building: SecureBoot-1-App.list
 
11:22:11 **** Incremental Build of configuration Debug for project SecureBoot-1 ****
make -j16 all 
arm-none-eabi-gcc "../Core/Src/main.c" -mcpu=cortex-m4 -std=gnu11 -g3 -DDEBUG -DUSE_HAL_DRIVER -DSTM32F401xE -c -I../Core/Inc -I../Drivers/STM32F4xx_HAL_Driver/Inc -I../Drivers/STM32F4xx_HAL_Driver/Inc/Legacy -I../Drivers/CMSIS/Device/ST/STM32F4xx/Include -I../Drivers/CMSIS/Include -I../USB_DEVICE/App -I../USB_DEVICE/Target -I../Middlewares/ST/STM32_USB_Device_Library/Core/Inc -I../Middlewares/ST/STM32_USB_Device_Library/Class/CDC/Inc -O0 -ffunction-sections -fdata-sections -Wall -fstack-usage -fcyclomatic-complexity -MMD -MP -MF"Core/Src/main.d" -MT"Core/Src/main.o" --specs=nano.specs -mfpu=fpv4-sp-d16 -mfloat-abi=hard -mthumb -o "Core/Src/main.o"
../Core/Src/main.c: In function 'main':
../Core/Src/main.c:320:3: warning: implicit declaration of function 'USBD_DeInit'; did you mean 'USB_DevInit'? [-Wimplicit-function-declaration]
  320 |   USBD_DeInit(&hUsbDeviceFS);
      |   ^~~~~~~~~~~
      |   USB_DevInit
../Core/Src/main.c:251:25: warning: unused variable 'copy_table_entries' [-Wunused-variable]
  251 |   section_copy_entry_t *copy_table_entries = (section_copy_entry_t *)(*copy_table_ptr_addr);
      |                         ^~~~~~~~~~~~~~~~~~
../Core/Src/main.c:198:25: warning: unused variable 'copy_table' [-Wunused-variable]
  198 |   section_copy_entry_t *copy_table = (section_copy_entry_t *)(app_flash_base + copy_table_flash_offset);
      |                         ^~~~~~~~~~
arm-none-eabi-gcc -o "SecureBoot-1.elf" @"objects.list"   -mcpu=cortex-m4 -T"C:\Users\Matyas\STM32CubeIDE\workspace_1.19.0\SecureBoot-1\STM32F401CDUX_FLASH_RAM.ld" --specs=nosys.specs -Wl,-Map="SecureBoot-1.map" -Wl,--gc-sections -static --specs=nano.specs -mfpu=fpv4-sp-d16 -mfloat-abi=hard -mthumb -Wl,--start-group -lc -lm -Wl,--end-group
Finished building target: SecureBoot-1.elf
 
arm-none-eabi-size  SecureBoot-1.elf 
arm-none-eabi-objdump -h -S SecureBoot-1.elf  > "SecureBoot-1.list"
   text	   data	    bss	    dec	    hex	filename
  35252	    344	   9056	  44652	   ae6c	SecureBoot-1.elf
Finished building: default.size.stdout
 
Finished building: SecureBoot-1.list
 
11:24:14 **** Incremental Build of configuration Debug for project SecureBoot-1-App ****
make -j16 all 
arm-none-eabi-gcc "../Core/Src/main.c" -mcpu=cortex-m4 -std=gnu11 -g3 -DDEBUG -DUSE_HAL_DRIVER -DSTM32F401xE -c -I../Core/Inc -I../Drivers/STM32F4xx_HAL_Driver/Inc -I../Drivers/STM32F4xx_HAL_Driver/Inc/Legacy -I../Drivers/CMSIS/Device/ST/STM32F4xx/Include -I../Drivers/CMSIS/Include -I../USB_DEVICE/App -I../USB_DEVICE/Target -I../Middlewares/ST/STM32_USB_Device_Library/Core/Inc -I../Middlewares/ST/STM32_USB_Device_Library/Class/CDC/Inc -O0 -ffunction-sections -fdata-sections -Wall -fstack-usage -fcyclomatic-complexity -MMD -MP -MF"Core/Src/main.d" -MT"Core/Src/main.o" --specs=nano.specs -mfpu=fpv4-sp-d16 -mfloat-abi=hard -mthumb -o "Core/Src/main.o"
../Core/Src/main.c: In function 'main':
../Core/Src/main.c:102:11: warning: unused variable 'buffer' [-Wunused-variable]
  102 |   uint8_t buffer[64];// = "App 1 Loaded!";
      |           ^~~~~~
arm-none-eabi-gcc -o "SecureBoot-1-App.elf" @"objects.list"   -mcpu=cortex-m4 -T"C:\Users\Matyas\STM32CubeIDE\workspace_1.19.0\SecureBoot-1-App\STM32F401CDUX_FLASH_RAM.ld" --specs=nosys.specs -Wl,-Map="SecureBoot-1-App.map" -Wl,--gc-sections -static --specs=nano.specs -mfpu=fpv4-sp-d16 -mfloat-abi=hard -mthumb -Wl,--start-group -lc -lm -Wl,--end-group
Finished building target: SecureBoot-1-App.elf
 
arm-none-eabi-size  SecureBoot-1-App.elf 
arm-none-eabi-objdump -h -S SecureBoot-1-App.elf  > "SecureBoot-1-App.list"
   text	   data	    bss	    dec	    hex	filename
  32228	    344	   9044	  41616	   a290	SecureBoot-1-App.elf
Finished building: default.size.stdout
 
Finished building: SecureBoot-1-App.list
 
11:24:36 **** Incremental Build of configuration Debug for project SecureBoot-1 ****
make -j16 all 
arm-none-eabi-gcc "../Core/Src/main.c" -mcpu=cortex-m4 -std=gnu11 -g3 -DDEBUG -DUSE_HAL_DRIVER -DSTM32F401xE -c -I../Core/Inc -I../Drivers/STM32F4xx_HAL_Driver/Inc -I../Drivers/STM32F4xx_HAL_Driver/Inc/Legacy -I../Drivers/CMSIS/Device/ST/STM32F4xx/Include -I../Drivers/CMSIS/Include -I../USB_DEVICE/App -I../USB_DEVICE/Target -I../Middlewares/ST/STM32_USB_Device_Library/Core/Inc -I../Middlewares/ST/STM32_USB_Device_Library/Class/CDC/Inc -O0 -ffunction-sections -fdata-sections -Wall -fstack-usage -fcyclomatic-complexity -MMD -MP -MF"Core/Src/main.d" -MT"Core/Src/main.o" --specs=nano.specs -mfpu=fpv4-sp-d16 -mfloat-abi=hard -mthumb -o "Core/Src/main.o"
../Core/Src/main.c: In function 'main':
../Core/Src/main.c:320:3: warning: implicit declaration of function 'USBD_DeInit'; did you mean 'USB_DevInit'? [-Wimplicit-function-declaration]
  320 |   USBD_DeInit(&hUsbDeviceFS);
      |   ^~~~~~~~~~~
      |   USB_DevInit
../Core/Src/main.c:251:25: warning: unused variable 'copy_table_entries' [-Wunused-variable]
  251 |   section_copy_entry_t *copy_table_entries = (section_copy_entry_t *)(*copy_table_ptr_addr);
      |                         ^~~~~~~~~~~~~~~~~~
../Core/Src/main.c:198:25: warning: unused variable 'copy_table' [-Wunused-variable]
  198 |   section_copy_entry_t *copy_table = (section_copy_entry_t *)(app_flash_base + copy_table_flash_offset);
      |                         ^~~~~~~~~~
arm-none-eabi-gcc -o "SecureBoot-1.elf" @"objects.list"   -mcpu=cortex-m4 -T"C:\Users\Matyas\STM32CubeIDE\workspace_1.19.0\SecureBoot-1\STM32F401CDUX_FLASH_RAM.ld" --specs=nosys.specs -Wl,-Map="SecureBoot-1.map" -Wl,--gc-sections -static --specs=nano.specs -mfpu=fpv4-sp-d16 -mfloat-abi=hard -mthumb -Wl,--start-group -lc -lm -Wl,--end-group
Finished building target: SecureBoot-1.elf
 
arm-none-eabi-size  SecureBoot-1.elf 
arm-none-eabi-objdump -h -S SecureBoot-1.elf  > "SecureBoot-1.list"
   text	   data	    bss	    dec	    hex	filename
  35252	    344	   9056	  44652	   ae6c	SecureBoot-1.elf
Finished building: default.size.stdout
 
Finished building: SecureBoot-1.list
 
11:34:50 **** Incremental Build of configuration Debug for project SecureBoot-1-App ****
make -j16 all 
arm-none-eabi-gcc "../Core/Src/main.c" -mcpu=cortex-m4 -std=gnu11 -g3 -DDEBUG -DUSE_HAL_DRIVER -DSTM32F401xE -c -I../Core/Inc -I../Drivers/STM32F4xx_HAL_Driver/Inc -I../Drivers/STM32F4xx_HAL_Driver/Inc/Legacy -I../Drivers/CMSIS/Device/ST/STM32F4xx/Include -I../Drivers/CMSIS/Include -I../USB_DEVICE/App -I../USB_DEVICE/Target -I../Middlewares/ST/STM32_USB_Device_Library/Core/Inc -I../Middlewares/ST/STM32_USB_Device_Library/Class/CDC/Inc -O0 -ffunction-sections -fdata-sections -Wall -fstack-usage -fcyclomatic-complexity -MMD -MP -MF"Core/Src/main.d" -MT"Core/Src/main.o" --specs=nano.specs -mfpu=fpv4-sp-d16 -mfloat-abi=hard -mthumb -o "Core/Src/main.o"
../Core/Src/main.c: In function 'main':
../Core/Src/main.c:103:11: warning: pointer targets in passing argument 1 of 'sprintf' differ in signedness [-Wpointer-sign]
  103 |   sprintf(buffer, "printf address: 0x% \n", (uintptr_t)printf);
      |           ^~~~~~
      |           |
      |           uint8_t * {aka unsigned char *}
In file included from ../USB_DEVICE/Target/usbd_conf.h:30,
                 from ../Middlewares/ST/STM32_USB_Device_Library/Core/Inc/usbd_def.h:28,
                 from ../USB_DEVICE/App/usb_device.h:32,
                 from ../Core/Src/main.c:21:
C:\ST\STM32CubeIDE_1.19.0\STM32CubeIDE\plugins\com.st.stm32cube.ide.mcu.externaltools.gnu-tools-for-stm32.13.3.rel1.win32_1.0.0.202411081344\tools\bin/../lib/gcc/arm-none-eabi/13.3.1/../../../../arm-none-eabi/include/stdio.h:250:18: note: expected 'char * restrict' but argument is of type 'uint8_t *' {aka 'unsigned char *'}
  250 | int     sprintf (char *__restrict, const char *__restrict, ...)
      |                  ^
../Core/Src/main.c:103:40: warning: unknown conversion type character '\x0a' in format [-Wformat=]
  103 |   sprintf(buffer, "printf address: 0x% \n", (uintptr_t)printf);
      |                                        ^~
../Core/Src/main.c:103:19: warning: too many arguments for format [-Wformat-extra-args]
  103 |   sprintf(buffer, "printf address: 0x% \n", (uintptr_t)printf);
      |                   ^~~~~~~~~~~~~~~~~~~~~~~~
arm-none-eabi-gcc -o "SecureBoot-1-App.elf" @"objects.list"   -mcpu=cortex-m4 -T"C:\Users\Matyas\STM32CubeIDE\workspace_1.19.0\SecureBoot-1-App\STM32F401CDUX_FLASH_RAM.ld" --specs=nosys.specs -Wl,-Map="SecureBoot-1-App.map" -Wl,--gc-sections -static --specs=nano.specs -mfpu=fpv4-sp-d16 -mfloat-abi=hard -mthumb -Wl,--start-group -lc -lm -Wl,--end-group
Finished building target: SecureBoot-1-App.elf
 
arm-none-eabi-size  SecureBoot-1-App.elf 
arm-none-eabi-objdump -h -S SecureBoot-1-App.elf  > "SecureBoot-1-App.list"
   text	   data	    bss	    dec	    hex	filename
  33224	    344	   9048	  42616	   a678	SecureBoot-1-App.elf
Finished building: default.size.stdout
 
Finished building: SecureBoot-1-App.list
 
11:37:29 **** Incremental Build of configuration Debug for project SecureBoot-1 ****
make -j16 all 
arm-none-eabi-gcc "../Core/Src/main.c" -mcpu=cortex-m4 -std=gnu11 -g3 -DDEBUG -DUSE_HAL_DRIVER -DSTM32F401xE -c -I../Core/Inc -I../Drivers/STM32F4xx_HAL_Driver/Inc -I../Drivers/STM32F4xx_HAL_Driver/Inc/Legacy -I../Drivers/CMSIS/Device/ST/STM32F4xx/Include -I../Drivers/CMSIS/Include -I../USB_DEVICE/App -I../USB_DEVICE/Target -I../Middlewares/ST/STM32_USB_Device_Library/Core/Inc -I../Middlewares/ST/STM32_USB_Device_Library/Class/CDC/Inc -O0 -ffunction-sections -fdata-sections -Wall -fstack-usage -fcyclomatic-complexity -MMD -MP -MF"Core/Src/main.d" -MT"Core/Src/main.o" --specs=nano.specs -mfpu=fpv4-sp-d16 -mfloat-abi=hard -mthumb -o "Core/Src/main.o"
../Core/Src/main.c: In function 'main':
../Core/Src/main.c:310:3: warning: implicit declaration of function 'USBD_DeInit'; did you mean 'USB_DevInit'? [-Wimplicit-function-declaration]
  310 |   USBD_DeInit(&hUsbDeviceFS);
      |   ^~~~~~~~~~~
      |   USB_DevInit
../Core/Src/main.c:251:25: warning: unused variable 'copy_table_entries' [-Wunused-variable]
  251 |   section_copy_entry_t *copy_table_entries = (section_copy_entry_t *)(*copy_table_ptr_addr);
      |                         ^~~~~~~~~~~~~~~~~~
../Core/Src/main.c:198:25: warning: unused variable 'copy_table' [-Wunused-variable]
  198 |   section_copy_entry_t *copy_table = (section_copy_entry_t *)(app_flash_base + copy_table_flash_offset);
      |                         ^~~~~~~~~~
arm-none-eabi-gcc -o "SecureBoot-1.elf" @"objects.list"   -mcpu=cortex-m4 -T"C:\Users\Matyas\STM32CubeIDE\workspace_1.19.0\SecureBoot-1\STM32F401CDUX_FLASH_RAM.ld" --specs=nosys.specs -Wl,-Map="SecureBoot-1.map" -Wl,--gc-sections -static --specs=nano.specs -mfpu=fpv4-sp-d16 -mfloat-abi=hard -mthumb -Wl,--start-group -lc -lm -Wl,--end-group
Finished building target: SecureBoot-1.elf
 
arm-none-eabi-size  SecureBoot-1.elf 
arm-none-eabi-objdump -h -S SecureBoot-1.elf  > "SecureBoot-1.list"
   text	   data	    bss	    dec	    hex	filename
  35020	    344	   9056	  44420	   ad84	SecureBoot-1.elf
Finished building: default.size.stdout
 
Finished building: SecureBoot-1.list
 
11:38:45 **** Incremental Build of configuration Debug for project SecureBoot-1-App ****
make -j16 all 
arm-none-eabi-gcc "../Core/Src/main.c" -mcpu=cortex-m4 -std=gnu11 -g3 -DDEBUG -DUSE_HAL_DRIVER -DSTM32F401xE -c -I../Core/Inc -I../Drivers/STM32F4xx_HAL_Driver/Inc -I../Drivers/STM32F4xx_HAL_Driver/Inc/Legacy -I../Drivers/CMSIS/Device/ST/STM32F4xx/Include -I../Drivers/CMSIS/Include -I../USB_DEVICE/App -I../USB_DEVICE/Target -I../Middlewares/ST/STM32_USB_Device_Library/Core/Inc -I../Middlewares/ST/STM32_USB_Device_Library/Class/CDC/Inc -O0 -ffunction-sections -fdata-sections -Wall -fstack-usage -fcyclomatic-complexity -MMD -MP -MF"Core/Src/main.d" -MT"Core/Src/main.o" --specs=nano.specs -mfpu=fpv4-sp-d16 -mfloat-abi=hard -mthumb -o "Core/Src/main.o"
../Core/Src/main.c: In function 'main':
../Core/Src/main.c:103:11: warning: pointer targets in passing argument 1 of 'sprintf' differ in signedness [-Wpointer-sign]
  103 |   sprintf(buffer, "printf address: 0x%p \n", (uintptr_t)printf);
      |           ^~~~~~
      |           |
      |           uint8_t * {aka unsigned char *}
In file included from ../USB_DEVICE/Target/usbd_conf.h:30,
                 from ../Middlewares/ST/STM32_USB_Device_Library/Core/Inc/usbd_def.h:28,
                 from ../USB_DEVICE/App/usb_device.h:32,
                 from ../Core/Src/main.c:21:
C:\ST\STM32CubeIDE_1.19.0\STM32CubeIDE\plugins\com.st.stm32cube.ide.mcu.externaltools.gnu-tools-for-stm32.13.3.rel1.win32_1.0.0.202411081344\tools\bin/../lib/gcc/arm-none-eabi/13.3.1/../../../../arm-none-eabi/include/stdio.h:250:18: note: expected 'char * restrict' but argument is of type 'uint8_t *' {aka 'unsigned char *'}
  250 | int     sprintf (char *__restrict, const char *__restrict, ...)
      |                  ^
../Core/Src/main.c:103:39: warning: format '%p' expects argument of type 'void *', but argument 3 has type 'unsigned int' [-Wformat=]
  103 |   sprintf(buffer, "printf address: 0x%p \n", (uintptr_t)printf);
      |                                      ~^      ~~~~~~~~~~~~~~~~~
      |                                       |      |
      |                                       void * unsigned int
      |                                      %d
arm-none-eabi-gcc -o "SecureBoot-1-App.elf" @"objects.list"   -mcpu=cortex-m4 -T"C:\Users\Matyas\STM32CubeIDE\workspace_1.19.0\SecureBoot-1-App\STM32F401CDUX_FLASH_RAM.ld" --specs=nosys.specs -Wl,-Map="SecureBoot-1-App.map" -Wl,--gc-sections -static --specs=nano.specs -mfpu=fpv4-sp-d16 -mfloat-abi=hard -mthumb -Wl,--start-group -lc -lm -Wl,--end-group
Finished building target: SecureBoot-1-App.elf
 
arm-none-eabi-size  SecureBoot-1-App.elf 
arm-none-eabi-objdump -h -S SecureBoot-1-App.elf  > "SecureBoot-1-App.list"
   text	   data	    bss	    dec	    hex	filename
  33224	    344	   9048	  42616	   a678	SecureBoot-1-App.elf
Finished building: default.size.stdout
 
Finished building: SecureBoot-1-App.list
 
11:42:28 **** Incremental Build of configuration Debug for project SecureBoot-1-App ****
make -j16 all 
arm-none-eabi-gcc "../Core/Src/main.c" -mcpu=cortex-m4 -std=gnu11 -g3 -DDEBUG -DUSE_HAL_DRIVER -DSTM32F401xE -c -I../Core/Inc -I../Drivers/STM32F4xx_HAL_Driver/Inc -I../Drivers/STM32F4xx_HAL_Driver/Inc/Legacy -I../Drivers/CMSIS/Device/ST/STM32F4xx/Include -I../Drivers/CMSIS/Include -I../USB_DEVICE/App -I../USB_DEVICE/Target -I../Middlewares/ST/STM32_USB_Device_Library/Core/Inc -I../Middlewares/ST/STM32_USB_Device_Library/Class/CDC/Inc -O0 -ffunction-sections -fdata-sections -Wall -fstack-usage -fcyclomatic-complexity -MMD -MP -MF"Core/Src/main.d" -MT"Core/Src/main.o" --specs=nano.specs -mfpu=fpv4-sp-d16 -mfloat-abi=hard -mthumb -o "Core/Src/main.o"
../Core/Src/main.c: In function 'main':
../Core/Src/main.c:103:11: warning: pointer targets in passing argument 1 of 'sprintf' differ in signedness [-Wpointer-sign]
  103 |   sprintf(buffer, "printf address: 0x%p \n", (uintptr_t)printf);
      |           ^~~~~~
      |           |
      |           uint8_t * {aka unsigned char *}
In file included from ../USB_DEVICE/Target/usbd_conf.h:30,
                 from ../Middlewares/ST/STM32_USB_Device_Library/Core/Inc/usbd_def.h:28,
                 from ../USB_DEVICE/App/usb_device.h:32,
                 from ../Core/Src/main.c:21:
C:\ST\STM32CubeIDE_1.19.0\STM32CubeIDE\plugins\com.st.stm32cube.ide.mcu.externaltools.gnu-tools-for-stm32.13.3.rel1.win32_1.0.0.202411081344\tools\bin/../lib/gcc/arm-none-eabi/13.3.1/../../../../arm-none-eabi/include/stdio.h:250:18: note: expected 'char * restrict' but argument is of type 'uint8_t *' {aka 'unsigned char *'}
  250 | int     sprintf (char *__restrict, const char *__restrict, ...)
      |                  ^
../Core/Src/main.c:103:39: warning: format '%p' expects argument of type 'void *', but argument 3 has type 'unsigned int' [-Wformat=]
  103 |   sprintf(buffer, "printf address: 0x%p \n", (uintptr_t)printf);
      |                                      ~^      ~~~~~~~~~~~~~~~~~
      |                                       |      |
      |                                       void * unsigned int
      |                                      %d
arm-none-eabi-gcc -o "SecureBoot-1-App.elf" @"objects.list"   -mcpu=cortex-m4 -T"C:\Users\Matyas\STM32CubeIDE\workspace_1.19.0\SecureBoot-1-App\STM32F401CDUX_FLASH_RAM.ld" --specs=nosys.specs -Wl,-Map="SecureBoot-1-App.map" -Wl,--gc-sections -static --specs=nano.specs -mfpu=fpv4-sp-d16 -mfloat-abi=hard -mthumb -Wl,--start-group -lc -lm -Wl,--end-group
Finished building target: SecureBoot-1-App.elf
 
arm-none-eabi-size  SecureBoot-1-App.elf 
arm-none-eabi-objdump -h -S SecureBoot-1-App.elf  > "SecureBoot-1-App.list"
   text	   data	    bss	    dec	    hex	filename
  33216	    344	   9048	  42608	   a670	SecureBoot-1-App.elf
Finished building: default.size.stdout
 
Finished building: SecureBoot-1-App.list
 
11:43:44 **** Incremental Build of configuration Debug for project SecureBoot-1 ****
make -j16 all 
arm-none-eabi-gcc "../Core/Src/main.c" -mcpu=cortex-m4 -std=gnu11 -g3 -DDEBUG -DUSE_HAL_DRIVER -DSTM32F401xE -c -I../Core/Inc -I../Drivers/STM32F4xx_HAL_Driver/Inc -I../Drivers/STM32F4xx_HAL_Driver/Inc/Legacy -I../Drivers/CMSIS/Device/ST/STM32F4xx/Include -I../Drivers/CMSIS/Include -I../USB_DEVICE/App -I../USB_DEVICE/Target -I../Middlewares/ST/STM32_USB_Device_Library/Core/Inc -I../Middlewares/ST/STM32_USB_Device_Library/Class/CDC/Inc -O0 -ffunction-sections -fdata-sections -Wall -fstack-usage -fcyclomatic-complexity -MMD -MP -MF"Core/Src/main.d" -MT"Core/Src/main.o" --specs=nano.specs -mfpu=fpv4-sp-d16 -mfloat-abi=hard -mthumb -o "Core/Src/main.o"
../Core/Src/main.c: In function 'main':
../Core/Src/main.c:251:25: warning: unused variable 'copy_table_entries' [-Wunused-variable]
  251 |   section_copy_entry_t *copy_table_entries = (section_copy_entry_t *)(*copy_table_ptr_addr);
      |                         ^~~~~~~~~~~~~~~~~~
../Core/Src/main.c:198:25: warning: unused variable 'copy_table' [-Wunused-variable]
  198 |   section_copy_entry_t *copy_table = (section_copy_entry_t *)(app_flash_base + copy_table_flash_offset);
      |                         ^~~~~~~~~~
arm-none-eabi-gcc -o "SecureBoot-1.elf" @"objects.list"   -mcpu=cortex-m4 -T"C:\Users\Matyas\STM32CubeIDE\workspace_1.19.0\SecureBoot-1\STM32F401CDUX_FLASH_RAM.ld" --specs=nosys.specs -Wl,-Map="SecureBoot-1.map" -Wl,--gc-sections -static --specs=nano.specs -mfpu=fpv4-sp-d16 -mfloat-abi=hard -mthumb -Wl,--start-group -lc -lm -Wl,--end-group
Finished building target: SecureBoot-1.elf
 
arm-none-eabi-size  SecureBoot-1.elf 
arm-none-eabi-objdump -h -S SecureBoot-1.elf  > "SecureBoot-1.list"
   text	   data	    bss	    dec	    hex	filename
  33820	    344	   9056	  43220	   a8d4	SecureBoot-1.elf
Finished building: default.size.stdout
 
Finished building: SecureBoot-1.list
 
11:48:25 **** Incremental Build of configuration Debug for project SecureBoot-1-App ****
make -j16 all 
arm-none-eabi-gcc "../Core/Src/main.c" -mcpu=cortex-m4 -std=gnu11 -g3 -DDEBUG -DUSE_HAL_DRIVER -DSTM32F401xE -c -I../Core/Inc -I../Drivers/STM32F4xx_HAL_Driver/Inc -I../Drivers/STM32F4xx_HAL_Driver/Inc/Legacy -I../Drivers/CMSIS/Device/ST/STM32F4xx/Include -I../Drivers/CMSIS/Include -I../USB_DEVICE/App -I../USB_DEVICE/Target -I../Middlewares/ST/STM32_USB_Device_Library/Core/Inc -I../Middlewares/ST/STM32_USB_Device_Library/Class/CDC/Inc -O0 -ffunction-sections -fdata-sections -Wall -fstack-usage -fcyclomatic-complexity -MMD -MP -MF"Core/Src/main.d" -MT"Core/Src/main.o" --specs=nano.specs -mfpu=fpv4-sp-d16 -mfloat-abi=hard -mthumb -o "Core/Src/main.o"
../Core/Src/main.c: In function 'main':
../Core/Src/main.c:106:11: warning: pointer targets in passing argument 1 of 'sprintf' differ in signedness [-Wpointer-sign]
  106 |   sprintf(buffer, "printf address: 0x%p \n", (uintptr_t)printf);
      |           ^~~~~~
      |           |
      |           uint8_t * {aka unsigned char *}
In file included from ../USB_DEVICE/Target/usbd_conf.h:30,
                 from ../Middlewares/ST/STM32_USB_Device_Library/Core/Inc/usbd_def.h:28,
                 from ../USB_DEVICE/App/usb_device.h:32,
                 from ../Core/Src/main.c:21:
C:\ST\STM32CubeIDE_1.19.0\STM32CubeIDE\plugins\com.st.stm32cube.ide.mcu.externaltools.gnu-tools-for-stm32.13.3.rel1.win32_1.0.0.202411081344\tools\bin/../lib/gcc/arm-none-eabi/13.3.1/../../../../arm-none-eabi/include/stdio.h:250:18: note: expected 'char * restrict' but argument is of type 'uint8_t *' {aka 'unsigned char *'}
  250 | int     sprintf (char *__restrict, const char *__restrict, ...)
      |                  ^
../Core/Src/main.c:106:39: warning: format '%p' expects argument of type 'void *', but argument 3 has type 'unsigned int' [-Wformat=]
  106 |   sprintf(buffer, "printf address: 0x%p \n", (uintptr_t)printf);
      |                                      ~^      ~~~~~~~~~~~~~~~~~
      |                                       |      |
      |                                       void * unsigned int
      |                                      %d
arm-none-eabi-gcc -o "SecureBoot-1-App.elf" @"objects.list"   -mcpu=cortex-m4 -T"C:\Users\Matyas\STM32CubeIDE\workspace_1.19.0\SecureBoot-1-App\STM32F401CDUX_FLASH_RAM.ld" --specs=nosys.specs -Wl,-Map="SecureBoot-1-App.map" -Wl,--gc-sections -static --specs=nano.specs -mfpu=fpv4-sp-d16 -mfloat-abi=hard -mthumb -Wl,--start-group -lc -lm -Wl,--end-group
Finished building target: SecureBoot-1-App.elf
 
arm-none-eabi-size  SecureBoot-1-App.elf 
arm-none-eabi-objdump -h -S SecureBoot-1-App.elf  > "SecureBoot-1-App.list"
   text	   data	    bss	    dec	    hex	filename
  33224	    344	   9048	  42616	   a678	SecureBoot-1-App.elf
Finished building: default.size.stdout
 
Finished building: SecureBoot-1-App.list
 
11:49:02 **** Incremental Build of configuration Debug for project SecureBoot-1 ****
make -j16 all 
arm-none-eabi-gcc "../Core/Src/main.c" -mcpu=cortex-m4 -std=gnu11 -g3 -DDEBUG -DUSE_HAL_DRIVER -DSTM32F401xE -c -I../Core/Inc -I../Drivers/STM32F4xx_HAL_Driver/Inc -I../Drivers/STM32F4xx_HAL_Driver/Inc/Legacy -I../Drivers/CMSIS/Device/ST/STM32F4xx/Include -I../Drivers/CMSIS/Include -I../USB_DEVICE/App -I../USB_DEVICE/Target -I../Middlewares/ST/STM32_USB_Device_Library/Core/Inc -I../Middlewares/ST/STM32_USB_Device_Library/Class/CDC/Inc -O0 -ffunction-sections -fdata-sections -Wall -fstack-usage -fcyclomatic-complexity -MMD -MP -MF"Core/Src/main.d" -MT"Core/Src/main.o" --specs=nano.specs -mfpu=fpv4-sp-d16 -mfloat-abi=hard -mthumb -o "Core/Src/main.o"
../Core/Src/main.c: In function 'main':
../Core/Src/main.c:251:25: warning: unused variable 'copy_table_entries' [-Wunused-variable]
  251 |   section_copy_entry_t *copy_table_entries = (section_copy_entry_t *)(*copy_table_ptr_addr);
      |                         ^~~~~~~~~~~~~~~~~~
../Core/Src/main.c:198:25: warning: unused variable 'copy_table' [-Wunused-variable]
  198 |   section_copy_entry_t *copy_table = (section_copy_entry_t *)(app_flash_base + copy_table_flash_offset);
      |                         ^~~~~~~~~~
arm-none-eabi-gcc -o "SecureBoot-1.elf" @"objects.list"   -mcpu=cortex-m4 -T"C:\Users\Matyas\STM32CubeIDE\workspace_1.19.0\SecureBoot-1\STM32F401CDUX_FLASH_RAM.ld" --specs=nosys.specs -Wl,-Map="SecureBoot-1.map" -Wl,--gc-sections -static --specs=nano.specs -mfpu=fpv4-sp-d16 -mfloat-abi=hard -mthumb -Wl,--start-group -lc -lm -Wl,--end-group
Finished building target: SecureBoot-1.elf
 
arm-none-eabi-size  SecureBoot-1.elf 
arm-none-eabi-objdump -h -S SecureBoot-1.elf  > "SecureBoot-1.list"
   text	   data	    bss	    dec	    hex	filename
  33820	    344	   9056	  43220	   a8d4	SecureBoot-1.elf
Finished building: default.size.stdout
 
Finished building: SecureBoot-1.list
 
11:49:51 **** Incremental Build of configuration Debug for project SecureBoot-1-App ****
make -j16 all 
arm-none-eabi-size  SecureBoot-1-App.elf 
   text	   data	    bss	    dec	    hex	filename
  33224	    344	   9048	  42616	   a678	SecureBoot-1-App.elf
Finished building: default.size.stdout
 
11:50:14 **** Incremental Build of configuration Debug for project SecureBoot-1 ****
make -j16 all 
arm-none-eabi-gcc "../Core/Src/main.c" -mcpu=cortex-m4 -std=gnu11 -g3 -DDEBUG -DUSE_HAL_DRIVER -DSTM32F401xE -c -I../Core/Inc -I../Drivers/STM32F4xx_HAL_Driver/Inc -I../Drivers/STM32F4xx_HAL_Driver/Inc/Legacy -I../Drivers/CMSIS/Device/ST/STM32F4xx/Include -I../Drivers/CMSIS/Include -I../USB_DEVICE/App -I../USB_DEVICE/Target -I../Middlewares/ST/STM32_USB_Device_Library/Core/Inc -I../Middlewares/ST/STM32_USB_Device_Library/Class/CDC/Inc -O0 -ffunction-sections -fdata-sections -Wall -fstack-usage -fcyclomatic-complexity -MMD -MP -MF"Core/Src/main.d" -MT"Core/Src/main.o" --specs=nano.specs -mfpu=fpv4-sp-d16 -mfloat-abi=hard -mthumb -o "Core/Src/main.o"
../Core/Src/main.c: In function 'main':
../Core/Src/main.c:251:25: warning: unused variable 'copy_table_entries' [-Wunused-variable]
  251 |   section_copy_entry_t *copy_table_entries = (section_copy_entry_t *)(*copy_table_ptr_addr);
      |                         ^~~~~~~~~~~~~~~~~~
../Core/Src/main.c:198:25: warning: unused variable 'copy_table' [-Wunused-variable]
  198 |   section_copy_entry_t *copy_table = (section_copy_entry_t *)(app_flash_base + copy_table_flash_offset);
      |                         ^~~~~~~~~~
arm-none-eabi-gcc -o "SecureBoot-1.elf" @"objects.list"   -mcpu=cortex-m4 -T"C:\Users\Matyas\STM32CubeIDE\workspace_1.19.0\SecureBoot-1\STM32F401CDUX_FLASH_RAM.ld" --specs=nosys.specs -Wl,-Map="SecureBoot-1.map" -Wl,--gc-sections -static --specs=nano.specs -mfpu=fpv4-sp-d16 -mfloat-abi=hard -mthumb -Wl,--start-group -lc -lm -Wl,--end-group
Finished building target: SecureBoot-1.elf
 
arm-none-eabi-size  SecureBoot-1.elf 
arm-none-eabi-objdump -h -S SecureBoot-1.elf  > "SecureBoot-1.list"
   text	   data	    bss	    dec	    hex	filename
  33820	    344	   9056	  43220	   a8d4	SecureBoot-1.elf
Finished building: default.size.stdout
 
Finished building: SecureBoot-1.list
 
11:53:38 **** Incremental Build of configuration Debug for project SecureBoot-1-App ****
make -j16 all 
arm-none-eabi-gcc "../Core/Src/main.c" -mcpu=cortex-m4 -std=gnu11 -g3 -DDEBUG -DUSE_HAL_DRIVER -DSTM32F401xE -c -I../Core/Inc -I../Drivers/STM32F4xx_HAL_Driver/Inc -I../Drivers/STM32F4xx_HAL_Driver/Inc/Legacy -I../Drivers/CMSIS/Device/ST/STM32F4xx/Include -I../Drivers/CMSIS/Include -I../USB_DEVICE/App -I../USB_DEVICE/Target -I../Middlewares/ST/STM32_USB_Device_Library/Core/Inc -I../Middlewares/ST/STM32_USB_Device_Library/Class/CDC/Inc -O0 -ffunction-sections -fdata-sections -Wall -fstack-usage -fcyclomatic-complexity -MMD -MP -MF"Core/Src/main.d" -MT"Core/Src/main.o" --specs=nano.specs -mfpu=fpv4-sp-d16 -mfloat-abi=hard -mthumb -o "Core/Src/main.o"
../Core/Src/main.c: In function 'main':
../Core/Src/main.c:106:11: warning: pointer targets in passing argument 1 of 'sprintf' differ in signedness [-Wpointer-sign]
  106 |   sprintf(buffer, "printf address: 0x%p \n", (uintptr_t)printf);
      |           ^~~~~~
      |           |
      |           uint8_t * {aka unsigned char *}
In file included from ../USB_DEVICE/Target/usbd_conf.h:30,
                 from ../Middlewares/ST/STM32_USB_Device_Library/Core/Inc/usbd_def.h:28,
                 from ../USB_DEVICE/App/usb_device.h:32,
                 from ../Core/Src/main.c:21:
C:\ST\STM32CubeIDE_1.19.0\STM32CubeIDE\plugins\com.st.stm32cube.ide.mcu.externaltools.gnu-tools-for-stm32.13.3.rel1.win32_1.0.0.202411081344\tools\bin/../lib/gcc/arm-none-eabi/13.3.1/../../../../arm-none-eabi/include/stdio.h:250:18: note: expected 'char * restrict' but argument is of type 'uint8_t *' {aka 'unsigned char *'}
  250 | int     sprintf (char *__restrict, const char *__restrict, ...)
      |                  ^
../Core/Src/main.c:106:39: warning: format '%p' expects argument of type 'void *', but argument 3 has type 'unsigned int' [-Wformat=]
  106 |   sprintf(buffer, "printf address: 0x%p \n", (uintptr_t)printf);
      |                                      ~^      ~~~~~~~~~~~~~~~~~
      |                                       |      |
      |                                       void * unsigned int
      |                                      %d
../Core/Src/main.c: At top level:
../Core/Src/main.c:178:13: warning: 'MX_GPIO_Init' defined but not used [-Wunused-function]
  178 | static void MX_GPIO_Init(void)
      |             ^~~~~~~~~~~~
arm-none-eabi-gcc -o "SecureBoot-1-App.elf" @"objects.list"   -mcpu=cortex-m4 -T"C:\Users\Matyas\STM32CubeIDE\workspace_1.19.0\SecureBoot-1-App\STM32F401CDUX_FLASH_RAM.ld" --specs=nosys.specs -Wl,-Map="SecureBoot-1-App.map" -Wl,--gc-sections -static --specs=nano.specs -mfpu=fpv4-sp-d16 -mfloat-abi=hard -mthumb -Wl,--start-group -lc -lm -Wl,--end-group
Finished building target: SecureBoot-1-App.elf
 
arm-none-eabi-size  SecureBoot-1-App.elf 
arm-none-eabi-objdump -h -S SecureBoot-1-App.elf  > "SecureBoot-1-App.list"
   text	   data	    bss	    dec	    hex	filename
  24656	    104	   3896	  28656	   6ff0	SecureBoot-1-App.elf
Finished building: default.size.stdout
 
Finished building: SecureBoot-1-App.list
 
11:56:22 **** Incremental Build of configuration Debug for project SecureBoot-1 ****
make -j16 all 
arm-none-eabi-gcc "../Core/Src/main.c" -mcpu=cortex-m4 -std=gnu11 -g3 -DDEBUG -DUSE_HAL_DRIVER -DSTM32F401xE -c -I../Core/Inc -I../Drivers/STM32F4xx_HAL_Driver/Inc -I../Drivers/STM32F4xx_HAL_Driver/Inc/Legacy -I../Drivers/CMSIS/Device/ST/STM32F4xx/Include -I../Drivers/CMSIS/Include -I../USB_DEVICE/App -I../USB_DEVICE/Target -I../Middlewares/ST/STM32_USB_Device_Library/Core/Inc -I../Middlewares/ST/STM32_USB_Device_Library/Class/CDC/Inc -O0 -ffunction-sections -fdata-sections -Wall -fstack-usage -fcyclomatic-complexity -MMD -MP -MF"Core/Src/main.d" -MT"Core/Src/main.o" --specs=nano.specs -mfpu=fpv4-sp-d16 -mfloat-abi=hard -mthumb -o "Core/Src/main.o"
../Core/Src/main.c: In function 'main':
../Core/Src/main.c:122:39: error: 'image_number' undeclared (first use in this function)
  122 |   printf("Bootloader loaded: %d\r\n", image_number);
      |                                       ^~~~~~~~~~~~
../Core/Src/main.c:122:39: note: each undeclared identifier is reported only once for each function it appears in
../Core/Src/main.c:251:25: warning: unused variable 'copy_table_entries' [-Wunused-variable]
  251 |   section_copy_entry_t *copy_table_entries = (section_copy_entry_t *)(*copy_table_ptr_addr);
      |                         ^~~~~~~~~~~~~~~~~~
../Core/Src/main.c:198:25: warning: unused variable 'copy_table' [-Wunused-variable]
  198 |   section_copy_entry_t *copy_table = (section_copy_entry_t *)(app_flash_base + copy_table_flash_offset);
      |                         ^~~~~~~~~~
../Core/Src/main.c: At top level:
../Core/Src/main.c:401:13: warning: 'MX_CRC_Init' defined but not used [-Wunused-function]
  401 | static void MX_CRC_Init(void)
      |             ^~~~~~~~~~~
make: *** [Core/Src/subdir.mk:43: Core/Src/main.o] Error 1
"make -j16 all" terminated with exit code 2. Build might be incomplete.
11:56:45 **** Incremental Build of configuration Debug for project SecureBoot-1 ****
make -j16 all 
arm-none-eabi-gcc "../Core/Src/main.c" -mcpu=cortex-m4 -std=gnu11 -g3 -DDEBUG -DUSE_HAL_DRIVER -DSTM32F401xE -c -I../Core/Inc -I../Drivers/STM32F4xx_HAL_Driver/Inc -I../Drivers/STM32F4xx_HAL_Driver/Inc/Legacy -I../Drivers/CMSIS/Device/ST/STM32F4xx/Include -I../Drivers/CMSIS/Include -I../USB_DEVICE/App -I../USB_DEVICE/Target -I../Middlewares/ST/STM32_USB_Device_Library/Core/Inc -I../Middlewares/ST/STM32_USB_Device_Library/Class/CDC/Inc -O0 -ffunction-sections -fdata-sections -Wall -fstack-usage -fcyclomatic-complexity -MMD -MP -MF"Core/Src/main.d" -MT"Core/Src/main.o" --specs=nano.specs -mfpu=fpv4-sp-d16 -mfloat-abi=hard -mthumb -o "Core/Src/main.o"
../Core/Src/main.c: In function 'main':
../Core/Src/main.c:251:25: warning: unused variable 'copy_table_entries' [-Wunused-variable]
  251 |   section_copy_entry_t *copy_table_entries = (section_copy_entry_t *)(*copy_table_ptr_addr);
      |                         ^~~~~~~~~~~~~~~~~~
../Core/Src/main.c:198:25: warning: unused variable 'copy_table' [-Wunused-variable]
  198 |   section_copy_entry_t *copy_table = (section_copy_entry_t *)(app_flash_base + copy_table_flash_offset);
      |                         ^~~~~~~~~~
../Core/Src/main.c: At top level:
../Core/Src/main.c:401:13: warning: 'MX_CRC_Init' defined but not used [-Wunused-function]
  401 | static void MX_CRC_Init(void)
      |             ^~~~~~~~~~~
arm-none-eabi-gcc -o "SecureBoot-1.elf" @"objects.list"   -mcpu=cortex-m4 -T"C:\Users\Matyas\STM32CubeIDE\workspace_1.19.0\SecureBoot-1\STM32F401CDUX_FLASH_RAM.ld" --specs=nosys.specs -Wl,-Map="SecureBoot-1.map" -Wl,--gc-sections -static --specs=nano.specs -mfpu=fpv4-sp-d16 -mfloat-abi=hard -mthumb -Wl,--start-group -lc -lm -Wl,--end-group
Finished building target: SecureBoot-1.elf
 
arm-none-eabi-size  SecureBoot-1.elf 
arm-none-eabi-objdump -h -S SecureBoot-1.elf  > "SecureBoot-1.list"
   text	   data	    bss	    dec	    hex	filename
  33656	    344	   9048	  43048	   a828	SecureBoot-1.elf
Finished building: default.size.stdout
 
Finished building: SecureBoot-1.list
 
11:56:46 **** Incremental Build of configuration Debug for project SecureBoot-1 ****
make -j16 all 
arm-none-eabi-size  SecureBoot-1.elf 
   text	   data	    bss	    dec	    hex	filename
  33656	    344	   9048	  43048	   a828	SecureBoot-1.elf
Finished building: default.size.stdout
 
12:04:52 **** Incremental Build of configuration Debug for project SecureBoot-1-App ****
make -j16 all 
arm-none-eabi-gcc "../Core/Src/main.c" -mcpu=cortex-m4 -std=gnu11 -g3 -DDEBUG -DUSE_HAL_DRIVER -DSTM32F401xE -c -I../Core/Inc -I../Drivers/STM32F4xx_HAL_Driver/Inc -I../Drivers/STM32F4xx_HAL_Driver/Inc/Legacy -I../Drivers/CMSIS/Device/ST/STM32F4xx/Include -I../Drivers/CMSIS/Include -I../USB_DEVICE/App -I../USB_DEVICE/Target -I../Middlewares/ST/STM32_USB_Device_Library/Core/Inc -I../Middlewares/ST/STM32_USB_Device_Library/Class/CDC/Inc -O0 -ffunction-sections -fdata-sections -Wall -fstack-usage -fcyclomatic-complexity -MMD -MP -MF"Core/Src/main.d" -MT"Core/Src/main.o" --specs=nano.specs -mfpu=fpv4-sp-d16 -mfloat-abi=hard -mthumb -o "Core/Src/main.o"
../Core/Src/main.c: In function 'main':
../Core/Src/main.c:106:11: warning: pointer targets in passing argument 1 of 'sprintf' differ in signedness [-Wpointer-sign]
  106 |   sprintf(buffer, "printf address: 0x%p \n", (uintptr_t)printf);
      |           ^~~~~~
      |           |
      |           uint8_t * {aka unsigned char *}
In file included from ../USB_DEVICE/Target/usbd_conf.h:30,
                 from ../Middlewares/ST/STM32_USB_Device_Library/Core/Inc/usbd_def.h:28,
                 from ../USB_DEVICE/App/usb_device.h:32,
                 from ../Core/Src/main.c:21:
C:\ST\STM32CubeIDE_1.19.0\STM32CubeIDE\plugins\com.st.stm32cube.ide.mcu.externaltools.gnu-tools-for-stm32.13.3.rel1.win32_1.0.0.202411081344\tools\bin/../lib/gcc/arm-none-eabi/13.3.1/../../../../arm-none-eabi/include/stdio.h:250:18: note: expected 'char * restrict' but argument is of type 'uint8_t *' {aka 'unsigned char *'}
  250 | int     sprintf (char *__restrict, const char *__restrict, ...)
      |                  ^
../Core/Src/main.c:106:39: warning: format '%p' expects argument of type 'void *', but argument 3 has type 'unsigned int' [-Wformat=]
  106 |   sprintf(buffer, "printf address: 0x%p \n", (uintptr_t)printf);
      |                                      ~^      ~~~~~~~~~~~~~~~~~
      |                                       |      |
      |                                       void * unsigned int
      |                                      %d
../Core/Src/main.c: At top level:
../Core/Src/main.c:178:13: warning: 'MX_GPIO_Init' defined but not used [-Wunused-function]
  178 | static void MX_GPIO_Init(void)
      |             ^~~~~~~~~~~~
arm-none-eabi-gcc -o "SecureBoot-1-App.elf" @"objects.list"   -mcpu=cortex-m4 -T"C:\Users\Matyas\STM32CubeIDE\workspace_1.19.0\SecureBoot-1-App\STM32F401CDUX_FLASH_RAM.ld" --specs=nosys.specs -Wl,-Map="SecureBoot-1-App.map" -Wl,--gc-sections -static --specs=nano.specs -mfpu=fpv4-sp-d16 -mfloat-abi=hard -mthumb -Wl,--start-group -lc -lm -Wl,--end-group
Finished building target: SecureBoot-1-App.elf
 
arm-none-eabi-size  SecureBoot-1-App.elf 
arm-none-eabi-objdump -h -S SecureBoot-1-App.elf  > "SecureBoot-1-App.list"
   text	   data	    bss	    dec	    hex	filename
  24656	    104	   3896	  28656	   6ff0	SecureBoot-1-App.elf
Finished building: default.size.stdout
 
Finished building: SecureBoot-1-App.list
 
12:05:18 **** Incremental Build of configuration Debug for project SecureBoot-1-App ****
make -j16 all 
arm-none-eabi-gcc "../Core/Src/main.c" -mcpu=cortex-m4 -std=gnu11 -g3 -DDEBUG -DUSE_HAL_DRIVER -DSTM32F401xE -c -I../Core/Inc -I../Drivers/STM32F4xx_HAL_Driver/Inc -I../Drivers/STM32F4xx_HAL_Driver/Inc/Legacy -I../Drivers/CMSIS/Device/ST/STM32F4xx/Include -I../Drivers/CMSIS/Include -I../USB_DEVICE/App -I../USB_DEVICE/Target -I../Middlewares/ST/STM32_USB_Device_Library/Core/Inc -I../Middlewares/ST/STM32_USB_Device_Library/Class/CDC/Inc -O0 -ffunction-sections -fdata-sections -Wall -fstack-usage -fcyclomatic-complexity -MMD -MP -MF"Core/Src/main.d" -MT"Core/Src/main.o" --specs=nano.specs -mfpu=fpv4-sp-d16 -mfloat-abi=hard -mthumb -o "Core/Src/main.o"
../Core/Src/main.c: In function 'main':
../Core/Src/main.c:106:11: warning: pointer targets in passing argument 1 of 'sprintf' differ in signedness [-Wpointer-sign]
  106 |   sprintf(buffer, "printf address: 0x%p \n", (uintptr_t)printf);
      |           ^~~~~~
      |           |
      |           uint8_t * {aka unsigned char *}
In file included from ../USB_DEVICE/Target/usbd_conf.h:30,
                 from ../Middlewares/ST/STM32_USB_Device_Library/Core/Inc/usbd_def.h:28,
                 from ../USB_DEVICE/App/usb_device.h:32,
                 from ../Core/Src/main.c:21:
C:\ST\STM32CubeIDE_1.19.0\STM32CubeIDE\plugins\com.st.stm32cube.ide.mcu.externaltools.gnu-tools-for-stm32.13.3.rel1.win32_1.0.0.202411081344\tools\bin/../lib/gcc/arm-none-eabi/13.3.1/../../../../arm-none-eabi/include/stdio.h:250:18: note: expected 'char * restrict' but argument is of type 'uint8_t *' {aka 'unsigned char *'}
  250 | int     sprintf (char *__restrict, const char *__restrict, ...)
      |                  ^
../Core/Src/main.c:106:39: warning: format '%p' expects argument of type 'void *', but argument 3 has type 'unsigned int' [-Wformat=]
  106 |   sprintf(buffer, "printf address: 0x%p \n", (uintptr_t)printf);
      |                                      ~^      ~~~~~~~~~~~~~~~~~
      |                                       |      |
      |                                       void * unsigned int
      |                                      %d
arm-none-eabi-gcc -o "SecureBoot-1-App.elf" @"objects.list"   -mcpu=cortex-m4 -T"C:\Users\Matyas\STM32CubeIDE\workspace_1.19.0\SecureBoot-1-App\STM32F401CDUX_FLASH_RAM.ld" --specs=nosys.specs -Wl,-Map="SecureBoot-1-App.map" -Wl,--gc-sections -static --specs=nano.specs -mfpu=fpv4-sp-d16 -mfloat-abi=hard -mthumb -Wl,--start-group -lc -lm -Wl,--end-group
Finished building target: SecureBoot-1-App.elf
 
arm-none-eabi-size  SecureBoot-1-App.elf 
arm-none-eabi-objdump -h -S SecureBoot-1-App.elf  > "SecureBoot-1-App.list"
   text	   data	    bss	    dec	    hex	filename
  33224	    344	   9048	  42616	   a678	SecureBoot-1-App.elf
Finished building: default.size.stdout
 
Finished building: SecureBoot-1-App.list
 
12:05:47 **** Incremental Build of configuration Debug for project SecureBoot-1 ****
make -j16 all 
arm-none-eabi-gcc "../Core/Src/main.c" -mcpu=cortex-m4 -std=gnu11 -g3 -DDEBUG -DUSE_HAL_DRIVER -DSTM32F401xE -c -I../Core/Inc -I../Drivers/STM32F4xx_HAL_Driver/Inc -I../Drivers/STM32F4xx_HAL_Driver/Inc/Legacy -I../Drivers/CMSIS/Device/ST/STM32F4xx/Include -I../Drivers/CMSIS/Include -I../USB_DEVICE/App -I../USB_DEVICE/Target -I../Middlewares/ST/STM32_USB_Device_Library/Core/Inc -I../Middlewares/ST/STM32_USB_Device_Library/Class/CDC/Inc -O0 -ffunction-sections -fdata-sections -Wall -fstack-usage -fcyclomatic-complexity -MMD -MP -MF"Core/Src/main.d" -MT"Core/Src/main.o" --specs=nano.specs -mfpu=fpv4-sp-d16 -mfloat-abi=hard -mthumb -o "Core/Src/main.o"
../Core/Src/main.c: In function 'main':
../Core/Src/main.c:251:25: warning: unused variable 'copy_table_entries' [-Wunused-variable]
  251 |   section_copy_entry_t *copy_table_entries = (section_copy_entry_t *)(*copy_table_ptr_addr);
      |                         ^~~~~~~~~~~~~~~~~~
../Core/Src/main.c:198:25: warning: unused variable 'copy_table' [-Wunused-variable]
  198 |   section_copy_entry_t *copy_table = (section_copy_entry_t *)(app_flash_base + copy_table_flash_offset);
      |                         ^~~~~~~~~~
../Core/Src/main.c: At top level:
../Core/Src/main.c:403:13: warning: 'MX_CRC_Init' defined but not used [-Wunused-function]
  403 | static void MX_CRC_Init(void)
      |             ^~~~~~~~~~~
arm-none-eabi-gcc -o "SecureBoot-1.elf" @"objects.list"   -mcpu=cortex-m4 -T"C:\Users\Matyas\STM32CubeIDE\workspace_1.19.0\SecureBoot-1\STM32F401CDUX_FLASH_RAM.ld" --specs=nosys.specs -Wl,-Map="SecureBoot-1.map" -Wl,--gc-sections -static --specs=nano.specs -mfpu=fpv4-sp-d16 -mfloat-abi=hard -mthumb -Wl,--start-group -lc -lm -Wl,--end-group
Finished building target: SecureBoot-1.elf
 
arm-none-eabi-size  SecureBoot-1.elf 
arm-none-eabi-objdump -h -S SecureBoot-1.elf  > "SecureBoot-1.list"
   text	   data	    bss	    dec	    hex	filename
  33768	    344	   9048	  43160	   a898	SecureBoot-1.elf
Finished building: default.size.stdout
 
Finished building: SecureBoot-1.list
 
12:27:37 **** Incremental Build of configuration Debug for project SecureBoot-1-App ****
make -j16 all 
arm-none-eabi-gcc "../Core/Src/main.c" -mcpu=cortex-m4 -std=gnu11 -g3 -DDEBUG -DUSE_HAL_DRIVER -DSTM32F401xE -c -I../Core/Inc -I../Drivers/STM32F4xx_HAL_Driver/Inc -I../Drivers/STM32F4xx_HAL_Driver/Inc/Legacy -I../Drivers/CMSIS/Device/ST/STM32F4xx/Include -I../Drivers/CMSIS/Include -I../USB_DEVICE/App -I../USB_DEVICE/Target -I../Middlewares/ST/STM32_USB_Device_Library/Core/Inc -I../Middlewares/ST/STM32_USB_Device_Library/Class/CDC/Inc -O0 -ffunction-sections -fdata-sections -Wall -fstack-usage -fcyclomatic-complexity -MMD -MP -MF"Core/Src/main.d" -MT"Core/Src/main.o" --specs=nano.specs -mfpu=fpv4-sp-d16 -mfloat-abi=hard -mthumb -o "Core/Src/main.o"
../Core/Src/main.c: In function 'main':
../Core/Src/main.c:106:11: warning: pointer targets in passing argument 1 of 'sprintf' differ in signedness [-Wpointer-sign]
  106 |   sprintf(buffer, "printf address: 0x%p \n", (uintptr_t)printf);
      |           ^~~~~~
      |           |
      |           uint8_t * {aka unsigned char *}
In file included from ../USB_DEVICE/Target/usbd_conf.h:30,
                 from ../Middlewares/ST/STM32_USB_Device_Library/Core/Inc/usbd_def.h:28,
                 from ../USB_DEVICE/App/usb_device.h:32,
                 from ../Core/Src/main.c:21:
C:\ST\STM32CubeIDE_1.19.0\STM32CubeIDE\plugins\com.st.stm32cube.ide.mcu.externaltools.gnu-tools-for-stm32.13.3.rel1.win32_1.0.0.202411081344\tools\bin/../lib/gcc/arm-none-eabi/13.3.1/../../../../arm-none-eabi/include/stdio.h:250:18: note: expected 'char * restrict' but argument is of type 'uint8_t *' {aka 'unsigned char *'}
  250 | int     sprintf (char *__restrict, const char *__restrict, ...)
      |                  ^
../Core/Src/main.c:106:39: warning: format '%p' expects argument of type 'void *', but argument 3 has type 'unsigned int' [-Wformat=]
  106 |   sprintf(buffer, "printf address: 0x%p \n", (uintptr_t)printf);
      |                                      ~^      ~~~~~~~~~~~~~~~~~
      |                                       |      |
      |                                       void * unsigned int
      |                                      %d
arm-none-eabi-gcc -o "SecureBoot-1-App.elf" @"objects.list"   -mcpu=cortex-m4 -T"C:\Users\Matyas\STM32CubeIDE\workspace_1.19.0\SecureBoot-1-App\STM32F401CDUX_FLASH_RAM.ld" --specs=nosys.specs -Wl,-Map="SecureBoot-1-App.map" -Wl,--gc-sections -static --specs=nano.specs -mfpu=fpv4-sp-d16 -mfloat-abi=hard -mthumb -Wl,--start-group -lc -lm -Wl,--end-group
Finished building target: SecureBoot-1-App.elf
 
arm-none-eabi-size  SecureBoot-1-App.elf 
arm-none-eabi-objdump -h -S SecureBoot-1-App.elf  > "SecureBoot-1-App.list"
   text	   data	    bss	    dec	    hex	filename
  33412	    344	   9044	  42800	   a730	SecureBoot-1-App.elf
Finished building: default.size.stdout
 
Finished building: SecureBoot-1-App.list
 
12:28:11 **** Incremental Build of configuration Debug for project SecureBoot-1 ****
make -j16 all 
arm-none-eabi-gcc "../Core/Src/main.c" -mcpu=cortex-m4 -std=gnu11 -g3 -DDEBUG -DUSE_HAL_DRIVER -DSTM32F401xE -c -I../Core/Inc -I../Drivers/STM32F4xx_HAL_Driver/Inc -I../Drivers/STM32F4xx_HAL_Driver/Inc/Legacy -I../Drivers/CMSIS/Device/ST/STM32F4xx/Include -I../Drivers/CMSIS/Include -I../USB_DEVICE/App -I../USB_DEVICE/Target -I../Middlewares/ST/STM32_USB_Device_Library/Core/Inc -I../Middlewares/ST/STM32_USB_Device_Library/Class/CDC/Inc -O0 -ffunction-sections -fdata-sections -Wall -fstack-usage -fcyclomatic-complexity -MMD -MP -MF"Core/Src/main.d" -MT"Core/Src/main.o" --specs=nano.specs -mfpu=fpv4-sp-d16 -mfloat-abi=hard -mthumb -o "Core/Src/main.o"
../Core/Src/main.c: In function 'main':
../Core/Src/main.c:251:25: warning: unused variable 'copy_table_entries' [-Wunused-variable]
  251 |   section_copy_entry_t *copy_table_entries = (section_copy_entry_t *)(*copy_table_ptr_addr);
      |                         ^~~~~~~~~~~~~~~~~~
../Core/Src/main.c:198:25: warning: unused variable 'copy_table' [-Wunused-variable]
  198 |   section_copy_entry_t *copy_table = (section_copy_entry_t *)(app_flash_base + copy_table_flash_offset);
      |                         ^~~~~~~~~~
../Core/Src/main.c: At top level:
../Core/Src/main.c:403:13: warning: 'MX_CRC_Init' defined but not used [-Wunused-function]
  403 | static void MX_CRC_Init(void)
      |             ^~~~~~~~~~~
arm-none-eabi-gcc -o "SecureBoot-1.elf" @"objects.list"   -mcpu=cortex-m4 -T"C:\Users\Matyas\STM32CubeIDE\workspace_1.19.0\SecureBoot-1\STM32F401CDUX_FLASH_RAM.ld" --specs=nosys.specs -Wl,-Map="SecureBoot-1.map" -Wl,--gc-sections -static --specs=nano.specs -mfpu=fpv4-sp-d16 -mfloat-abi=hard -mthumb -Wl,--start-group -lc -lm -Wl,--end-group
Finished building target: SecureBoot-1.elf
 
arm-none-eabi-size  SecureBoot-1.elf 
arm-none-eabi-objdump -h -S SecureBoot-1.elf  > "SecureBoot-1.list"
   text	   data	    bss	    dec	    hex	filename
  33768	    344	   9048	  43160	   a898	SecureBoot-1.elf
Finished building: default.size.stdout
 
Finished building: SecureBoot-1.list
 
12:30:10 **** Incremental Build of configuration Debug for project SecureBoot-1 ****
make -j16 all 
arm-none-eabi-gcc "../Core/Src/main.c" -mcpu=cortex-m4 -std=gnu11 -g3 -DDEBUG -DUSE_HAL_DRIVER -DSTM32F401xE -c -I../Core/Inc -I../Drivers/STM32F4xx_HAL_Driver/Inc -I../Drivers/STM32F4xx_HAL_Driver/Inc/Legacy -I../Drivers/CMSIS/Device/ST/STM32F4xx/Include -I../Drivers/CMSIS/Include -I../USB_DEVICE/App -I../USB_DEVICE/Target -I../Middlewares/ST/STM32_USB_Device_Library/Core/Inc -I../Middlewares/ST/STM32_USB_Device_Library/Class/CDC/Inc -O0 -ffunction-sections -fdata-sections -Wall -fstack-usage -fcyclomatic-complexity -MMD -MP -MF"Core/Src/main.d" -MT"Core/Src/main.o" --specs=nano.specs -mfpu=fpv4-sp-d16 -mfloat-abi=hard -mthumb -o "Core/Src/main.o"
../Core/Src/main.c: In function 'main':
../Core/Src/main.c:189:3: warning: implicit declaration of function 'USBD_DeInit'; did you mean 'USB_DevInit'? [-Wimplicit-function-declaration]
  189 |   USBD_DeInit(&hUsbDeviceFS);
      |   ^~~~~~~~~~~
      |   USB_DevInit
../Core/Src/main.c: At top level:
../Core/Src/main.c:280:13: warning: 'MX_CRC_Init' defined but not used [-Wunused-function]
  280 | static void MX_CRC_Init(void)
      |             ^~~~~~~~~~~
arm-none-eabi-gcc -o "SecureBoot-1.elf" @"objects.list"   -mcpu=cortex-m4 -T"C:\Users\Matyas\STM32CubeIDE\workspace_1.19.0\SecureBoot-1\STM32F401CDUX_FLASH_RAM.ld" --specs=nosys.specs -Wl,-Map="SecureBoot-1.map" -Wl,--gc-sections -static --specs=nano.specs -mfpu=fpv4-sp-d16 -mfloat-abi=hard -mthumb -Wl,--start-group -lc -lm -Wl,--end-group
Finished building target: SecureBoot-1.elf
 
arm-none-eabi-size  SecureBoot-1.elf 
arm-none-eabi-objdump -h -S SecureBoot-1.elf  > "SecureBoot-1.list"
   text	   data	    bss	    dec	    hex	filename
  34936	    344	   9048	  44328	   ad28	SecureBoot-1.elf
Finished building: default.size.stdout
 
Finished building: SecureBoot-1.list
 
