12:27:37 **** Incremental Build of configuration Debug for project SecureBoot-1-App ****
make -j16 all 
arm-none-eabi-gcc "../Core/Src/main.c" -mcpu=cortex-m4 -std=gnu11 -g3 -DDEBUG -DUSE_HAL_DRIVER -DSTM32F401xE -c -I../Core/Inc -I../Drivers/STM32F4xx_HAL_Driver/Inc -I../Drivers/STM32F4xx_HAL_Driver/Inc/Legacy -I../Drivers/CMSIS/Device/ST/STM32F4xx/Include -I../Drivers/CMSIS/Include -I../USB_DEVICE/App -I../USB_DEVICE/Target -I../Middlewares/ST/STM32_USB_Device_Library/Core/Inc -I../Middlewares/ST/STM32_USB_Device_Library/Class/CDC/Inc -O0 -ffunction-sections -fdata-sections -Wall -fstack-usage -fcyclomatic-complexity -MMD -MP -MF"Core/Src/main.d" -MT"Core/Src/main.o" --specs=nano.specs -mfpu=fpv4-sp-d16 -mfloat-abi=hard -mthumb -o "Core/Src/main.o"
../Core/Src/main.c: In function 'main':
../Core/Src/main.c:106:11: warning: pointer targets in passing argument 1 of 'sprintf' differ in signedness [-Wpointer-sign]
  106 |   sprintf(buffer, "printf address: 0x%p \n", (uintptr_t)printf);
      |           ^~~~~~
      |           |
      |           uint8_t * {aka unsigned char *}
In file included from ../USB_DEVICE/Target/usbd_conf.h:30,
                 from ../Middlewares/ST/STM32_USB_Device_Library/Core/Inc/usbd_def.h:28,
                 from ../USB_DEVICE/App/usb_device.h:32,
                 from ../Core/Src/main.c:21:
C:\ST\STM32CubeIDE_1.19.0\STM32CubeIDE\plugins\com.st.stm32cube.ide.mcu.externaltools.gnu-tools-for-stm32.13.3.rel1.win32_1.0.0.202411081344\tools\bin/../lib/gcc/arm-none-eabi/13.3.1/../../../../arm-none-eabi/include/stdio.h:250:18: note: expected 'char * restrict' but argument is of type 'uint8_t *' {aka 'unsigned char *'}
  250 | int     sprintf (char *__restrict, const char *__restrict, ...)
      |                  ^
../Core/Src/main.c:106:39: warning: format '%p' expects argument of type 'void *', but argument 3 has type 'unsigned int' [-Wformat=]
  106 |   sprintf(buffer, "printf address: 0x%p \n", (uintptr_t)printf);
      |                                      ~^      ~~~~~~~~~~~~~~~~~
      |                                       |      |
      |                                       void * unsigned int
      |                                      %d
arm-none-eabi-gcc -o "SecureBoot-1-App.elf" @"objects.list"   -mcpu=cortex-m4 -T"C:\Users\Matyas\STM32CubeIDE\workspace_1.19.0\SecureBoot-1-App\STM32F401CDUX_FLASH_RAM.ld" --specs=nosys.specs -Wl,-Map="SecureBoot-1-App.map" -Wl,--gc-sections -static --specs=nano.specs -mfpu=fpv4-sp-d16 -mfloat-abi=hard -mthumb -Wl,--start-group -lc -lm -Wl,--end-group
Finished building target: SecureBoot-1-App.elf
 
arm-none-eabi-size  SecureBoot-1-App.elf 
arm-none-eabi-objdump -h -S SecureBoot-1-App.elf  > "SecureBoot-1-App.list"
   text	   data	    bss	    dec	    hex	filename
  33412	    344	   9044	  42800	   a730	SecureBoot-1-App.elf
Finished building: default.size.stdout
 
Finished building: SecureBoot-1-App.list
 

12:27:38 Build Finished. 0 errors, 2 warnings. (took 920ms)

