14:25:55 **** Incremental Build of configuration Debug for project SecureBoot-1-App ****
make -j16 all 
arm-none-eabi-gcc -o "SecureBoot-1-App.elf" @"objects.list"   -mcpu=cortex-m4 -T"C:\Users\Matyas\STM32CubeIDE\workspace_1.19.0\SecureBoot-1-App\STM32F401CDUX_FLASH.ld" --specs=nosys.specs -Wl,-Map="SecureBoot-1-App.map" -Wl,--gc-sections -static --specs=nano.specs -mfpu=fpv4-sp-d16 -mfloat-abi=hard -mthumb -Wl,--start-group -lc -lm -Wl,--end-group
C:/ST/STM32CubeIDE_1.19.0/STM32CubeIDE/plugins/com.st.stm32cube.ide.mcu.externaltools.gnu-tools-for-stm32.13.3.rel1.win32_1.0.0.202411081344/tools/bin/../lib/gcc/arm-none-eabi/13.3.1/../../../../arm-none-eabi/bin/ld.exe: warning: SecureBoot-1-App.elf has a LOAD segment with RWX permissions
Finished building target: SecureBoot-1-App.elf
 
arm-none-eabi-size  SecureBoot-1-App.elf 
arm-none-eabi-objdump -h -S SecureBoot-1-App.elf  > "SecureBoot-1-App.list"
   text	   data	    bss	    dec	    hex	filename
  28008	    252	   8708	  36968	   9068	SecureBoot-1-App.elf
Finished building: default.size.stdout
 
Finished building: SecureBoot-1-App.list
 

14:25:57 Build Finished. 0 errors, 1 warnings. (took 1s.609ms)

